../Core/Src/main.c:79:5:main	8	static
../Core/Src/main.c:129:6:SystemClock_Config	88	static
../Core/Src/main.c:176:13:MX_ADC1_Init	24	static
../Core/Src/main.c:228:6:MX_CAN1_Init	56	static
../Core/Src/main.c:287:13:MX_SPI1_Init	8	static
../Core/Src/main.c:325:13:MX_SPI3_Init	8	static
../Core/Src/main.c:363:13:MX_TIM2_Init	32	static
../Core/Src/main.c:409:13:MX_GPIO_Init	48	static
../Core/Src/main.c:475:6:TIM2_IRQHandler	8	static
../Core/Src/main.c:480:6:HAL_TIM_PeriodElapsedCallback	16	static
../Core/Src/main.c:497:6:Error_Handler	4	static,ignoring_inline_asm
