../Core/Src/main.c:80:5:main	8	static
../Core/Src/main.c:130:6:SystemClock_Config	88	static
../Core/Src/main.c:177:13:MX_ADC1_Init	24	static
../Core/Src/main.c:229:6:MX_CAN1_Init	56	static
../Core/Src/main.c:315:13:MX_SPI1_Init	8	static
../Core/Src/main.c:353:13:MX_SPI3_Init	8	static
../Core/Src/main.c:391:13:MX_TIM2_Init	32	static
../Core/Src/main.c:437:13:MX_GPIO_Init	48	static
../Core/Src/main.c:503:6:TIM2_IRQHandler	8	static
../Core/Src/main.c:508:6:HAL_TIM_PeriodElapsedCallback	16	static
../Core/Src/main.c:525:6:Error_Handler	4	static,ignoring_inline_asm
