../Core/Src/torch_stm32.c:7:6:low_power_state	8	static
../Core/Src/torch_stm32.c:18:6:blink	8	static
../Core/Src/torch_stm32.c:35:6:fast_blink	8	static
../Core/Src/torch_stm32.c:52:6:pull_low	16	static
../Core/Src/torch_stm32.c:58:6:pull_high	16	static
../Core/Src/torch_stm32.c:64:6:wait	16	static
../Core/Src/torch_stm32.c:70:9:SPI_transmit	32	static
../Core/Src/torch_stm32.c:94:9:SPI_receive	48	static
../Core/Src/torch_stm32.c:119:6:start_timer	24	static
../Core/Src/torch_stm32.c:155:6:stop_timer	24	static
../Core/Src/torch_stm32.c:192:6:active_led_on	8	static
../Core/Src/torch_stm32.c:198:6:active_led_off	8	static
../Core/Src/torch_stm32.c:204:6:charge_led_on	8	static
../Core/Src/torch_stm32.c:210:6:charge_led_off	8	static
../Core/Src/torch_stm32.c:216:6:balance_led_on	8	static
../Core/Src/torch_stm32.c:222:6:balance_led_off	8	static
../Core/Src/torch_stm32.c:228:6:hot_led_on	8	static
../Core/Src/torch_stm32.c:234:6:hot_led_off	8	static
