../Core/Src/torch_diagnostic.c:12:6:full_diagnosis	8	static
../Core/Src/torch_diagnostic.c:48:6:quick_diagnosis	16	static
../Core/Src/torch_diagnostic.c:85:6:ltc6813_analog_supply_check	40	static
../Core/Src/torch_diagnostic.c:162:6:ltc6813_digital_supply_check	40	static
../Core/Src/torch_diagnostic.c:239:6:ltc6813_reference_check	40	static
../Core/Src/torch_diagnostic.c:316:6:ltc6813_temperature_check	48	static
../Core/Src/torch_diagnostic.c:400:6:open_cell_check	264	static
../Core/Src/torch_diagnostic.c:738:6:open_thermistor_check	104	static
../Core/Src/torch_diagnostic.c:768:6:mux_test	32	static
../Core/Src/torch_diagnostic.c:844:6:stat_register_test	72	static
../Core/Src/torch_diagnostic.c:1037:6:cell_register_test	144	static
../Core/Src/torch_diagnostic.c:1309:6:aux_register_test	136	static
../Core/Src/torch_diagnostic.c:1573:6:overlap_cell_measurement_test	72	static
