../Core/Src/torch_ltc6813.c:11:6:setup_PEC15	16	static
../Core/Src/torch_ltc6813.c:32:10:compute_PEC15	24	static
../Core/Src/torch_ltc6813.c:45:6:append_PEC	16	static
../Core/Src/torch_ltc6813.c:52:9:verify_PEC15	24	static
../Core/Src/torch_ltc6813.c:64:6:action_cmd	16	static
../Core/Src/torch_ltc6813.c:82:6:write_cmd	24	static
../Core/Src/torch_ltc6813.c:101:6:read_cmd	40	static
../Core/Src/torch_ltc6813.c:123:6:WRCFGA	40	static
../Core/Src/torch_ltc6813.c:145:6:WRCFGB	40	static
../Core/Src/torch_ltc6813.c:173:6:WRSCTRL	40	static
../Core/Src/torch_ltc6813.c:195:6:WRPWM	40	static
../Core/Src/torch_ltc6813.c:217:6:WRPSB	40	static
../Core/Src/torch_ltc6813.c:241:6:RDCFGA	24	static
../Core/Src/torch_ltc6813.c:255:6:RDCFGB	24	static
../Core/Src/torch_ltc6813.c:269:6:RDCVA	24	static
../Core/Src/torch_ltc6813.c:283:6:RDCVB	24	static
../Core/Src/torch_ltc6813.c:297:6:RDCVC	24	static
../Core/Src/torch_ltc6813.c:311:6:RDCVD	24	static
../Core/Src/torch_ltc6813.c:325:6:RDCVE	24	static
../Core/Src/torch_ltc6813.c:339:6:RDCVF	24	static
../Core/Src/torch_ltc6813.c:353:6:RDSTATA	24	static
../Core/Src/torch_ltc6813.c:367:6:RDSTATB	24	static
../Core/Src/torch_ltc6813.c:381:6:RDAUXA	24	static
../Core/Src/torch_ltc6813.c:395:6:RDAUXB	24	static
../Core/Src/torch_ltc6813.c:409:6:RDAUXC	24	static
../Core/Src/torch_ltc6813.c:423:6:RDAUXD	24	static
../Core/Src/torch_ltc6813.c:437:6:RDSCTRL	24	static
../Core/Src/torch_ltc6813.c:451:6:RDPWM	24	static
../Core/Src/torch_ltc6813.c:465:6:RDPSB	24	static
../Core/Src/torch_ltc6813.c:480:6:STSCTRL	24	static
../Core/Src/torch_ltc6813.c:494:6:CLRSCTRL	24	static
../Core/Src/torch_ltc6813.c:508:6:ADOW	24	static
../Core/Src/torch_ltc6813.c:529:6:ADOL	24	static
../Core/Src/torch_ltc6813.c:543:6:CVST	24	static
../Core/Src/torch_ltc6813.c:564:6:AXST	24	static
../Core/Src/torch_ltc6813.c:585:6:STATST	24	static
../Core/Src/torch_ltc6813.c:606:6:ADSTATD	24	static
../Core/Src/torch_ltc6813.c:620:6:ADAXD	24	static
../Core/Src/torch_ltc6813.c:634:6:ADCV	24	static
../Core/Src/torch_ltc6813.c:648:6:CLRCELL	24	static
../Core/Src/torch_ltc6813.c:662:6:CLRAUX	24	static
../Core/Src/torch_ltc6813.c:676:6:CLRSTAT	24	static
../Core/Src/torch_ltc6813.c:690:6:DIAGN	24	static
../Core/Src/torch_ltc6813.c:704:6:MUTE	24	static
../Core/Src/torch_ltc6813.c:718:6:UNMUTE	24	static
../Core/Src/torch_ltc6813.c:732:6:force_refup	24	static
../Core/Src/torch_ltc6813.c:763:9:refup_check	32	static
../Core/Src/torch_ltc6813.c:801:6:force_mute	32	static
../Core/Src/torch_ltc6813.c:854:6:force_unmute	32	static
