../Core/Src/torch_diagnostic.c:11:6:diagnosis	8	static
../Core/Src/torch_diagnostic.c:47:6:ltc6813_analog_supply_check	32	static
../Core/Src/torch_diagnostic.c:101:6:ltc6813_digital_supply_check	32	static
../Core/Src/torch_diagnostic.c:161:6:ltc6813_reference_check	32	static
../Core/Src/torch_diagnostic.c:225:6:ltc6813_temperature_check	48	static
../Core/Src/torch_diagnostic.c:286:6:open_cell_check	240	static
../Core/Src/torch_diagnostic.c:575:6:open_thermistor_check	88	static
../Core/Src/torch_diagnostic.c:587:6:mux_test	32	static
../Core/Src/torch_diagnostic.c:641:6:stat_register_test	72	static
../Core/Src/torch_diagnostic.c:793:6:cell_register_test	136	static
../Core/Src/torch_diagnostic.c:1013:6:aux_register_test	128	static
../Core/Src/torch_diagnostic.c:1225:6:overlap_cell_measurement_test	72	static
