Archive member included to satisfy reference by file (symbol)

C:/ST/STM32CubeIDE_1.15.1/STM32CubeIDE/plugins/com.st.stm32cube.ide.mcu.externaltools.gnu-tools-for-stm32.13.3.rel1.win32_1.0.0.202411081344/tools/bin/../lib/gcc/arm-none-eabi/13.3.1/../../../../arm-none-eabi/lib/thumb/v7e-m+fp/hard\libc_nano.a(libc_a-exit.o)
                              C:/ST/STM32CubeIDE_1.15.1/STM32CubeIDE/plugins/com.st.stm32cube.ide.mcu.externaltools.gnu-tools-for-stm32.13.3.rel1.win32_1.0.0.202411081344/tools/bin/../lib/gcc/arm-none-eabi/13.3.1/../../../../arm-none-eabi/lib/thumb/v7e-m+fp/hard/crt0.o (exit)
C:/ST/STM32CubeIDE_1.15.1/STM32CubeIDE/plugins/com.st.stm32cube.ide.mcu.externaltools.gnu-tools-for-stm32.13.3.rel1.win32_1.0.0.202411081344/tools/bin/../lib/gcc/arm-none-eabi/13.3.1/../../../../arm-none-eabi/lib/thumb/v7e-m+fp/hard\libc_nano.a(libc_a-findfp.o)
                              C:/ST/STM32CubeIDE_1.15.1/STM32CubeIDE/plugins/com.st.stm32cube.ide.mcu.externaltools.gnu-tools-for-stm32.13.3.rel1.win32_1.0.0.202411081344/tools/bin/../lib/gcc/arm-none-eabi/13.3.1/../../../../arm-none-eabi/lib/thumb/v7e-m+fp/hard\libc_nano.a(libc_a-exit.o) (__stdio_exit_handler)
C:/ST/STM32CubeIDE_1.15.1/STM32CubeIDE/plugins/com.st.stm32cube.ide.mcu.externaltools.gnu-tools-for-stm32.13.3.rel1.win32_1.0.0.202411081344/tools/bin/../lib/gcc/arm-none-eabi/13.3.1/../../../../arm-none-eabi/lib/thumb/v7e-m+fp/hard\libc_nano.a(libc_a-fwalk.o)
                              C:/ST/STM32CubeIDE_1.15.1/STM32CubeIDE/plugins/com.st.stm32cube.ide.mcu.externaltools.gnu-tools-for-stm32.13.3.rel1.win32_1.0.0.202411081344/tools/bin/../lib/gcc/arm-none-eabi/13.3.1/../../../../arm-none-eabi/lib/thumb/v7e-m+fp/hard\libc_nano.a(libc_a-findfp.o) (_fwalk_sglue)
C:/ST/STM32CubeIDE_1.15.1/STM32CubeIDE/plugins/com.st.stm32cube.ide.mcu.externaltools.gnu-tools-for-stm32.13.3.rel1.win32_1.0.0.202411081344/tools/bin/../lib/gcc/arm-none-eabi/13.3.1/../../../../arm-none-eabi/lib/thumb/v7e-m+fp/hard\libc_nano.a(libc_a-stdio.o)
                              C:/ST/STM32CubeIDE_1.15.1/STM32CubeIDE/plugins/com.st.stm32cube.ide.mcu.externaltools.gnu-tools-for-stm32.13.3.rel1.win32_1.0.0.202411081344/tools/bin/../lib/gcc/arm-none-eabi/13.3.1/../../../../arm-none-eabi/lib/thumb/v7e-m+fp/hard\libc_nano.a(libc_a-findfp.o) (__sread)
C:/ST/STM32CubeIDE_1.15.1/STM32CubeIDE/plugins/com.st.stm32cube.ide.mcu.externaltools.gnu-tools-for-stm32.13.3.rel1.win32_1.0.0.202411081344/tools/bin/../lib/gcc/arm-none-eabi/13.3.1/../../../../arm-none-eabi/lib/thumb/v7e-m+fp/hard\libc_nano.a(libc_a-memset.o)
                              C:/ST/STM32CubeIDE_1.15.1/STM32CubeIDE/plugins/com.st.stm32cube.ide.mcu.externaltools.gnu-tools-for-stm32.13.3.rel1.win32_1.0.0.202411081344/tools/bin/../lib/gcc/arm-none-eabi/13.3.1/../../../../arm-none-eabi/lib/thumb/v7e-m+fp/hard/crt0.o (memset)
C:/ST/STM32CubeIDE_1.15.1/STM32CubeIDE/plugins/com.st.stm32cube.ide.mcu.externaltools.gnu-tools-for-stm32.13.3.rel1.win32_1.0.0.202411081344/tools/bin/../lib/gcc/arm-none-eabi/13.3.1/../../../../arm-none-eabi/lib/thumb/v7e-m+fp/hard\libc_nano.a(libc_a-closer.o)
                              C:/ST/STM32CubeIDE_1.15.1/STM32CubeIDE/plugins/com.st.stm32cube.ide.mcu.externaltools.gnu-tools-for-stm32.13.3.rel1.win32_1.0.0.202411081344/tools/bin/../lib/gcc/arm-none-eabi/13.3.1/../../../../arm-none-eabi/lib/thumb/v7e-m+fp/hard\libc_nano.a(libc_a-stdio.o) (_close_r)
C:/ST/STM32CubeIDE_1.15.1/STM32CubeIDE/plugins/com.st.stm32cube.ide.mcu.externaltools.gnu-tools-for-stm32.13.3.rel1.win32_1.0.0.202411081344/tools/bin/../lib/gcc/arm-none-eabi/13.3.1/../../../../arm-none-eabi/lib/thumb/v7e-m+fp/hard\libc_nano.a(libc_a-reent.o)
                              C:/ST/STM32CubeIDE_1.15.1/STM32CubeIDE/plugins/com.st.stm32cube.ide.mcu.externaltools.gnu-tools-for-stm32.13.3.rel1.win32_1.0.0.202411081344/tools/bin/../lib/gcc/arm-none-eabi/13.3.1/../../../../arm-none-eabi/lib/thumb/v7e-m+fp/hard\libc_nano.a(libc_a-closer.o) (errno)
C:/ST/STM32CubeIDE_1.15.1/STM32CubeIDE/plugins/com.st.stm32cube.ide.mcu.externaltools.gnu-tools-for-stm32.13.3.rel1.win32_1.0.0.202411081344/tools/bin/../lib/gcc/arm-none-eabi/13.3.1/../../../../arm-none-eabi/lib/thumb/v7e-m+fp/hard\libc_nano.a(libc_a-impure.o)
                              C:/ST/STM32CubeIDE_1.15.1/STM32CubeIDE/plugins/com.st.stm32cube.ide.mcu.externaltools.gnu-tools-for-stm32.13.3.rel1.win32_1.0.0.202411081344/tools/bin/../lib/gcc/arm-none-eabi/13.3.1/../../../../arm-none-eabi/lib/thumb/v7e-m+fp/hard\libc_nano.a(libc_a-reent.o) (_impure_ptr)
C:/ST/STM32CubeIDE_1.15.1/STM32CubeIDE/plugins/com.st.stm32cube.ide.mcu.externaltools.gnu-tools-for-stm32.13.3.rel1.win32_1.0.0.202411081344/tools/bin/../lib/gcc/arm-none-eabi/13.3.1/../../../../arm-none-eabi/lib/thumb/v7e-m+fp/hard\libc_nano.a(libc_a-lseekr.o)
[...]
Memory Configuration

Name             Origin             Length             Attributes
RAM              0x20000000         0x00020000         xrw
FLASH            0x08000000         0x00040000         xr
*default*        0x00000000         0xffffffff

Linker script and memory map

LOAD C:/ST/STM32CubeIDE_1.15.1/STM32CubeIDE/plugins/com.st.stm32cube.ide.mcu.externaltools.gnu-tools-for-stm32.13.3.rel1.win32_1.0.0.202411081344/tools/bin/../lib/gcc/arm-none-eabi/13.3.1/thumb/v7e-m+fp/hard/crti.o
LOAD C:/ST/STM32CubeIDE_1.15.1/STM32CubeIDE/plugins/com.st.stm32cube.ide.mcu.externaltools.gnu-tools-for-stm32.13.3.rel1.win32_1.0.0.202411081344/tools/bin/../lib/gcc/arm-none-eabi/13.3.1/thumb/v7e-m+fp/hard/crtbegin.o
LOAD C:/ST/STM32CubeIDE_1.15.1/STM32CubeIDE/plugins/com.st.stm32cube.ide.mcu.externaltools.gnu-tools-for-stm32.13.3.rel1.win32_1.0.0.202411081344/tools/bin/../lib/gcc/arm-none-eabi/13.3.1/../../../../arm-none-eabi/lib/thumb/v7e-m+fp/hard/crt0.o
LOAD ./Core/Src/main.o
LOAD ./Core/Src/stm32f4xx_hal_msp.o
LOAD ./Core/Src/stm32f4xx_it.o
LOAD ./Core/Src/syscalls.o
LOAD ./Core/Src/sysmem.o
LOAD ./Core/Src/system_stm32f4xx.o
LOAD ./Core/Src/torch_balance.o
LOAD ./Core/Src/torch_can.o
LOAD ./Core/Src/torch_diagnostic.o
LOAD ./Core/Src/torch_ltc6813.o
LOAD ./Core/Src/torch_main.o
LOAD ./Core/Src/torch_states.o
LOAD ./Core/Src/torch_stm32.o
LOAD ./Core/Src/torch_temperature.o
LOAD ./Core/Src/torch_voltage.o
LOAD ./Core/Startup/startup_stm32f446rctx.o
LOAD ./Drivers/STM32F4xx_HAL_Driver/Src/stm32f4xx_hal.o
LOAD ./Drivers/STM32F4xx_HAL_Driver/Src/stm32f4xx_hal_adc.o
LOAD ./Drivers/STM32F4xx_HAL_Driver/Src/stm32f4xx_hal_adc_ex.o
LOAD ./Drivers/STM32F4xx_HAL_Driver/Src/stm32f4xx_hal_can.o
LOAD ./Drivers/STM32F4xx_HAL_Driver/Src/stm32f4xx_hal_cortex.o
LOAD ./Drivers/STM32F4xx_HAL_Driver/Src/stm32f4xx_hal_dma.o
LOAD ./Drivers/STM32F4xx_HAL_Driver/Src/stm32f4xx_hal_dma_ex.o
LOAD ./Drivers/STM32F4xx_HAL_Driver/Src/stm32f4xx_hal_exti.o
LOAD ./Drivers/STM32F4xx_HAL_Driver/Src/stm32f4xx_hal_flash.o
LOAD ./Drivers/STM32F4xx_HAL_Driver/Src/stm32f4xx_hal_flash_ex.o
LOAD ./Drivers/STM32F4xx_HAL_Driver/Src/stm32f4xx_hal_flash_ramfunc.o
LOAD ./Drivers/STM32F4xx_HAL_Driver/Src/stm32f4xx_hal_gpio.o
LOAD ./Drivers/STM32F4xx_HAL_Driver/Src/stm32f4xx_hal_pwr.o
LOAD ./Drivers/STM32F4xx_HAL_Driver/Src/stm32f4xx_hal_pwr_ex.o
LOAD ./Drivers/STM32F4xx_HAL_Driver/Src/stm32f4xx_hal_rcc.o
LOAD ./Drivers/STM32F4xx_HAL_Driver/Src/stm32f4xx_hal_rcc_ex.o
LOAD ./Drivers/STM32F4xx_HAL_Driver/Src/stm32f4xx_hal_spi.o
LOAD ./Drivers/STM32F4xx_HAL_Driver/Src/stm32f4xx_hal_tim.o
LOAD ./Drivers/STM32F4xx_HAL_Driver/Src/stm32f4xx_hal_tim_ex.o
LOAD ./Drivers/STM32F4xx_HAL_Driver/Src/stm32f4xx_ll_adc.o
START GROUP
LOAD C:/ST/STM32CubeIDE_1.15.1/STM32CubeIDE/plugins/com.st.stm32cube.ide.mcu.externaltools.gnu-tools-for-stm32.13.3.rel1.win32_1.0.0.202411081344/tools/bin/../lib/gcc/arm-none-eabi/13.3.1/../../../../arm-none-eabi/lib/thumb/v7e-m+fp/hard\libc_nano.a
LOAD C:/ST/STM32CubeIDE_1.15.1/STM32CubeIDE/plugins/com.st.stm32cube.ide.mcu.externaltools.gnu-tools-for-stm32.13.3.rel1.win32_1.0.0.202411081344/tools/bin/../lib/gcc/arm-none-eabi/13.3.1/../../../../arm-none-eabi/lib/thumb/v7e-m+fp/hard\libm.a
END GROUP
START GROUP
LOAD C:/ST/STM32CubeIDE_1.15.1/STM32CubeIDE/plugins/com.st.stm32cube.ide.mcu.externaltools.gnu-tools-for-stm32.13.3.rel1.win32_1.0.0.202411081344/tools/bin/../lib/gcc/arm-none-eabi/13.3.1/thumb/v7e-m+fp/hard\libgcc.a
LOAD C:/ST/STM32CubeIDE_1.15.1/STM32CubeIDE/plugins/com.st.stm32cube.ide.mcu.externaltools.gnu-tools-for-stm32.13.3.rel1.win32_1.0.0.202411081344/tools/bin/../lib/gcc/arm-none-eabi/13.3.1/../../../../arm-none-eabi/lib/thumb/v7e-m+fp/hard\libc_nano.a
END GROUP
START GROUP
LOAD C:/ST/STM32CubeIDE_1.15.1/STM32CubeIDE/plugins/com.st.stm32cube.ide.mcu.externaltools.gnu-tools-for-stm32.13.3.rel1.win32_1.0.0.202411081344/tools/bin/../lib/gcc/arm-none-eabi/13.3.1/thumb/v7e-m+fp/hard\libgcc.a
LOAD C:/ST/STM32CubeIDE_1.15.1/STM32CubeIDE/plugins/com.st.stm32cube.ide.mcu.externaltools.gnu-tools-for-stm32.13.3.rel1.win32_1.0.0.202411081344/tools/bin/../lib/gcc/arm-none-eabi/13.3.1/../../../../arm-none-eabi/lib/thumb/v7e-m+fp/hard\libc_nano.a
LOAD C:/ST/STM32CubeIDE_1.15.1/STM32CubeIDE/plugins/com.st.stm32cube.ide.mcu.externaltools.gnu-tools-for-stm32.13.3.rel1.win32_1.0.0.202411081344/tools/bin/../lib/gcc/arm-none-eabi/13.3.1/../../../../arm-none-eabi/lib/thumb/v7e-m+fp/hard\libnosys.a
END GROUP
START GROUP
LOAD C:/ST/STM32CubeIDE_1.15.1/STM32CubeIDE/plugins/com.st.stm32cube.ide.mcu.externaltools.gnu-tools-for-stm32.13.3.rel1.win32_1.0.0.202411081344/tools/bin/../lib/gcc/arm-none-eabi/13.3.1/thumb/v7e-m+fp/hard\libgcc.a
LOAD C:/ST/STM32CubeIDE_1.15.1/STM32CubeIDE/plugins/com.st.stm32cube.ide.mcu.externaltools.gnu-tools-for-stm32.13.3.rel1.win32_1.0.0.202411081344/tools/bin/../lib/gcc/arm-none-eabi/13.3.1/../../../../arm-none-eabi/lib/thumb/v7e-m+fp/hard\libc_nano.a
LOAD C:/ST/STM32CubeIDE_1.15.1/STM32CubeIDE/plugins/com.st.stm32cube.ide.mcu.externaltools.gnu-tools-for-stm32.13.3.rel1.win32_1.0.0.202411081344/tools/bin/../lib/gcc/arm-none-eabi/13.3.1/../../../../arm-none-eabi/lib/thumb/v7e-m+fp/hard\libnosys.a
END GROUP
LOAD C:/ST/STM32CubeIDE_1.15.1/STM32CubeIDE/plugins/com.st.stm32cube.ide.mcu.externaltools.gnu-tools-for-stm32.13.3.rel1.win32_1.0.0.202411081344/tools/bin/../lib/gcc/arm-none-eabi/13.3.1/thumb/v7e-m+fp/hard/crtend.o
LOAD C:/ST/STM32CubeIDE_1.15.1/STM32CubeIDE/plugins/com.st.stm32cube.ide.mcu.externaltools.gnu-tools-for-stm32.13.3.rel1.win32_1.0.0.202411081344/tools/bin/../lib/gcc/arm-none-eabi/13.3.1/thumb/v7e-m+fp/hard/crtn.o
                0x20020000                        _estack = (ORIGIN (RAM) + LENGTH (RAM))
                0x00000200                        _Min_Heap_Size = 0x200
                0x00000400                        _Min_Stack_Size = 0x400

.isr_vector     0x08000000      0x1c4
                0x08000000                        . = ALIGN (0x4)
 *(.isr_vector)
 .isr_vector    0x08000000      0x1c4 ./Core/Startup/startup_stm32f446rctx.o
                0x08000000                g_pfnVectors
                0x080001c4                        . = ALIGN (0x4)

.text           0x080001c8     0xe8bc
                0x080001c8                        . = ALIGN (0x4)
 *(.text)
 .text          0x080001c8       0x40 C:/ST/STM32CubeIDE_1.15.1/STM32CubeIDE/plugins/com.st.stm32cube.ide.mcu.externaltools.gnu-tools-for-stm32.13.3.rel1.win32_1.0.0.202411081344/tools/bin/../lib/gcc/arm-none-eabi/13.3.1/thumb/v7e-m+fp/hard/crtbegin.o
 .text          0x08000208      0x378 C:/ST/STM32CubeIDE_1.15.1/STM32CubeIDE/plugins/com.st.stm32cube.ide.mcu.externaltools.gnu-tools-for-stm32.13.3.rel1.win32_1.0.0.202411081344/tools/bin/../lib/gcc/arm-none-eabi/13.3.1/thumb/v7e-m+fp/hard\libgcc.a(_arm_addsubdf3.o)
                0x08000208                __aeabi_drsub
                0x08000210                __aeabi_dsub
                0x08000210                __subdf3
                0x08000214                __aeabi_dadd
                0x08000214                __adddf3
                0x0800048c                __floatunsidf
                0x0800048c                __aeabi_ui2d
                0x080004ac                __floatsidf
                0x080004ac                __aeabi_i2d
                0x080004d0                __aeabi_f2d
                0x080004d0                __extendsfdf2
                0x08000514                __floatundidf
                0x08000514                __aeabi_ul2d
                0x08000524                __floatdidf
                0x08000524                __aeabi_l2d
 .text          0x08000580      0x424 C:/ST/STM32CubeIDE_1.15.1/STM32CubeIDE/plugins/com.st.stm32cube.ide.mcu.externaltools.gnu-tools-for-stm32.13.3.rel1.win32_1.0.0.202411081344/tools/bin/../lib/gcc/arm-none-eabi/13.3.1/thumb/v7e-m+fp/hard\libgcc.a(_arm_muldivdf3.o)
                0x08000580                __aeabi_dmul
                0x08000580                __muldf3
                0x080007d4                __divdf3
                0x080007d4                __aeabi_ddiv
 .text          0x080009a4       0xa0 C:/ST/STM32CubeIDE_1.15.1/STM32CubeIDE/plugins/com.st.stm32cube.ide.mcu.externaltools.gnu-tools-for-stm32.13.3.rel1.win32_1.0.0.202411081344/tools/bin/../lib/gcc/arm-none-eabi/13.3.1/thumb/v7e-m+fp/hard\libgcc.a(_arm_truncdfsf2.o)
                0x080009a4                __truncdfsf2
                0x080009a4                __aeabi_d2f
 .text          0x08000a44       0x30 C:/ST/STM32CubeIDE_1.15.1/STM32CubeIDE/plugins/com.st.stm32cube.ide.mcu.externaltools.gnu-tools-for-stm32.13.3.rel1.win32_1.0.0.202411081344/tools/bin/../lib/gcc/arm-none-eabi/13.3.1/thumb/v7e-m+fp/hard\libgcc.a(_aeabi_uldivmod.o)
                0x08000a44                __aeabi_uldivmod
 .text          0x08000a74      0x2f8 C:/ST/STM32CubeIDE_1.15.1/STM32CubeIDE/plugins/com.st.stm32cube.ide.mcu.externaltools.gnu-tools-for-stm32.13.3.rel1.win32_1.0.0.202411081344/tools/bin/../lib/gcc/arm-none-eabi/13.3.1/thumb/v7e-m+fp/hard\libgcc.a(_udivmoddi4.o)
                0x08000a74                __udivmoddi4
 .text          0x08000d6c        0x4 C:/ST/STM32CubeIDE_1.15.1/STM32CubeIDE/plugins/com.st.stm32cube.ide.mcu.externaltools.gnu-tools-for-stm32.13.3.rel1.win32_1.0.0.202411081344/tools/bin/../lib/gcc/arm-none-eabi/13.3.1/thumb/v7e-m+fp/hard\libgcc.a(_dvmd_tls.o)
                0x08000d6c                __aeabi_idiv0
                0x08000d6c                __aeabi_ldiv0
 *(.text*)
 .text.main     0x08000d70       0x38 ./Core/Src/main.o
                0x08000d70                main
 .text.SystemClock_Config
                0x08000da8       0xdc ./Core/Src/main.o
                0x08000da8                SystemClock_Config
 .text.MX_ADC1_Init
                0x08000e84       0xa4 ./Core/Src/main.o
 .text.MX_CAN1_Init
                0x08000f28      0x15c ./Core/Src/main.o
 .text.MX_SPI1_Init
                0x08001084       0x6c ./Core/Src/main.o
 .text.MX_SPI3_Init
                0x080010f0       0x6c ./Core/Src/main.o
 .text.MX_TIM2_Init
                0x0800115c       0xa8 ./Core/Src/main.o
 .text.MX_GPIO_Init
                0x08001204      0x164 ./Core/Src/main.o
 .text.TIM2_IRQHandler
                0x08001368       0x14 ./Core/Src/main.o
                0x08001368                TIM2_IRQHandler
 .text.HAL_TIM_PeriodElapsedCallback
                0x0800137c       0x64 ./Core/Src/main.o
                0x0800137c                HAL_TIM_PeriodElapsedCallback
 .text.Error_Handler
                0x080013e0        0xc ./Core/Src/main.o
                0x080013e0                Error_Handler
 .text.HAL_MspInit
                0x080013ec       0x50 ./Core/Src/stm32f4xx_hal_msp.o
                0x080013ec                HAL_MspInit
 .text.HAL_ADC_MspInit
                0x0800143c       0x88 ./Core/Src/stm32f4xx_hal_msp.o
                0x0800143c                HAL_ADC_MspInit
 .text.HAL_CAN_MspInit
                0x080014c4       0xb0 ./Core/Src/stm32f4xx_hal_msp.o
                0x080014c4                HAL_CAN_MspInit
 .text.HAL_SPI_MspInit
                0x08001574       0xfc ./Core/Src/stm32f4xx_hal_msp.o
                0x08001574                HAL_SPI_MspInit
 .text.HAL_TIM_Base_MspInit
                0x08001670       0x40 ./Core/Src/stm32f4xx_hal_msp.o
                0x08001670                HAL_TIM_Base_MspInit
 .text.NMI_Handler
                0x080016b0        0x8 ./Core/Src/stm32f4xx_it.o
                0x080016b0                NMI_Handler
 .text.HardFault_Handler
                0x080016b8        0x8 ./Core/Src/stm32f4xx_it.o
                0x080016b8                HardFault_Handler
 .text.MemManage_Handler
                0x080016c0        0x8 ./Core/Src/stm32f4xx_it.o
                0x080016c0                MemManage_Handler
 .text.BusFault_Handler
                0x080016c8        0x8 ./Core/Src/stm32f4xx_it.o
                0x080016c8                BusFault_Handler
 .text.UsageFault_Handler
                0x080016d0        0x8 ./Core/Src/stm32f4xx_it.o
                0x080016d0                UsageFault_Handler
 .text.SVC_Handler
                0x080016d8        0xe ./Core/Src/stm32f4xx_it.o
                0x080016d8                SVC_Handler
 .text.DebugMon_Handler
                0x080016e6        0xe ./Core/Src/stm32f4xx_it.o
                0x080016e6                DebugMon_Handler
 .text.PendSV_Handler
                0x080016f4        0xe ./Core/Src/stm32f4xx_it.o
                0x080016f4                PendSV_Handler
 .text.SysTick_Handler
                0x08001702        0xc ./Core/Src/stm32f4xx_it.o
                0x08001702                SysTick_Handler
 *fill*         0x0800170e        0x2 
 .text.CAN1_RX0_IRQHandler
                0x08001710       0x14 ./Core/Src/stm32f4xx_it.o
                0x08001710                CAN1_RX0_IRQHandler
 .text.CAN1_RX1_IRQHandler
                0x08001724       0x14 ./Core/Src/stm32f4xx_it.o
                0x08001724                CAN1_RX1_IRQHandler
 .text.SystemInit
                0x08001738       0x24 ./Core/Src/system_stm32f4xx.o
                0x08001738                SystemInit
 .text.resistor_temperature_sense
                0x0800175c      0x558 ./Core/Src/torch_balance.o
                0x0800175c                resistor_temperature_sense
 .text.balance_check
                0x08001cb4       0xc8 ./Core/Src/torch_balance.o
                0x08001cb4                balance_check
 .text.extract_min_cell_voltage
                0x08001d7c      0x278 ./Core/Src/torch_balance.o
                0x08001d7c                extract_min_cell_voltage
 .text.balance_cycle
                0x08001ff4     0x1464 ./Core/Src/torch_balance.o
                0x08001ff4                balance_cycle
 .text.config_balance_flags
                0x08003458      0x26c ./Core/Src/torch_balance.o
                0x08003458                config_balance_flags
 .text.config_DCC_bits
                0x080036c4      0x17c ./Core/Src/torch_balance.o
                0x080036c4                config_DCC_bits
 .text.config_PWM_bits
                0x08003840      0xd40 ./Core/Src/torch_balance.o
                0x08003840                config_PWM_bits
 .text.can_transmit
                0x08004580       0x48 ./Core/Src/torch_can.o
                0x08004580                can_transmit
 .text.silent_error_loop
                0x080045c8       0x9c ./Core/Src/torch_can.o
                0x080045c8                silent_error_loop
 .text.error_loop
                0x08004664      0x1bc ./Core/Src/torch_can.o
                0x08004664                error_loop
 .text.transmit_balance
                0x08004820       0xb8 ./Core/Src/torch_can.o
                0x08004820                transmit_balance
 .text.transmit_balance_initiation
                0x080048d8       0x3a ./Core/Src/torch_can.o
                0x080048d8                transmit_balance_initiation
 *fill*         0x08004912        0x2 
 .text.transmit_vmin
                0x08004914       0x88 ./Core/Src/torch_can.o
                0x08004914                transmit_vmin
 .text.transmit_extract_vmin
                0x0800499c       0x20 ./Core/Src/torch_can.o
                0x0800499c                transmit_extract_vmin
 .text.transmit_voltages
                0x080049bc      0x3a0 ./Core/Src/torch_can.o
                0x080049bc                transmit_voltages
 .text.transmit_temperatures
                0x08004d5c      0x374 ./Core/Src/torch_can.o
                0x08004d5c                transmit_temperatures
 .text.diagnosis
                0x080050d0       0x8c ./Core/Src/torch_diagnostic.o
                0x080050d0                diagnosis
 .text.ltc6813_analog_supply_check
                0x0800515c      0x118 ./Core/Src/torch_diagnostic.o
                0x0800515c                ltc6813_analog_supply_check
 .text.ltc6813_digital_supply_check
                0x08005274      0x118 ./Core/Src/torch_diagnostic.o
                0x08005274                ltc6813_digital_supply_check
 .text.ltc6813_reference_check
                0x0800538c      0x124 ./Core/Src/torch_diagnostic.o
                0x0800538c                ltc6813_reference_check
 .text.ltc6813_temperature_check
                0x080054b0      0x178 ./Core/Src/torch_diagnostic.o
                0x080054b0                ltc6813_temperature_check
 .text.open_cell_check
                0x08005628      0xb2c ./Core/Src/torch_diagnostic.o
                0x08005628                open_cell_check
 .text.open_thermistor_check
                0x08006154       0x68 ./Core/Src/torch_diagnostic.o
                0x08006154                open_thermistor_check
 .text.mux_test
                0x080061bc       0xf8 ./Core/Src/torch_diagnostic.o
                0x080061bc                mux_test
 .text.stat_register_test
                0x080062b4      0x47e ./Core/Src/torch_diagnostic.o
                0x080062b4                stat_register_test
 .text.cell_register_test
                0x08006732      0x8f2 ./Core/Src/torch_diagnostic.o
                0x08006732                cell_register_test
 .text.aux_register_test
                0x08007024      0x832 ./Core/Src/torch_diagnostic.o
                0x08007024                aux_register_test
 .text.overlap_cell_measurement_test
                0x08007856      0x2ce ./Core/Src/torch_diagnostic.o
                0x08007856                overlap_cell_measurement_test
 .text.setup_PEC15
                0x08007b24       0x78 ./Core/Src/torch_ltc6813.o
                0x08007b24                setup_PEC15
 .text.compute_PEC15
                0x08007b9c       0x6c ./Core/Src/torch_ltc6813.o
                0x08007b9c                compute_PEC15
 .text.append_PEC
                0x08007c08       0x3a ./Core/Src/torch_ltc6813.o
                0x08007c08                append_PEC
 .text.verify_PEC15
                0x08007c42       0x44 ./Core/Src/torch_ltc6813.o
                0x08007c42                verify_PEC15
 *fill*         0x08007c86        0x2 
 .text.action_cmd
                0x08007c88       0x70 ./Core/Src/torch_ltc6813.o
                0x08007c88                action_cmd
 .text.write_cmd
                0x08007cf8       0x90 ./Core/Src/torch_ltc6813.o
                0x08007cf8                write_cmd
 .text.read_cmd
                0x08007d88       0xac ./Core/Src/torch_ltc6813.o
                0x08007d88                read_cmd
 .text.WRCFGA   0x08007e34       0x8c ./Core/Src/torch_ltc6813.o
                0x08007e34                WRCFGA
 .text.WRPWM    0x08007ec0       0x8c ./Core/Src/torch_ltc6813.o
                0x08007ec0                WRPWM
 .text.RDCFGA   0x08007f4c       0x48 ./Core/Src/torch_ltc6813.o
                0x08007f4c                RDCFGA
 .text.RDCFGB   0x08007f94       0x48 ./Core/Src/torch_ltc6813.o
                0x08007f94                RDCFGB
 .text.RDCVA    0x08007fdc       0x48 ./Core/Src/torch_ltc6813.o
                0x08007fdc                RDCVA
 .text.RDCVB    0x08008024       0x48 ./Core/Src/torch_ltc6813.o
                0x08008024                RDCVB
 .text.RDCVC    0x0800806c       0x48 ./Core/Src/torch_ltc6813.o
                0x0800806c                RDCVC
 .text.RDCVD    0x080080b4       0x48 ./Core/Src/torch_ltc6813.o
                0x080080b4                RDCVD
 .text.RDCVE    0x080080fc       0x48 ./Core/Src/torch_ltc6813.o
                0x080080fc                RDCVE
 .text.RDSTATA  0x08008144       0x48 ./Core/Src/torch_ltc6813.o
                0x08008144                RDSTATA
 .text.RDSTATB  0x0800818c       0x48 ./Core/Src/torch_ltc6813.o
                0x0800818c                RDSTATB
 .text.RDAUXA   0x080081d4       0x48 ./Core/Src/torch_ltc6813.o
                0x080081d4                RDAUXA
 .text.RDAUXB   0x0800821c       0x48 ./Core/Src/torch_ltc6813.o
                0x0800821c                RDAUXB
 .text.RDAUXC   0x08008264       0x48 ./Core/Src/torch_ltc6813.o
                0x08008264                RDAUXC
 .text.RDAUXD   0x080082ac       0x48 ./Core/Src/torch_ltc6813.o
                0x080082ac                RDAUXD
 .text.RDPWM    0x080082f4       0x48 ./Core/Src/torch_ltc6813.o
                0x080082f4                RDPWM
 .text.ADOW     0x0800833c       0x5c ./Core/Src/torch_ltc6813.o
                0x0800833c                ADOW
 .text.ADOL     0x08008398       0x46 ./Core/Src/torch_ltc6813.o
                0x08008398                ADOL
 .text.CVST     0x080083de       0x5c ./Core/Src/torch_ltc6813.o
                0x080083de                CVST
 .text.AXST     0x0800843a       0x5c ./Core/Src/torch_ltc6813.o
                0x0800843a                AXST
 .text.STATST   0x08008496       0x5c ./Core/Src/torch_ltc6813.o
                0x08008496                STATST
 .text.ADSTATD  0x080084f2       0x46 ./Core/Src/torch_ltc6813.o
                0x080084f2                ADSTATD
 .text.ADAXD    0x08008538       0x46 ./Core/Src/torch_ltc6813.o
                0x08008538                ADAXD
 .text.ADCV     0x0800857e       0x46 ./Core/Src/torch_ltc6813.o
                0x0800857e                ADCV
 .text.CLRCELL  0x080085c4       0x46 ./Core/Src/torch_ltc6813.o
                0x080085c4                CLRCELL
 .text.CLRAUX   0x0800860a       0x46 ./Core/Src/torch_ltc6813.o
                0x0800860a                CLRAUX
 .text.CLRSTAT  0x08008650       0x46 ./Core/Src/torch_ltc6813.o
                0x08008650                CLRSTAT
 .text.DIAGN    0x08008696       0x46 ./Core/Src/torch_ltc6813.o
                0x08008696                DIAGN
 .text.MUTE     0x080086dc       0x46 ./Core/Src/torch_ltc6813.o
                0x080086dc                MUTE
 .text.UNMUTE   0x08008722       0x46 ./Core/Src/torch_ltc6813.o
                0x08008722                UNMUTE
 .text.force_refup
                0x08008768       0x78 ./Core/Src/torch_ltc6813.o
                0x08008768                force_refup
 .text.refup_check
                0x080087e0       0xaa ./Core/Src/torch_ltc6813.o
                0x080087e0                refup_check
 .text.force_mute
                0x0800888a       0xec ./Core/Src/torch_ltc6813.o
                0x0800888a                force_mute
 .text.force_unmute
                0x08008976       0xec ./Core/Src/torch_ltc6813.o
                0x08008976                force_unmute
 *fill*         0x08008a62        0x2 
 .text.torch_main
                0x08008a64      0x720 ./Core/Src/torch_main.o
                0x08008a64                torch_main
 .text.low_power_state
                0x08009184       0x3c ./Core/Src/torch_stm32.o
                0x08009184                low_power_state
 .text.blink    0x080091c0       0x38 ./Core/Src/torch_stm32.o
                0x080091c0                blink
 .text.pull_low
                0x080091f8       0x20 ./Core/Src/torch_stm32.o
                0x080091f8                pull_low
 .text.pull_high
                0x08009218       0x20 ./Core/Src/torch_stm32.o
                0x08009218                pull_high
 .text.wait     0x08009238       0x16 ./Core/Src/torch_stm32.o
                0x08009238                wait
 *fill*         0x0800924e        0x2 
 .text.start_timer
                0x08009250       0xb4 ./Core/Src/torch_stm32.o
                0x08009250                start_timer
 .text.active_led_on
                0x08009304       0x18 ./Core/Src/torch_stm32.o
                0x08009304                active_led_on
 .text.active_led_off
                0x0800931c       0x18 ./Core/Src/torch_stm32.o
                0x0800931c                active_led_off
 .text.charge_led_on
                0x08009334       0x18 ./Core/Src/torch_stm32.o
                0x08009334                charge_led_on
 .text.charge_led_off
                0x0800934c       0x18 ./Core/Src/torch_stm32.o
                0x0800934c                charge_led_off
 .text.balance_led_on
                0x08009364       0x18 ./Core/Src/torch_stm32.o
                0x08009364                balance_led_on
 .text.balance_led_off
                0x0800937c       0x18 ./Core/Src/torch_stm32.o
                0x0800937c                balance_led_off
 .text.hot_led_on
                0x08009394       0x14 ./Core/Src/torch_stm32.o
                0x08009394                hot_led_on
 .text.hot_led_off
                0x080093a8       0x14 ./Core/Src/torch_stm32.o
                0x080093a8                hot_led_off
 *fill*         0x080093bc        0x4 
 .text.compute_resistance
                0x080093c0      0x114 ./Core/Src/torch_temperature.o
                0x080093c0                compute_resistance
 *fill*         0x080094d4        0x4 
 .text.compute_temperature
                0x080094d8      0x198 ./Core/Src/torch_temperature.o
                0x080094d8                compute_temperature
 .text.temperature_sense
                0x08009670       0x64 ./Core/Src/torch_temperature.o
                0x08009670                temperature_sense
 *fill*         0x080096d4        0x4 
 .text.board_temperature_sense
                0x080096d8      0x1d0 ./Core/Src/torch_temperature.o
                0x080096d8                board_temperature_sense
 .text.read_thermistors
                0x080098a8      0xa20 ./Core/Src/torch_temperature.o
                0x080098a8                read_thermistors
 .text.voltage_sense
                0x0800a2c8      0x468 ./Core/Src/torch_voltage.o
                0x0800a2c8                voltage_sense
 .text.Reset_Handler
                0x0800a730       0x50 ./Core/Startup/startup_stm32f446rctx.o
                0x0800a730                Reset_Handler
 .text.Default_Handler
                0x0800a780        0x2 ./Core/Startup/startup_stm32f446rctx.o
                0x0800a780                RTC_Alarm_IRQHandler
                0x0800a780                EXTI2_IRQHandler
                0x0800a780                TIM8_CC_IRQHandler
                0x0800a780                FMPI2C1_EV_IRQHandler
                0x0800a780                SPI4_IRQHandler
                0x0800a780                TIM1_CC_IRQHandler
                0x0800a780                DMA2_Stream5_IRQHandler
                0x0800a780                DMA1_Stream5_IRQHandler
                0x0800a780                PVD_IRQHandler
                0x0800a780                SDIO_IRQHandler
                0x0800a780                TAMP_STAMP_IRQHandler
                0x0800a780                CAN2_RX1_IRQHandler
                0x0800a780                EXTI3_IRQHandler
                0x0800a780                TIM8_TRG_COM_TIM14_IRQHandler
                0x0800a780                TIM1_UP_TIM10_IRQHandler
                0x0800a780                TIM8_UP_TIM13_IRQHandler
                0x0800a780                I2C3_ER_IRQHandler
                0x0800a780                EXTI0_IRQHandler
                0x0800a780                I2C2_EV_IRQHandler
                0x0800a780                DMA1_Stream2_IRQHandler
                0x0800a780                FPU_IRQHandler
                0x0800a780                OTG_HS_WKUP_IRQHandler
                0x0800a780                CAN2_SCE_IRQHandler
                0x0800a780                DMA2_Stream2_IRQHandler
                0x0800a780                SPI1_IRQHandler
                0x0800a780                TIM6_DAC_IRQHandler
                0x0800a780                TIM1_BRK_TIM9_IRQHandler
                0x0800a780                DCMI_IRQHandler
                0x0800a780                CAN2_RX0_IRQHandler
                0x0800a780                DMA2_Stream3_IRQHandler
                0x0800a780                SAI2_IRQHandler
                0x0800a780                USART6_IRQHandler
                0x0800a780                USART3_IRQHandler
                0x0800a780                UART5_IRQHandler
                0x0800a780                DMA2_Stream0_IRQHandler
                0x0800a780                TIM4_IRQHandler
                0x0800a780                QUADSPI_IRQHandler
                0x0800a780                I2C1_EV_IRQHandler
                0x0800a780                DMA1_Stream6_IRQHandler
                0x0800a780                DMA1_Stream1_IRQHandler
                0x0800a780                UART4_IRQHandler
                0x0800a780                TIM3_IRQHandler
                0x0800a780                RCC_IRQHandler
                0x0800a780                TIM8_BRK_TIM12_IRQHandler
                0x0800a780                Default_Handler
                0x0800a780                CEC_IRQHandler
                0x0800a780                EXTI15_10_IRQHandler
                0x0800a780                ADC_IRQHandler
                0x0800a780                DMA1_Stream7_IRQHandler
                0x0800a780                TIM7_IRQHandler
                0x0800a780                CAN2_TX_IRQHandler
                0x0800a780                TIM5_IRQHandler
                0x0800a780                DMA2_Stream7_IRQHandler
                0x0800a780                I2C3_EV_IRQHandler
                0x0800a780                EXTI9_5_IRQHandler
                0x0800a780                RTC_WKUP_IRQHandler
                0x0800a780                SPDIF_RX_IRQHandler
                0x0800a780                SPI2_IRQHandler
                0x0800a780                OTG_HS_EP1_IN_IRQHandler
                0x0800a780                DMA1_Stream0_IRQHandler
                0x0800a780                CAN1_TX_IRQHandler
                0x0800a780                FMPI2C1_ER_IRQHandler
                0x0800a780                EXTI4_IRQHandler
                0x0800a780                OTG_HS_EP1_OUT_IRQHandler
                0x0800a780                WWDG_IRQHandler
                0x0800a780                OTG_FS_WKUP_IRQHandler
                0x0800a780                TIM1_TRG_COM_TIM11_IRQHandler
                0x0800a780                OTG_HS_IRQHandler
                0x0800a780                EXTI1_IRQHandler
                0x0800a780                USART2_IRQHandler
                0x0800a780                I2C2_ER_IRQHandler
                0x0800a780                DMA2_Stream1_IRQHandler
                0x0800a780                CAN1_SCE_IRQHandler
                0x0800a780                FLASH_IRQHandler
                0x0800a780                DMA2_Stream4_IRQHandler
                0x0800a780                USART1_IRQHandler
                0x0800a780                OTG_FS_IRQHandler
                0x0800a780                SPI3_IRQHandler
                0x0800a780                DMA1_Stream4_IRQHandler
                0x0800a780                I2C1_ER_IRQHandler
                0x0800a780                FMC_IRQHandler
                0x0800a780                DMA2_Stream6_IRQHandler
                0x0800a780                SAI1_IRQHandler
                0x0800a780                DMA1_Stream3_IRQHandler
 *fill*         0x0800a782        0x2 
 .text.HAL_Init
                0x0800a784       0x44 ./Drivers/STM32F4xx_HAL_Driver/Src/stm32f4xx_hal.o
                0x0800a784                HAL_Init
 .text.HAL_InitTick
                0x0800a7c8       0x60 ./Drivers/STM32F4xx_HAL_Driver/Src/stm32f4xx_hal.o
                0x0800a7c8                HAL_InitTick
 .text.HAL_IncTick
                0x0800a828       0x28 ./Drivers/STM32F4xx_HAL_Driver/Src/stm32f4xx_hal.o
                0x0800a828                HAL_IncTick
 .text.HAL_GetTick
                0x0800a850       0x18 ./Drivers/STM32F4xx_HAL_Driver/Src/stm32f4xx_hal.o
                0x0800a850                HAL_GetTick
 .text.HAL_Delay
                0x0800a868       0x48 ./Drivers/STM32F4xx_HAL_Driver/Src/stm32f4xx_hal.o
                0x0800a868                HAL_Delay
 .text.HAL_ADC_Init
                0x0800a8b0       0x86 ./Drivers/STM32F4xx_HAL_Driver/Src/stm32f4xx_hal_adc.o
                0x0800a8b0                HAL_ADC_Init
 *fill*         0x0800a936        0x2 
 .text.HAL_ADC_Start
                0x0800a938      0x1a4 ./Drivers/STM32F4xx_HAL_Driver/Src/stm32f4xx_hal_adc.o
                0x0800a938                HAL_ADC_Start
 .text.HAL_ADC_Stop
                0x0800aadc       0x66 ./Drivers/STM32F4xx_HAL_Driver/Src/stm32f4xx_hal_adc.o
                0x0800aadc                HAL_ADC_Stop
 .text.HAL_ADC_PollForConversion
                0x0800ab42      0x116 ./Drivers/STM32F4xx_HAL_Driver/Src/stm32f4xx_hal_adc.o
                0x0800ab42                HAL_ADC_PollForConversion
 .text.HAL_ADC_GetValue
                0x0800ac58       0x1a ./Drivers/STM32F4xx_HAL_Driver/Src/stm32f4xx_hal_adc.o
                0x0800ac58                HAL_ADC_GetValue
 *fill*         0x0800ac72        0x2 
 .text.HAL_ADC_ConfigChannel
                0x0800ac74      0x264 ./Drivers/STM32F4xx_HAL_Driver/Src/stm32f4xx_hal_adc.o
                0x0800ac74                HAL_ADC_ConfigChannel
 .text.ADC_Init
                0x0800aed8      0x1f8 ./Drivers/STM32F4xx_HAL_Driver/Src/stm32f4xx_hal_adc.o
 .text.HAL_CAN_Init
                0x0800b0d0      0x1f6 ./Drivers/STM32F4xx_HAL_Driver/Src/stm32f4xx_hal_can.o
                0x0800b0d0                HAL_CAN_Init
 *fill*         0x0800b2c6        0x2 
 .text.HAL_CAN_ConfigFilter
                0x0800b2c8      0x1c0 ./Drivers/STM32F4xx_HAL_Driver/Src/stm32f4xx_hal_can.o
                0x0800b2c8                HAL_CAN_ConfigFilter
 .text.HAL_CAN_Start
                0x0800b488       0x88 ./Drivers/STM32F4xx_HAL_Driver/Src/stm32f4xx_hal_can.o
                0x0800b488                HAL_CAN_Start
 .text.HAL_CAN_AddTxMessage
                0x0800b510      0x1a0 ./Drivers/STM32F4xx_HAL_Driver/Src/stm32f4xx_hal_can.o
                0x0800b510                HAL_CAN_AddTxMessage
 .text.HAL_CAN_GetRxMessage
                0x0800b6b0      0x244 ./Drivers/STM32F4xx_HAL_Driver/Src/stm32f4xx_hal_can.o
                0x0800b6b0                HAL_CAN_GetRxMessage
 .text.HAL_CAN_GetRxFifoFillLevel
                0x0800b8f4       0x50 ./Drivers/STM32F4xx_HAL_Driver/Src/stm32f4xx_hal_can.o
                0x0800b8f4                HAL_CAN_GetRxFifoFillLevel
 .text.HAL_CAN_IRQHandler
                0x0800b944      0x36e ./Drivers/STM32F4xx_HAL_Driver/Src/stm32f4xx_hal_can.o
                0x0800b944                HAL_CAN_IRQHandler
 .text.HAL_CAN_TxMailbox0CompleteCallback
                0x0800bcb2       0x14 ./Drivers/STM32F4xx_HAL_Driver/Src/stm32f4xx_hal_can.o
                0x0800bcb2                HAL_CAN_TxMailbox0CompleteCallback
 .text.HAL_CAN_TxMailbox1CompleteCallback
                0x0800bcc6       0x14 ./Drivers/STM32F4xx_HAL_Driver/Src/stm32f4xx_hal_can.o
                0x0800bcc6                HAL_CAN_TxMailbox1CompleteCallback
 .text.HAL_CAN_TxMailbox2CompleteCallback
                0x0800bcda       0x14 ./Drivers/STM32F4xx_HAL_Driver/Src/stm32f4xx_hal_can.o
                0x0800bcda                HAL_CAN_TxMailbox2CompleteCallback
 .text.HAL_CAN_TxMailbox0AbortCallback
                0x0800bcee       0x14 ./Drivers/STM32F4xx_HAL_Driver/Src/stm32f4xx_hal_can.o
                0x0800bcee                HAL_CAN_TxMailbox0AbortCallback
 .text.HAL_CAN_TxMailbox1AbortCallback
                0x0800bd02       0x14 ./Drivers/STM32F4xx_HAL_Driver/Src/stm32f4xx_hal_can.o
                0x0800bd02                HAL_CAN_TxMailbox1AbortCallback
 .text.HAL_CAN_TxMailbox2AbortCallback
                0x0800bd16       0x14 ./Drivers/STM32F4xx_HAL_Driver/Src/stm32f4xx_hal_can.o
                0x0800bd16                HAL_CAN_TxMailbox2AbortCallback
 .text.HAL_CAN_RxFifo0MsgPendingCallback
                0x0800bd2a       0x14 ./Drivers/STM32F4xx_HAL_Driver/Src/stm32f4xx_hal_can.o
                0x0800bd2a                HAL_CAN_RxFifo0MsgPendingCallback
 .text.HAL_CAN_RxFifo0FullCallback
                0x0800bd3e       0x14 ./Drivers/STM32F4xx_HAL_Driver/Src/stm32f4xx_hal_can.o
                0x0800bd3e                HAL_CAN_RxFifo0FullCallback
 .text.HAL_CAN_RxFifo1MsgPendingCallback
                0x0800bd52       0x14 ./Drivers/STM32F4xx_HAL_Driver/Src/stm32f4xx_hal_can.o
                0x0800bd52                HAL_CAN_RxFifo1MsgPendingCallback
 .text.HAL_CAN_RxFifo1FullCallback
                0x0800bd66       0x14 ./Drivers/STM32F4xx_HAL_Driver/Src/stm32f4xx_hal_can.o
                0x0800bd66                HAL_CAN_RxFifo1FullCallback
 .text.HAL_CAN_SleepCallback
                0x0800bd7a       0x14 ./Drivers/STM32F4xx_HAL_Driver/Src/stm32f4xx_hal_can.o
                0x0800bd7a                HAL_CAN_SleepCallback
 .text.HAL_CAN_WakeUpFromRxMsgCallback
                0x0800bd8e       0x14 ./Drivers/STM32F4xx_HAL_Driver/Src/stm32f4xx_hal_can.o
                0x0800bd8e                HAL_CAN_WakeUpFromRxMsgCallback
 .text.HAL_CAN_ErrorCallback
                0x0800bda2       0x14 ./Drivers/STM32F4xx_HAL_Driver/Src/stm32f4xx_hal_can.o
                0x0800bda2                HAL_CAN_ErrorCallback
 *fill*         0x0800bdb6        0x2 
 .text.__NVIC_SetPriorityGrouping
                0x0800bdb8       0x48 ./Drivers/STM32F4xx_HAL_Driver/Src/stm32f4xx_hal_cortex.o
 .text.__NVIC_GetPriorityGrouping
                0x0800be00       0x1c ./Drivers/STM32F4xx_HAL_Driver/Src/stm32f4xx_hal_cortex.o
 .text.__NVIC_EnableIRQ
                0x0800be1c       0x3c ./Drivers/STM32F4xx_HAL_Driver/Src/stm32f4xx_hal_cortex.o
 .text.__NVIC_SetPriority
                0x0800be58       0x54 ./Drivers/STM32F4xx_HAL_Driver/Src/stm32f4xx_hal_cortex.o
 .text.NVIC_EncodePriority
                0x0800beac       0x66 ./Drivers/STM32F4xx_HAL_Driver/Src/stm32f4xx_hal_cortex.o
 *fill*         0x0800bf12        0x2 
 .text.SysTick_Config
                0x0800bf14       0x44 ./Drivers/STM32F4xx_HAL_Driver/Src/stm32f4xx_hal_cortex.o
 .text.HAL_NVIC_SetPriorityGrouping
                0x0800bf58       0x16 ./Drivers/STM32F4xx_HAL_Driver/Src/stm32f4xx_hal_cortex.o
                0x0800bf58                HAL_NVIC_SetPriorityGrouping
 .text.HAL_NVIC_SetPriority
                0x0800bf6e       0x38 ./Drivers/STM32F4xx_HAL_Driver/Src/stm32f4xx_hal_cortex.o
                0x0800bf6e                HAL_NVIC_SetPriority
 .text.HAL_NVIC_EnableIRQ
                0x0800bfa6       0x1c ./Drivers/STM32F4xx_HAL_Driver/Src/stm32f4xx_hal_cortex.o
                0x0800bfa6                HAL_NVIC_EnableIRQ
 .text.HAL_SYSTICK_Config
                0x0800bfc2       0x18 ./Drivers/STM32F4xx_HAL_Driver/Src/stm32f4xx_hal_cortex.o
                0x0800bfc2                HAL_SYSTICK_Config
 *fill*         0x0800bfda        0x2 
 .text.HAL_GPIO_Init
                0x0800bfdc      0x328 ./Drivers/STM32F4xx_HAL_Driver/Src/stm32f4xx_hal_gpio.o
                0x0800bfdc                HAL_GPIO_Init
 .text.HAL_GPIO_WritePin
                0x0800c304       0x32 ./Drivers/STM32F4xx_HAL_Driver/Src/stm32f4xx_hal_gpio.o
                0x0800c304                HAL_GPIO_WritePin
 *fill*         0x0800c336        0x2 
 .text.HAL_RCC_ClockConfig
                0x0800c338      0x1cc ./Drivers/STM32F4xx_HAL_Driver/Src/stm32f4xx_hal_rcc.o
                0x0800c338                HAL_RCC_ClockConfig
 .text.HAL_RCC_GetSysClockFreq
                0x0800c504      0x45c ./Drivers/STM32F4xx_HAL_Driver/Src/stm32f4xx_hal_rcc_ex.o
                0x0800c504                HAL_RCC_GetSysClockFreq
 .text.HAL_RCC_OscConfig
                0x0800c960      0x53c ./Drivers/STM32F4xx_HAL_Driver/Src/stm32f4xx_hal_rcc_ex.o
                0x0800c960                HAL_RCC_OscConfig
 .text.HAL_SPI_Init
                0x0800ce9c      0x112 ./Drivers/STM32F4xx_HAL_Driver/Src/stm32f4xx_hal_spi.o
                0x0800ce9c                HAL_SPI_Init
 .text.HAL_SPI_Transmit
                0x0800cfae      0x288 ./Drivers/STM32F4xx_HAL_Driver/Src/stm32f4xx_hal_spi.o
                0x0800cfae                HAL_SPI_Transmit
 .text.HAL_SPI_TransmitReceive
                0x0800d236      0x352 ./Drivers/STM32F4xx_HAL_Driver/Src/stm32f4xx_hal_spi.o
                0x0800d236                HAL_SPI_TransmitReceive
 .text.SPI_WaitFlagStateUntilTimeout
                0x0800d588      0x110 ./Drivers/STM32F4xx_HAL_Driver/Src/stm32f4xx_hal_spi.o
 .text.SPI_EndRxTxTransaction
                0x0800d698       0xa8 ./Drivers/STM32F4xx_HAL_Driver/Src/stm32f4xx_hal_spi.o
 .text.HAL_TIM_Base_Init
                0x0800d740       0x9e ./Drivers/STM32F4xx_HAL_Driver/Src/stm32f4xx_hal_tim.o
                0x0800d740                HAL_TIM_Base_Init
 *fill*         0x0800d7de        0x2 
 .text.HAL_TIM_Base_Start_IT
                0x0800d7e0       0xe0 ./Drivers/STM32F4xx_HAL_Driver/Src/stm32f4xx_hal_tim.o
                0x0800d7e0                HAL_TIM_Base_Start_IT
 .text.HAL_TIM_IRQHandler
                0x0800d8c0      0x1e0 ./Drivers/STM32F4xx_HAL_Driver/Src/stm32f4xx_hal_tim.o
                0x0800d8c0                HAL_TIM_IRQHandler
 .text.HAL_TIM_ConfigClockSource
                0x0800daa0      0x18e ./Drivers/STM32F4xx_HAL_Driver/Src/stm32f4xx_hal_tim.o
                0x0800daa0                HAL_TIM_ConfigClockSource
 .text.HAL_TIM_OC_DelayElapsedCallback
                0x0800dc2e       0x14 ./Drivers/STM32F4xx_HAL_Driver/Src/stm32f4xx_hal_tim.o
                0x0800dc2e                HAL_TIM_OC_DelayElapsedCallback
 .text.HAL_TIM_IC_CaptureCallback
                0x0800dc42       0x14 ./Drivers/STM32F4xx_HAL_Driver/Src/stm32f4xx_hal_tim.o
                0x0800dc42                HAL_TIM_IC_CaptureCallback
 .text.HAL_TIM_PWM_PulseFinishedCallback
                0x0800dc56       0x14 ./Drivers/STM32F4xx_HAL_Driver/Src/stm32f4xx_hal_tim.o
                0x0800dc56                HAL_TIM_PWM_PulseFinishedCallback
 .text.HAL_TIM_TriggerCallback
                0x0800dc6a       0x14 ./Drivers/STM32F4xx_HAL_Driver/Src/stm32f4xx_hal_tim.o
                0x0800dc6a                HAL_TIM_TriggerCallback
 *fill*         0x0800dc7e        0x2 
 .text.TIM_Base_SetConfig
                0x0800dc80      0x158 ./Drivers/STM32F4xx_HAL_Driver/Src/stm32f4xx_hal_tim.o
                0x0800dc80                TIM_Base_SetConfig
 .text.TIM_TI1_ConfigInputStage
                0x0800ddd8       0x5e ./Drivers/STM32F4xx_HAL_Driver/Src/stm32f4xx_hal_tim.o
 .text.TIM_TI2_ConfigInputStage
                0x0800de36       0x60 ./Drivers/STM32F4xx_HAL_Driver/Src/stm32f4xx_hal_tim.o
 .text.TIM_ITRx_SetConfig
                0x0800de96       0x36 ./Drivers/STM32F4xx_HAL_Driver/Src/stm32f4xx_hal_tim.o
 .text.TIM_ETR_SetConfig
                0x0800decc       0x40 ./Drivers/STM32F4xx_HAL_Driver/Src/stm32f4xx_hal_tim.o
                0x0800decc                TIM_ETR_SetConfig
 .text.HAL_TIMEx_MasterConfigSynchronization
                0x0800df0c       0xf8 ./Drivers/STM32F4xx_HAL_Driver/Src/stm32f4xx_hal_tim_ex.o
                0x0800df0c                HAL_TIMEx_MasterConfigSynchronization
 .text.HAL_TIMEx_CommutCallback
                0x0800e004       0x14 ./Drivers/STM32F4xx_HAL_Driver/Src/stm32f4xx_hal_tim_ex.o
                0x0800e004                HAL_TIMEx_CommutCallback
 .text.HAL_TIMEx_BreakCallback
                0x0800e018       0x14 ./Drivers/STM32F4xx_HAL_Driver/Src/stm32f4xx_hal_tim_ex.o
                0x0800e018                HAL_TIMEx_BreakCallback
 .text.memset   0x0800e02c       0x10 C:/ST/STM32CubeIDE_1.15.1/STM32CubeIDE/plugins/com.st.stm32cube.ide.mcu.externaltools.gnu-tools-for-stm32.13.3.rel1.win32_1.0.0.202411081344/tools/bin/../lib/gcc/arm-none-eabi/13.3.1/../../../../arm-none-eabi/lib/thumb/v7e-m+fp/hard\libc_nano.a(libc_a-memset.o)
                0x0800e02c                memset
 .text.__errno  0x0800e03c        0xc C:/ST/STM32CubeIDE_1.15.1/STM32CubeIDE/plugins/com.st.stm32cube.ide.mcu.externaltools.gnu-tools-for-stm32.13.3.rel1.win32_1.0.0.202411081344/tools/bin/../lib/gcc/arm-none-eabi/13.3.1/../../../../arm-none-eabi/lib/thumb/v7e-m+fp/hard\libc_nano.a(libc_a-errno.o)
                0x0800e03c                __errno
 .text.__libc_init_array
                0x0800e048       0x48 C:/ST/STM32CubeIDE_1.15.1/STM32CubeIDE/plugins/com.st.stm32cube.ide.mcu.externaltools.gnu-tools-for-stm32.13.3.rel1.win32_1.0.0.202411081344/tools/bin/../lib/gcc/arm-none-eabi/13.3.1/../../../../arm-none-eabi/lib/thumb/v7e-m+fp/hard\libc_nano.a(libc_a-init.o)
                0x0800e048                __libc_init_array
 .text.logf     0x0800e090       0x5c C:/ST/STM32CubeIDE_1.15.1/STM32CubeIDE/plugins/com.st.stm32cube.ide.mcu.externaltools.gnu-tools-for-stm32.13.3.rel1.win32_1.0.0.202411081344/tools/bin/../lib/gcc/arm-none-eabi/13.3.1/../../../../arm-none-eabi/lib/thumb/v7e-m+fp/hard\libm.a(libm_a-wf_log.o)
                0x0800e090                logf
 .text.powf     0x0800e0ec       0xae C:/ST/STM32CubeIDE_1.15.1/STM32CubeIDE/plugins/com.st.stm32cube.ide.mcu.externaltools.gnu-tools-for-stm32.13.3.rel1.win32_1.0.0.202411081344/tools/bin/../lib/gcc/arm-none-eabi/13.3.1/../../../../arm-none-eabi/lib/thumb/v7e-m+fp/hard\libm.a(libm_a-wf_pow.o)
                0x0800e0ec                powf
 .text.finitef  0x0800e19a       0x14 C:/ST/STM32CubeIDE_1.15.1/STM32CubeIDE/plugins/com.st.stm32cube.ide.mcu.externaltools.gnu-tools-for-stm32.13.3.rel1.win32_1.0.0.202411081344/tools/bin/../lib/gcc/arm-none-eabi/13.3.1/../../../../arm-none-eabi/lib/thumb/v7e-m+fp/hard\libm.a(libm_a-sf_finite.o)
                0x0800e19a                finitef
 *fill*         0x0800e1ae        0x2 
 .text.nanf     0x0800e1b0        0xc C:/ST/STM32CubeIDE_1.15.1/STM32CubeIDE/plugins/com.st.stm32cube.ide.mcu.externaltools.gnu-tools-for-stm32.13.3.rel1.win32_1.0.0.202411081344/tools/bin/../lib/gcc/arm-none-eabi/13.3.1/../../../../arm-none-eabi/lib/thumb/v7e-m+fp/hard\libm.a(libm_a-sf_nan.o)
                0x0800e1b0                nanf
 .text.__ieee754_logf
                0x0800e1bc      0x1e4 C:/ST/STM32CubeIDE_1.15.1/STM32CubeIDE/plugins/com.st.stm32cube.ide.mcu.externaltools.gnu-tools-for-stm32.13.3.rel1.win32_1.0.0.202411081344/tools/bin/../lib/gcc/arm-none-eabi/13.3.1/../../../../arm-none-eabi/lib/thumb/v7e-m+fp/hard\libm.a(libm_a-ef_log.o)
                0x0800e1bc                __ieee754_logf
 .text.__ieee754_powf
                0x0800e3a0      0x59c C:/ST/STM32CubeIDE_1.15.1/STM32CubeIDE/plugins/com.st.stm32cube.ide.mcu.externaltools.gnu-tools-for-stm32.13.3.rel1.win32_1.0.0.202411081344/tools/bin/../lib/gcc/arm-none-eabi/13.3.1/../../../../arm-none-eabi/lib/thumb/v7e-m+fp/hard\libm.a(libm_a-ef_pow.o)
                0x0800e3a0                __ieee754_powf
 .text.fabsf    0x0800e93c        0xe C:/ST/STM32CubeIDE_1.15.1/STM32CubeIDE/plugins/com.st.stm32cube.ide.mcu.externaltools.gnu-tools-for-stm32.13.3.rel1.win32_1.0.0.202411081344/tools/bin/../lib/gcc/arm-none-eabi/13.3.1/../../../../arm-none-eabi/lib/thumb/v7e-m+fp/hard\libm.a(libm_a-sf_fabs.o)
                0x0800e93c                fabsf
 *fill*         0x0800e94a        0x2 
 .text.scalbnf  0x0800e94c       0xcc C:/ST/STM32CubeIDE_1.15.1/STM32CubeIDE/plugins/com.st.stm32cube.ide.mcu.externaltools.gnu-tools-for-stm32.13.3.rel1.win32_1.0.0.202411081344/tools/bin/../lib/gcc/arm-none-eabi/13.3.1/../../../../arm-none-eabi/lib/thumb/v7e-m+fp/hard\libm.a(libm_a-sf_scalbn.o)
                0x0800e94c                scalbnf
 .text.with_errnof
                0x0800ea18       0x1c C:/ST/STM32CubeIDE_1.15.1/STM32CubeIDE/plugins/com.st.stm32cube.ide.mcu.externaltools.gnu-tools-for-stm32.13.3.rel1.win32_1.0.0.202411081344/tools/bin/../lib/gcc/arm-none-eabi/13.3.1/../../../../arm-none-eabi/lib/thumb/v7e-m+fp/hard\libm.a(libm_a-math_errf.o)
 .text.xflowf   0x0800ea34       0x16 C:/ST/STM32CubeIDE_1.15.1/STM32CubeIDE/plugins/com.st.stm32cube.ide.mcu.externaltools.gnu-tools-for-stm32.13.3.rel1.win32_1.0.0.202411081344/tools/bin/../lib/gcc/arm-none-eabi/13.3.1/../../../../arm-none-eabi/lib/thumb/v7e-m+fp/hard\libm.a(libm_a-math_errf.o)
 *fill*         0x0800ea4a        0x2 
 .text.__math_uflowf
                0x0800ea4c        0xc C:/ST/STM32CubeIDE_1.15.1/STM32CubeIDE/plugins/com.st.stm32cube.ide.mcu.externaltools.gnu-tools-for-stm32.13.3.rel1.win32_1.0.0.202411081344/tools/bin/../lib/gcc/arm-none-eabi/13.3.1/../../../../arm-none-eabi/lib/thumb/v7e-m+fp/hard\libm.a(libm_a-math_errf.o)
                0x0800ea4c                __math_uflowf
 .text.__math_oflowf
                0x0800ea58        0xc C:/ST/STM32CubeIDE_1.15.1/STM32CubeIDE/plugins/com.st.stm32cube.ide.mcu.externaltools.gnu-tools-for-stm32.13.3.rel1.win32_1.0.0.202411081344/tools/bin/../lib/gcc/arm-none-eabi/13.3.1/../../../../arm-none-eabi/lib/thumb/v7e-m+fp/hard\libm.a(libm_a-math_errf.o)
                0x0800ea58                __math_oflowf
 .text.__ieee754_sqrtf
                0x0800ea64        0x6 C:/ST/STM32CubeIDE_1.15.1/STM32CubeIDE/plugins/com.st.stm32cube.ide.mcu.externaltools.gnu-tools-for-stm32.13.3.rel1.win32_1.0.0.202411081344/tools/bin/../lib/gcc/arm-none-eabi/13.3.1/../../../../arm-none-eabi/lib/thumb/v7e-m+fp/hard\libm.a(libm_a-ef_sqrt.o)
                0x0800ea64                __ieee754_sqrtf
 *(.glue_7)
 .glue_7        0x0800ea6a        0x0 linker stubs
 *(.glue_7t)
 .glue_7t       0x0800ea6a        0x0 linker stubs
 *(.eh_frame)
 *fill*         0x0800ea6a        0x2 
 .eh_frame      0x0800ea6c        0x0 C:/ST/STM32CubeIDE_1.15.1/STM32CubeIDE/plugins/com.st.stm32cube.ide.mcu.externaltools.gnu-tools-for-stm32.13.3.rel1.win32_1.0.0.202411081344/tools/bin/../lib/gcc/arm-none-eabi/13.3.1/thumb/v7e-m+fp/hard/crtbegin.o
 *(.init)
 .init          0x0800ea6c        0x4 C:/ST/STM32CubeIDE_1.15.1/STM32CubeIDE/plugins/com.st.stm32cube.ide.mcu.externaltools.gnu-tools-for-stm32.13.3.rel1.win32_1.0.0.202411081344/tools/bin/../lib/gcc/arm-none-eabi/13.3.1/thumb/v7e-m+fp/hard/crti.o
                0x0800ea6c                _init
 .init          0x0800ea70        0x8 C:/ST/STM32CubeIDE_1.15.1/STM32CubeIDE/plugins/com.st.stm32cube.ide.mcu.externaltools.gnu-tools-for-stm32.13.3.rel1.win32_1.0.0.202411081344/tools/bin/../lib/gcc/arm-none-eabi/13.3.1/thumb/v7e-m+fp/hard/crtn.o
 *(.fini)
 .fini          0x0800ea78        0x4 C:/ST/STM32CubeIDE_1.15.1/STM32CubeIDE/plugins/com.st.stm32cube.ide.mcu.externaltools.gnu-tools-for-stm32.13.3.rel1.win32_1.0.0.202411081344/tools/bin/../lib/gcc/arm-none-eabi/13.3.1/thumb/v7e-m+fp/hard/crti.o
                0x0800ea78                _fini
 .fini          0x0800ea7c        0x8 C:/ST/STM32CubeIDE_1.15.1/STM32CubeIDE/plugins/com.st.stm32cube.ide.mcu.externaltools.gnu-tools-for-stm32.13.3.rel1.win32_1.0.0.202411081344/tools/bin/../lib/gcc/arm-none-eabi/13.3.1/thumb/v7e-m+fp/hard/crtn.o
                0x0800ea84                        . = ALIGN (0x4)
                0x0800ea84                        _etext = .

.vfp11_veneer   0x0800ea84        0x0
 .vfp11_veneer  0x0800ea84        0x0 linker stubs

.v4_bx          0x0800ea84        0x0
 .v4_bx         0x0800ea84        0x0 linker stubs

.iplt           0x0800ea84        0x0
 .iplt          0x0800ea84        0x0 C:/ST/STM32CubeIDE_1.15.1/STM32CubeIDE/plugins/com.st.stm32cube.ide.mcu.externaltools.gnu-tools-for-stm32.13.3.rel1.win32_1.0.0.202411081344/tools/bin/../lib/gcc/arm-none-eabi/13.3.1/thumb/v7e-m+fp/hard/crtbegin.o

.rodata         0x0800ea84       0x34
                0x0800ea84                        . = ALIGN (0x4)
 *(.rodata)
 .rodata        0x0800ea84        0x8 ./Core/Src/torch_ltc6813.o
 *(.rodata*)
 .rodata.AHBPrescTable
                0x0800ea8c       0x10 ./Core/Src/system_stm32f4xx.o
                0x0800ea8c                AHBPrescTable
 .rodata.moduleID
                0x0800ea9c        0x1 ./Core/Src/torch_main.o
                0x0800ea9c                moduleID
 .rodata.logf.str1.1
                0x0800ea9d        0x1 C:/ST/STM32CubeIDE_1.15.1/STM32CubeIDE/plugins/com.st.stm32cube.ide.mcu.externaltools.gnu-tools-for-stm32.13.3.rel1.win32_1.0.0.202411081344/tools/bin/../lib/gcc/arm-none-eabi/13.3.1/../../../../arm-none-eabi/lib/thumb/v7e-m+fp/hard\libm.a(libm_a-wf_log.o)
 *fill*         0x0800ea9e        0x2 
 .rodata.dp_l   0x0800eaa0        0x8 C:/ST/STM32CubeIDE_1.15.1/STM32CubeIDE/plugins/com.st.stm32cube.ide.mcu.externaltools.gnu-tools-for-stm32.13.3.rel1.win32_1.0.0.202411081344/tools/bin/../lib/gcc/arm-none-eabi/13.3.1/../../../../arm-none-eabi/lib/thumb/v7e-m+fp/hard\libm.a(libm_a-ef_pow.o)
 .rodata.dp_h   0x0800eaa8        0x8 C:/ST/STM32CubeIDE_1.15.1/STM32CubeIDE/plugins/com.st.stm32cube.ide.mcu.externaltools.gnu-tools-for-stm32.13.3.rel1.win32_1.0.0.202411081344/tools/bin/../lib/gcc/arm-none-eabi/13.3.1/../../../../arm-none-eabi/lib/thumb/v7e-m+fp/hard\libm.a(libm_a-ef_pow.o)
 .rodata.bp     0x0800eab0        0x8 C:/ST/STM32CubeIDE_1.15.1/STM32CubeIDE/plugins/com.st.stm32cube.ide.mcu.externaltools.gnu-tools-for-stm32.13.3.rel1.win32_1.0.0.202411081344/tools/bin/../lib/gcc/arm-none-eabi/13.3.1/../../../../arm-none-eabi/lib/thumb/v7e-m+fp/hard\libm.a(libm_a-ef_pow.o)
                0x0800eab8                        . = ALIGN (0x4)

.ARM.extab      0x0800eab8        0x0
                0x0800eab8                        . = ALIGN (0x4)
 *(.ARM.extab* .gnu.linkonce.armextab.*)
                0x0800eab8                        . = ALIGN (0x4)

.ARM            0x0800eab8        0x8
                0x0800eab8                        . = ALIGN (0x4)
                0x0800eab8                        __exidx_start = .
 *(.ARM.exidx*)
 .ARM.exidx     0x0800eab8        0x8 C:/ST/STM32CubeIDE_1.15.1/STM32CubeIDE/plugins/com.st.stm32cube.ide.mcu.externaltools.gnu-tools-for-stm32.13.3.rel1.win32_1.0.0.202411081344/tools/bin/../lib/gcc/arm-none-eabi/13.3.1/thumb/v7e-m+fp/hard\libgcc.a(_udivmoddi4.o)
                0x0800eac0                        __exidx_end = .
                0x0800eac0                        . = ALIGN (0x4)

.preinit_array  0x0800eac0        0x0
                0x0800eac0                        . = ALIGN (0x4)
                0x0800eac0                        PROVIDE (__preinit_array_start = .)
 *(.preinit_array*)
                0x0800eac0                        PROVIDE (__preinit_array_end = .)
                0x0800eac0                        . = ALIGN (0x4)

.init_array     0x0800eac0        0x4
                0x0800eac0                        . = ALIGN (0x4)
                0x0800eac0                        PROVIDE (__init_array_start = .)
 *(SORT_BY_NAME(.init_array.*))
 *(.init_array*)
 .init_array    0x0800eac0        0x4 C:/ST/STM32CubeIDE_1.15.1/STM32CubeIDE/plugins/com.st.stm32cube.ide.mcu.externaltools.gnu-tools-for-stm32.13.3.rel1.win32_1.0.0.202411081344/tools/bin/../lib/gcc/arm-none-eabi/13.3.1/thumb/v7e-m+fp/hard/crtbegin.o
                0x0800eac4                        PROVIDE (__init_array_end = .)
                0x0800eac4                        . = ALIGN (0x4)

.fini_array     0x0800eac4        0x4
                0x0800eac4                        . = ALIGN (0x4)
                [!provide]                        PROVIDE (__fini_array_start = .)
 *(SORT_BY_NAME(.fini_array.*))
 *(.fini_array*)
 .fini_array    0x0800eac4        0x4 C:/ST/STM32CubeIDE_1.15.1/STM32CubeIDE/plugins/com.st.stm32cube.ide.mcu.externaltools.gnu-tools-for-stm32.13.3.rel1.win32_1.0.0.202411081344/tools/bin/../lib/gcc/arm-none-eabi/13.3.1/thumb/v7e-m+fp/hard/crtbegin.o
                [!provide]                        PROVIDE (__fini_array_end = .)
                0x0800eac8                        . = ALIGN (0x4)
                0x0800eac8                        _sidata = LOADADDR (.data)

.rel.dyn        0x0800eac8        0x0
 .rel.iplt      0x0800eac8        0x0 C:/ST/STM32CubeIDE_1.15.1/STM32CubeIDE/plugins/com.st.stm32cube.ide.mcu.externaltools.gnu-tools-for-stm32.13.3.rel1.win32_1.0.0.202411081344/tools/bin/../lib/gcc/arm-none-eabi/13.3.1/thumb/v7e-m+fp/hard/crtbegin.o

.data           0x20000000       0x60 load address 0x0800eac8
                0x20000000                        . = ALIGN (0x4)
                0x20000000                        _sdata = .
 *(.data)
 *(.data*)
 .data.SystemCoreClock
                0x20000000        0x4 ./Core/Src/system_stm32f4xx.o
                0x20000000                SystemCoreClock
 .data.CRC15_Poly
                0x20000004        0x2 ./Core/Src/torch_ltc6813.o
                0x20000004                CRC15_Poly
 .data.forceBalance
                0x20000006        0x1 ./Core/Src/torch_main.o
                0x20000006                forceBalance
 *fill*         0x20000007        0x1 
 .data.uwTickPrio
                0x20000008        0x4 ./Drivers/STM32F4xx_HAL_Driver/Src/stm32f4xx_hal.o
                0x20000008                uwTickPrio
 .data.uwTickFreq
                0x2000000c        0x1 ./Drivers/STM32F4xx_HAL_Driver/Src/stm32f4xx_hal.o
                0x2000000c                uwTickFreq
 *fill*         0x2000000d        0x3 
 .data._impure_ptr
                0x20000010        0x4 C:/ST/STM32CubeIDE_1.15.1/STM32CubeIDE/plugins/com.st.stm32cube.ide.mcu.externaltools.gnu-tools-for-stm32.13.3.rel1.win32_1.0.0.202411081344/tools/bin/../lib/gcc/arm-none-eabi/13.3.1/../../../../arm-none-eabi/lib/thumb/v7e-m+fp/hard\libc_nano.a(libc_a-impure.o)
                0x20000010                _impure_ptr
 .data._impure_data
                0x20000014       0x4c C:/ST/STM32CubeIDE_1.15.1/STM32CubeIDE/plugins/com.st.stm32cube.ide.mcu.externaltools.gnu-tools-for-stm32.13.3.rel1.win32_1.0.0.202411081344/tools/bin/../lib/gcc/arm-none-eabi/13.3.1/../../../../arm-none-eabi/lib/thumb/v7e-m+fp/hard\libc_nano.a(libc_a-impure.o)
                0x20000014                _impure_data
 *(.RamFunc)
 *(.RamFunc*)
                0x20000060                        . = ALIGN (0x4)
                0x20000060                        _edata = .

.igot.plt       0x20000060        0x0 load address 0x0800eb28
 .igot.plt      0x20000060        0x0 C:/ST/STM32CubeIDE_1.15.1/STM32CubeIDE/plugins/com.st.stm32cube.ide.mcu.externaltools.gnu-tools-for-stm32.13.3.rel1.win32_1.0.0.202411081344/tools/bin/../lib/gcc/arm-none-eabi/13.3.1/thumb/v7e-m+fp/hard/crtbegin.o
                0x20000060                        . = ALIGN (0x4)

.bss            0x20000060      0x4d8 load address 0x0800eb28
                0x20000060                        _sbss = .
                0x20000060                        __bss_start__ = _sbss
 *(.bss)
 .bss           0x20000060       0x1c C:/ST/STM32CubeIDE_1.15.1/STM32CubeIDE/plugins/com.st.stm32cube.ide.mcu.externaltools.gnu-tools-for-stm32.13.3.rel1.win32_1.0.0.202411081344/tools/bin/../lib/gcc/arm-none-eabi/13.3.1/thumb/v7e-m+fp/hard/crtbegin.o
 *(.bss*)
 .bss.hadc1     0x2000007c       0x48 ./Core/Src/main.o
                0x2000007c                hadc1
 .bss.hcan1     0x200000c4       0x28 ./Core/Src/main.o
                0x200000c4                hcan1
 .bss.hspi1     0x200000ec       0x58 ./Core/Src/main.o
                0x200000ec                hspi1
 .bss.hspi3     0x20000144       0x58 ./Core/Src/main.o
                0x20000144                hspi3
 .bss.htim2     0x2000019c       0x48 ./Core/Src/main.o
                0x2000019c                htim2
 .bss.PEC15_table
                0x200001e4      0x200 ./Core/Src/torch_ltc6813.o
                0x200001e4                PEC15_table
 .bss.transmissionDelay
                0x200003e4        0x2 ./Core/Src/torch_main.o
                0x200003e4                transmissionDelay
 *fill*         0x200003e6        0x2 
 .bss.transmitCounter
                0x200003e8        0x4 ./Core/Src/torch_main.o
                0x200003e8                transmitCounter
 .bss.measureCounter
                0x200003ec        0x4 ./Core/Src/torch_main.o
                0x200003ec                measureCounter
 .bss.balanceCounter
                0x200003f0        0x4 ./Core/Src/torch_main.o
                0x200003f0                balanceCounter
 .bss.transientCounter
                0x200003f4        0x4 ./Core/Src/torch_main.o
                0x200003f4                transientCounter
 .bss.Counter   0x200003f8        0x4 ./Core/Src/torch_stm32.o
                0x200003f8                Counter
 .bss.uwTick    0x200003fc        0x4 ./Drivers/STM32F4xx_HAL_Driver/Src/stm32f4xx_hal.o
                0x200003fc                uwTick
 .bss.__sf      0x20000400      0x138 C:/ST/STM32CubeIDE_1.15.1/STM32CubeIDE/plugins/com.st.stm32cube.ide.mcu.externaltools.gnu-tools-for-stm32.13.3.rel1.win32_1.0.0.202411081344/tools/bin/../lib/gcc/arm-none-eabi/13.3.1/../../../../arm-none-eabi/lib/thumb/v7e-m+fp/hard\libc_nano.a(libc_a-findfp.o)
                0x20000400                __sf
 *(COMMON)
                0x20000538                        . = ALIGN (0x4)
                0x20000538                        _ebss = .
                0x20000538                        __bss_end__ = _ebss

._user_heap_stack
                0x20000538      0x600 load address 0x0800eb28
                0x20000538                        . = ALIGN (0x8)
                [!provide]                        PROVIDE (end = .)
                0x20000538                        PROVIDE (_end = .)
                0x20000738                        . = (. + _Min_Heap_Size)
 *fill*         0x20000538      0x200 
                0x20000b38                        . = (. + _Min_Stack_Size)
 *fill*         0x20000738      0x400 
                0x20000b38                        . = ALIGN (0x8)

/DISCARD/
 libc.a(*)
 libm.a(*)
 libgcc.a(*)

.ARM.attributes
                0x00000000       0x30
 *(.ARM.attributes)
 .ARM.attributes
                0x00000000       0x22 C:/ST/STM32CubeIDE_1.15.1/STM32CubeIDE/plugins/com.st.stm32cube.ide.mcu.externaltools.gnu-tools-for-stm32.13.3.rel1.win32_1.0.0.202411081344/tools/bin/../lib/gcc/arm-none-eabi/13.3.1/thumb/v7e-m+fp/hard/crti.o
 .ARM.attributes
                0x00000022       0x34 C:/ST/STM32CubeIDE_1.15.1/STM32CubeIDE/plugins/com.st.stm32cube.ide.mcu.externaltools.gnu-tools-for-stm32.13.3.rel1.win32_1.0.0.202411081344/tools/bin/../lib/gcc/arm-none-eabi/13.3.1/thumb/v7e-m+fp/hard/crtbegin.o
 .ARM.attributes
                0x00000056       0x34 ./Core/Src/main.o
 .ARM.attributes
                0x0000008a       0x34 ./Core/Src/stm32f4xx_hal_msp.o
 .ARM.attributes
                0x000000be       0x34 ./Core/Src/stm32f4xx_it.o
 .ARM.attributes
                0x000000f2       0x34 ./Core/Src/system_stm32f4xx.o
 .ARM.attributes
                0x00000126       0x34 ./Core/Src/torch_balance.o
 .ARM.attributes
                0x0000015a       0x34 ./Core/Src/torch_can.o
 .ARM.attributes
                0x0000018e       0x34 ./Core/Src/torch_diagnostic.o
 .ARM.attributes
                0x000001c2       0x34 ./Core/Src/torch_ltc6813.o
 .ARM.attributes
                0x000001f6       0x34 ./Core/Src/torch_main.o
 .ARM.attributes
                0x0000022a       0x34 ./Core/Src/torch_stm32.o
 .ARM.attributes
                0x0000025e       0x34 ./Core/Src/torch_temperature.o
 .ARM.attributes
                0x00000292       0x34 ./Core/Src/torch_voltage.o
 .ARM.attributes
                0x000002c6       0x21 ./Core/Startup/startup_stm32f446rctx.o
 .ARM.attributes
                0x000002e7       0x34 ./Drivers/STM32F4xx_HAL_Driver/Src/stm32f4xx_hal.o
 .ARM.attributes
                0x0000031b       0x34 ./Drivers/STM32F4xx_HAL_Driver/Src/stm32f4xx_hal_adc.o
 .ARM.attributes
                0x0000034f       0x34 ./Drivers/STM32F4xx_HAL_Driver/Src/stm32f4xx_hal_can.o
 .ARM.attributes
                0x00000383       0x34 ./Drivers/STM32F4xx_HAL_Driver/Src/stm32f4xx_hal_cortex.o
 .ARM.attributes
                0x000003b7       0x34 ./Drivers/STM32F4xx_HAL_Driver/Src/stm32f4xx_hal_gpio.o
 .ARM.attributes
                0x000003eb       0x34 ./Drivers/STM32F4xx_HAL_Driver/Src/stm32f4xx_hal_rcc.o
 .ARM.attributes
                0x0000041f       0x34 ./Drivers/STM32F4xx_HAL_Driver/Src/stm32f4xx_hal_rcc_ex.o
 .ARM.attributes
                0x00000453       0x34 ./Drivers/STM32F4xx_HAL_Driver/Src/stm32f4xx_hal_spi.o
 .ARM.attributes
                0x00000487       0x34 ./Drivers/STM32F4xx_HAL_Driver/Src/stm32f4xx_hal_tim.o
 .ARM.attributes
                0x000004bb       0x34 ./Drivers/STM32F4xx_HAL_Driver/Src/stm32f4xx_hal_tim_ex.o
 .ARM.attributes
                0x000004ef       0x34 C:/ST/STM32CubeIDE_1.15.1/STM32CubeIDE/plugins/com.st.stm32cube.ide.mcu.externaltools.gnu-tools-for-stm32.13.3.rel1.win32_1.0.0.202411081344/tools/bin/../lib/gcc/arm-none-eabi/13.3.1/../../../../arm-none-eabi/lib/thumb/v7e-m+fp/hard\libc_nano.a(libc_a-findfp.o)
 .ARM.attributes
                0x00000523       0x34 C:/ST/STM32CubeIDE_1.15.1/STM32CubeIDE/plugins/com.st.stm32cube.ide.mcu.externaltools.gnu-tools-for-stm32.13.3.rel1.win32_1.0.0.202411081344/tools/bin/../lib/gcc/arm-none-eabi/13.3.1/../../../../arm-none-eabi/lib/thumb/v7e-m+fp/hard\libc_nano.a(libc_a-memset.o)
 .ARM.attributes
                0x00000557       0x34 C:/ST/STM32CubeIDE_1.15.1/STM32CubeIDE/plugins/com.st.stm32cube.ide.mcu.externaltools.gnu-tools-for-stm32.13.3.rel1.win32_1.0.0.202411081344/tools/bin/../lib/gcc/arm-none-eabi/13.3.1/../../../../arm-none-eabi/lib/thumb/v7e-m+fp/hard\libc_nano.a(libc_a-impure.o)
 .ARM.attributes
                0x0000058b       0x34 C:/ST/STM32CubeIDE_1.15.1/STM32CubeIDE/plugins/com.st.stm32cube.ide.mcu.externaltools.gnu-tools-for-stm32.13.3.rel1.win32_1.0.0.202411081344/tools/bin/../lib/gcc/arm-none-eabi/13.3.1/../../../../arm-none-eabi/lib/thumb/v7e-m+fp/hard\libc_nano.a(libc_a-errno.o)
 .ARM.attributes
                0x000005bf       0x34 C:/ST/STM32CubeIDE_1.15.1/STM32CubeIDE/plugins/com.st.stm32cube.ide.mcu.externaltools.gnu-tools-for-stm32.13.3.rel1.win32_1.0.0.202411081344/tools/bin/../lib/gcc/arm-none-eabi/13.3.1/../../../../arm-none-eabi/lib/thumb/v7e-m+fp/hard\libc_nano.a(libc_a-init.o)
 .ARM.attributes
                0x000005f3       0x34 C:/ST/STM32CubeIDE_1.15.1/STM32CubeIDE/plugins/com.st.stm32cube.ide.mcu.externaltools.gnu-tools-for-stm32.13.3.rel1.win32_1.0.0.202411081344/tools/bin/../lib/gcc/arm-none-eabi/13.3.1/../../../../arm-none-eabi/lib/thumb/v7e-m+fp/hard\libm.a(libm_a-wf_log.o)
 .ARM.attributes
                0x00000627       0x34 C:/ST/STM32CubeIDE_1.15.1/STM32CubeIDE/plugins/com.st.stm32cube.ide.mcu.externaltools.gnu-tools-for-stm32.13.3.rel1.win32_1.0.0.202411081344/tools/bin/../lib/gcc/arm-none-eabi/13.3.1/../../../../arm-none-eabi/lib/thumb/v7e-m+fp/hard\libm.a(libm_a-wf_pow.o)
 .ARM.attributes
                0x0000065b       0x34 C:/ST/STM32CubeIDE_1.15.1/STM32CubeIDE/plugins/com.st.stm32cube.ide.mcu.externaltools.gnu-tools-for-stm32.13.3.rel1.win32_1.0.0.202411081344/tools/bin/../lib/gcc/arm-none-eabi/13.3.1/../../../../arm-none-eabi/lib/thumb/v7e-m+fp/hard\libm.a(libm_a-sf_finite.o)
 .ARM.attributes
                0x0000068f       0x34 C:/ST/STM32CubeIDE_1.15.1/STM32CubeIDE/plugins/com.st.stm32cube.ide.mcu.externaltools.gnu-tools-for-stm32.13.3.rel1.win32_1.0.0.202411081344/tools/bin/../lib/gcc/arm-none-eabi/13.3.1/../../../../arm-none-eabi/lib/thumb/v7e-m+fp/hard\libm.a(libm_a-sf_nan.o)
 .ARM.attributes
                0x000006c3       0x34 C:/ST/STM32CubeIDE_1.15.1/STM32CubeIDE/plugins/com.st.stm32cube.ide.mcu.externaltools.gnu-tools-for-stm32.13.3.rel1.win32_1.0.0.202411081344/tools/bin/../lib/gcc/arm-none-eabi/13.3.1/../../../../arm-none-eabi/lib/thumb/v7e-m+fp/hard\libm.a(libm_a-ef_log.o)
 .ARM.attributes
                0x000006f7       0x34 C:/ST/STM32CubeIDE_1.15.1/STM32CubeIDE/plugins/com.st.stm32cube.ide.mcu.externaltools.gnu-tools-for-stm32.13.3.rel1.win32_1.0.0.202411081344/tools/bin/../lib/gcc/arm-none-eabi/13.3.1/../../../../arm-none-eabi/lib/thumb/v7e-m+fp/hard\libm.a(libm_a-ef_pow.o)
 .ARM.attributes
                0x0000072b       0x34 C:/ST/STM32CubeIDE_1.15.1/STM32CubeIDE/plugins/com.st.stm32cube.ide.mcu.externaltools.gnu-tools-for-stm32.13.3.rel1.win32_1.0.0.202411081344/tools/bin/../lib/gcc/arm-none-eabi/13.3.1/../../../../arm-none-eabi/lib/thumb/v7e-m+fp/hard\libm.a(libm_a-sf_fabs.o)
 .ARM.attributes
                0x0000075f       0x34 C:/ST/STM32CubeIDE_1.15.1/STM32CubeIDE/plugins/com.st.stm32cube.ide.mcu.externaltools.gnu-tools-for-stm32.13.3.rel1.win32_1.0.0.202411081344/tools/bin/../lib/gcc/arm-none-eabi/13.3.1/../../../../arm-none-eabi/lib/thumb/v7e-m+fp/hard\libm.a(libm_a-sf_scalbn.o)
 .ARM.attributes
                0x00000793       0x34 C:/ST/STM32CubeIDE_1.15.1/STM32CubeIDE/plugins/com.st.stm32cube.ide.mcu.externaltools.gnu-tools-for-stm32.13.3.rel1.win32_1.0.0.202411081344/tools/bin/../lib/gcc/arm-none-eabi/13.3.1/../../../../arm-none-eabi/lib/thumb/v7e-m+fp/hard\libm.a(libm_a-math_errf.o)
 .ARM.attributes
                0x000007c7       0x34 C:/ST/STM32CubeIDE_1.15.1/STM32CubeIDE/plugins/com.st.stm32cube.ide.mcu.externaltools.gnu-tools-for-stm32.13.3.rel1.win32_1.0.0.202411081344/tools/bin/../lib/gcc/arm-none-eabi/13.3.1/../../../../arm-none-eabi/lib/thumb/v7e-m+fp/hard\libm.a(libm_a-ef_sqrt.o)
 .ARM.attributes
                0x000007fb       0x22 C:/ST/STM32CubeIDE_1.15.1/STM32CubeIDE/plugins/com.st.stm32cube.ide.mcu.externaltools.gnu-tools-for-stm32.13.3.rel1.win32_1.0.0.202411081344/tools/bin/../lib/gcc/arm-none-eabi/13.3.1/thumb/v7e-m+fp/hard\libgcc.a(_arm_addsubdf3.o)
 .ARM.attributes
                0x0000081d       0x22 C:/ST/STM32CubeIDE_1.15.1/STM32CubeIDE/plugins/com.st.stm32cube.ide.mcu.externaltools.gnu-tools-for-stm32.13.3.rel1.win32_1.0.0.202411081344/tools/bin/../lib/gcc/arm-none-eabi/13.3.1/thumb/v7e-m+fp/hard\libgcc.a(_arm_muldivdf3.o)
 .ARM.attributes
                0x0000083f       0x22 C:/ST/STM32CubeIDE_1.15.1/STM32CubeIDE/plugins/com.st.stm32cube.ide.mcu.externaltools.gnu-tools-for-stm32.13.3.rel1.win32_1.0.0.202411081344/tools/bin/../lib/gcc/arm-none-eabi/13.3.1/thumb/v7e-m+fp/hard\libgcc.a(_arm_truncdfsf2.o)
 .ARM.attributes
                0x00000861       0x22 C:/ST/STM32CubeIDE_1.15.1/STM32CubeIDE/plugins/com.st.stm32cube.ide.mcu.externaltools.gnu-tools-for-stm32.13.3.rel1.win32_1.0.0.202411081344/tools/bin/../lib/gcc/arm-none-eabi/13.3.1/thumb/v7e-m+fp/hard\libgcc.a(_aeabi_uldivmod.o)
 .ARM.attributes
                0x00000883       0x34 C:/ST/STM32CubeIDE_1.15.1/STM32CubeIDE/plugins/com.st.stm32cube.ide.mcu.externaltools.gnu-tools-for-stm32.13.3.rel1.win32_1.0.0.202411081344/tools/bin/../lib/gcc/arm-none-eabi/13.3.1/thumb/v7e-m+fp/hard\libgcc.a(_udivmoddi4.o)
 .ARM.attributes
                0x000008b7       0x22 C:/ST/STM32CubeIDE_1.15.1/STM32CubeIDE/plugins/com.st.stm32cube.ide.mcu.externaltools.gnu-tools-for-stm32.13.3.rel1.win32_1.0.0.202411081344/tools/bin/../lib/gcc/arm-none-eabi/13.3.1/thumb/v7e-m+fp/hard\libgcc.a(_dvmd_tls.o)
 .ARM.attributes
                0x000008d9       0x22 C:/ST/STM32CubeIDE_1.15.1/STM32CubeIDE/plugins/com.st.stm32cube.ide.mcu.externaltools.gnu-tools-for-stm32.13.3.rel1.win32_1.0.0.202411081344/tools/bin/../lib/gcc/arm-none-eabi/13.3.1/thumb/v7e-m+fp/hard/crtn.o
OUTPUT(wfr25_torch_bms.elf elf32-littlearm)
LOAD linker stubs
LOAD C:/ST/STM32CubeIDE_1.15.1/STM32CubeIDE/plugins/com.st.stm32cube.ide.mcu.externaltools.gnu-tools-for-stm32.13.3.rel1.win32_1.0.0.202411081344/tools/bin/../lib/gcc/arm-none-eabi/13.3.1/../../../../arm-none-eabi/lib/thumb/v7e-m+fp/hard\libc.a
LOAD C:/ST/STM32CubeIDE_1.15.1/STM32CubeIDE/plugins/com.st.stm32cube.ide.mcu.externaltools.gnu-tools-for-stm32.13.3.rel1.win32_1.0.0.202411081344/tools/bin/../lib/gcc/arm-none-eabi/13.3.1/../../../../arm-none-eabi/lib/thumb/v7e-m+fp/hard\libm.a
LOAD C:/ST/STM32CubeIDE_1.15.1/STM32CubeIDE/plugins/com.st.stm32cube.ide.mcu.externaltools.gnu-tools-for-stm32.13.3.rel1.win32_1.0.0.202411081344/tools/bin/../lib/gcc/arm-none-eabi/13.3.1/thumb/v7e-m+fp/hard\libgcc.a

.debug_info     0x00000000    0x154dc
 .debug_info    0x00000000     0x1bf7 ./Core/Src/main.o
 .debug_info    0x00001bf7     0x1717 ./Core/Src/stm32f4xx_hal_msp.o
 .debug_info    0x0000330e      0x514 ./Core/Src/stm32f4xx_it.o
 .debug_info    0x00003822      0x54a ./Core/Src/system_stm32f4xx.o
 .debug_info    0x00003d6c     0x18a9 ./Core/Src/torch_balance.o
 .debug_info    0x00005615      0xa85 ./Core/Src/torch_can.o
 .debug_info    0x0000609a      0xf0c ./Core/Src/torch_diagnostic.o
 .debug_info    0x00006fa6     0x17b9 ./Core/Src/torch_ltc6813.o
 .debug_info    0x0000875f     0x10d8 ./Core/Src/torch_main.o
 .debug_info    0x00009837      0xd1f ./Core/Src/torch_stm32.o
 .debug_info    0x0000a556      0xc17 ./Core/Src/torch_temperature.o
 .debug_info    0x0000b16d      0x2fa ./Core/Src/torch_voltage.o
 .debug_info    0x0000b467       0x30 ./Core/Startup/startup_stm32f446rctx.o
 .debug_info    0x0000b497      0x99a ./Drivers/STM32F4xx_HAL_Driver/Src/stm32f4xx_hal.o
 .debug_info    0x0000be31      0xcd4 ./Drivers/STM32F4xx_HAL_Driver/Src/stm32f4xx_hal_adc.o
 .debug_info    0x0000cb05      0xf44 ./Drivers/STM32F4xx_HAL_Driver/Src/stm32f4xx_hal_can.o
 .debug_info    0x0000da49      0xdaa ./Drivers/STM32F4xx_HAL_Driver/Src/stm32f4xx_hal_cortex.o
 .debug_info    0x0000e7f3      0x70b ./Drivers/STM32F4xx_HAL_Driver/Src/stm32f4xx_hal_gpio.o
 .debug_info    0x0000eefe      0x8eb ./Drivers/STM32F4xx_HAL_Driver/Src/stm32f4xx_hal_rcc.o
 .debug_info    0x0000f7e9      0x956 ./Drivers/STM32F4xx_HAL_Driver/Src/stm32f4xx_hal_rcc_ex.o
 .debug_info    0x0001013f     0x1525 ./Drivers/STM32F4xx_HAL_Driver/Src/stm32f4xx_hal_spi.o
 .debug_info    0x00011664     0x299d ./Drivers/STM32F4xx_HAL_Driver/Src/stm32f4xx_hal_tim.o
 .debug_info    0x00014001     0x14db ./Drivers/STM32F4xx_HAL_Driver/Src/stm32f4xx_hal_tim_ex.o

.debug_abbrev   0x00000000     0x317e
 .debug_abbrev  0x00000000      0x33a ./Core/Src/main.o
 .debug_abbrev  0x0000033a      0x26d ./Core/Src/stm32f4xx_hal_msp.o
 .debug_abbrev  0x000005a7      0x190 ./Core/Src/stm32f4xx_it.o
 .debug_abbrev  0x00000737      0x11a ./Core/Src/system_stm32f4xx.o
 .debug_abbrev  0x00000851      0x2ea ./Core/Src/torch_balance.o
 .debug_abbrev  0x00000b3b      0x27e ./Core/Src/torch_can.o
 .debug_abbrev  0x00000db9      0x13d ./Core/Src/torch_diagnostic.o
 .debug_abbrev  0x00000ef6      0x2d2 ./Core/Src/torch_ltc6813.o
 .debug_abbrev  0x000011c8      0x2ba ./Core/Src/torch_main.o
 .debug_abbrev  0x00001482      0x217 ./Core/Src/torch_stm32.o
 .debug_abbrev  0x00001699      0x1f3 ./Core/Src/torch_temperature.o
 .debug_abbrev  0x0000188c       0xe7 ./Core/Src/torch_voltage.o
 .debug_abbrev  0x00001973       0x24 ./Core/Startup/startup_stm32f446rctx.o
 .debug_abbrev  0x00001997      0x214 ./Drivers/STM32F4xx_HAL_Driver/Src/stm32f4xx_hal.o
 .debug_abbrev  0x00001bab      0x252 ./Drivers/STM32F4xx_HAL_Driver/Src/stm32f4xx_hal_adc.o
 .debug_abbrev  0x00001dfd      0x25a ./Drivers/STM32F4xx_HAL_Driver/Src/stm32f4xx_hal_can.o
 .debug_abbrev  0x00002057      0x31d ./Drivers/STM32F4xx_HAL_Driver/Src/stm32f4xx_hal_cortex.o
 .debug_abbrev  0x00002374      0x1d4 ./Drivers/STM32F4xx_HAL_Driver/Src/stm32f4xx_hal_gpio.o
 .debug_abbrev  0x00002548      0x2b7 ./Drivers/STM32F4xx_HAL_Driver/Src/stm32f4xx_hal_rcc.o
 .debug_abbrev  0x000027ff      0x20a ./Drivers/STM32F4xx_HAL_Driver/Src/stm32f4xx_hal_rcc_ex.o
 .debug_abbrev  0x00002a09      0x27a ./Drivers/STM32F4xx_HAL_Driver/Src/stm32f4xx_hal_spi.o
 .debug_abbrev  0x00002c83      0x278 ./Drivers/STM32F4xx_HAL_Driver/Src/stm32f4xx_hal_tim.o
 .debug_abbrev  0x00002efb      0x283 ./Drivers/STM32F4xx_HAL_Driver/Src/stm32f4xx_hal_tim_ex.o

.debug_aranges  0x00000000     0x1220
 .debug_aranges
                0x00000000       0x70 ./Core/Src/main.o
 .debug_aranges
                0x00000070       0x60 ./Core/Src/stm32f4xx_hal_msp.o
 .debug_aranges
                0x000000d0       0x70 ./Core/Src/stm32f4xx_it.o
 .debug_aranges
                0x00000140       0x28 ./Core/Src/system_stm32f4xx.o
 .debug_aranges
                0x00000168       0x50 ./Core/Src/torch_balance.o
 .debug_aranges
                0x000001b8       0x60 ./Core/Src/torch_can.o
 .debug_aranges
                0x00000218       0x78 ./Core/Src/torch_diagnostic.o
 .debug_aranges
                0x00000290      0x1a0 ./Core/Src/torch_ltc6813.o
 .debug_aranges
                0x00000430       0x20 ./Core/Src/torch_main.o
 .debug_aranges
                0x00000450       0xa8 ./Core/Src/torch_stm32.o
 .debug_aranges
                0x000004f8       0x40 ./Core/Src/torch_temperature.o
 .debug_aranges
                0x00000538       0x20 ./Core/Src/torch_voltage.o
 .debug_aranges
                0x00000558       0x28 ./Core/Startup/startup_stm32f446rctx.o
 .debug_aranges
                0x00000580       0xf0 ./Drivers/STM32F4xx_HAL_Driver/Src/stm32f4xx_hal.o
 .debug_aranges
                0x00000670       0xe8 ./Drivers/STM32F4xx_HAL_Driver/Src/stm32f4xx_hal_adc.o
 .debug_aranges
                0x00000758      0x138 ./Drivers/STM32F4xx_HAL_Driver/Src/stm32f4xx_hal_can.o
 .debug_aranges
                0x00000890      0x130 ./Drivers/STM32F4xx_HAL_Driver/Src/stm32f4xx_hal_cortex.o
 .debug_aranges
                0x000009c0       0x58 ./Drivers/STM32F4xx_HAL_Driver/Src/stm32f4xx_hal_gpio.o
 .debug_aranges
                0x00000a18       0x88 ./Drivers/STM32F4xx_HAL_Driver/Src/stm32f4xx_hal_rcc.o
 .debug_aranges
                0x00000aa0       0x78 ./Drivers/STM32F4xx_HAL_Driver/Src/stm32f4xx_hal_rcc_ex.o
 .debug_aranges
                0x00000b18      0x1d0 ./Drivers/STM32F4xx_HAL_Driver/Src/stm32f4xx_hal_spi.o
 .debug_aranges
                0x00000ce8      0x3d0 ./Drivers/STM32F4xx_HAL_Driver/Src/stm32f4xx_hal_tim.o
 .debug_aranges
                0x000010b8      0x168 ./Drivers/STM32F4xx_HAL_Driver/Src/stm32f4xx_hal_tim_ex.o

.debug_rnglists
                0x00000000      0xdf5
 .debug_rnglists
                0x00000000       0x54 ./Core/Src/main.o
 .debug_rnglists
                0x00000054       0x46 ./Core/Src/stm32f4xx_hal_msp.o
 .debug_rnglists
                0x0000009a       0x4f ./Core/Src/stm32f4xx_it.o
 .debug_rnglists
                0x000000e9       0x1a ./Core/Src/system_stm32f4xx.o
 .debug_rnglists
                0x00000103       0x3e ./Core/Src/torch_balance.o
 .debug_rnglists
                0x00000141       0x49 ./Core/Src/torch_can.o
 .debug_rnglists
                0x0000018a       0x60 ./Core/Src/torch_diagnostic.o
 .debug_rnglists
                0x000001ea      0x13d ./Core/Src/torch_ltc6813.o
 .debug_rnglists
                0x00000327       0x14 ./Core/Src/torch_main.o
 .debug_rnglists
                0x0000033b       0x7b ./Core/Src/torch_stm32.o
 .debug_rnglists
                0x000003b6       0x2f ./Core/Src/torch_temperature.o
 .debug_rnglists
                0x000003e5       0x14 ./Core/Src/torch_voltage.o
 .debug_rnglists
                0x000003f9       0x19 ./Core/Startup/startup_stm32f446rctx.o
 .debug_rnglists
                0x00000412       0xaf ./Drivers/STM32F4xx_HAL_Driver/Src/stm32f4xx_hal.o
 .debug_rnglists
                0x000004c1       0xb5 ./Drivers/STM32F4xx_HAL_Driver/Src/stm32f4xx_hal_adc.o
 .debug_rnglists
                0x00000576       0xee ./Drivers/STM32F4xx_HAL_Driver/Src/stm32f4xx_hal_can.o
 .debug_rnglists
                0x00000664       0xe0 ./Drivers/STM32F4xx_HAL_Driver/Src/stm32f4xx_hal_cortex.o
 .debug_rnglists
                0x00000744       0x3f ./Drivers/STM32F4xx_HAL_Driver/Src/stm32f4xx_hal_gpio.o
 .debug_rnglists
                0x00000783       0x66 ./Drivers/STM32F4xx_HAL_Driver/Src/stm32f4xx_hal_rcc.o
 .debug_rnglists
                0x000007e9       0x5e ./Drivers/STM32F4xx_HAL_Driver/Src/stm32f4xx_hal_rcc_ex.o
 .debug_rnglists
                0x00000847      0x16f ./Drivers/STM32F4xx_HAL_Driver/Src/stm32f4xx_hal_spi.o
 .debug_rnglists
                0x000009b6      0x31a ./Drivers/STM32F4xx_HAL_Driver/Src/stm32f4xx_hal_tim.o
 .debug_rnglists
                0x00000cd0      0x125 ./Drivers/STM32F4xx_HAL_Driver/Src/stm32f4xx_hal_tim_ex.o

.debug_macro    0x00000000    0x2436e
 .debug_macro   0x00000000      0x22f ./Core/Src/main.o
 .debug_macro   0x0000022f      0xad8 ./Core/Src/main.o
 .debug_macro   0x00000d07      0x2a7 ./Core/Src/main.o
 .debug_macro   0x00000fae       0x2e ./Core/Src/main.o
 .debug_macro   0x00000fdc       0x28 ./Core/Src/main.o
 .debug_macro   0x00001004       0x22 ./Core/Src/main.o
 .debug_macro   0x00001026       0x8e ./Core/Src/main.o
 .debug_macro   0x000010b4       0x51 ./Core/Src/main.o
 .debug_macro   0x00001105      0x103 ./Core/Src/main.o
 .debug_macro   0x00001208       0x6a ./Core/Src/main.o
 .debug_macro   0x00001272      0x1df ./Core/Src/main.o
 .debug_macro   0x00001451       0x1c ./Core/Src/main.o
 .debug_macro   0x0000146d       0x22 ./Core/Src/main.o
 .debug_macro   0x0000148f       0xfb ./Core/Src/main.o
 .debug_macro   0x0000158a     0x1011 ./Core/Src/main.o
 .debug_macro   0x0000259b      0x11f ./Core/Src/main.o
 .debug_macro   0x000026ba    0x16749 ./Core/Src/main.o
 .debug_macro   0x00018e03       0x6d ./Core/Src/main.o
 .debug_macro   0x00018e70     0x369a ./Core/Src/main.o
 .debug_macro   0x0001c50a      0x190 ./Core/Src/main.o
 .debug_macro   0x0001c69a       0x5c ./Core/Src/main.o
 .debug_macro   0x0001c6f6      0xca5 ./Core/Src/main.o
 .debug_macro   0x0001d39b      0x9e9 ./Core/Src/main.o
 .debug_macro   0x0001dd84      0x115 ./Core/Src/main.o
 .debug_macro   0x0001de99      0x1a0 ./Core/Src/main.o
 .debug_macro   0x0001e039       0xa5 ./Core/Src/main.o
 .debug_macro   0x0001e0de      0x16d ./Core/Src/main.o
 .debug_macro   0x0001e24b      0x287 ./Core/Src/main.o
 .debug_macro   0x0001e4d2       0x5f ./Core/Src/main.o
 .debug_macro   0x0001e531      0x236 ./Core/Src/main.o
 .debug_macro   0x0001e767      0xb5b ./Core/Src/main.o
 .debug_macro   0x0001f2c2      0x38b ./Core/Src/main.o
 .debug_macro   0x0001f64d      0x17d ./Core/Src/main.o
 .debug_macro   0x0001f7ca       0xf9 ./Core/Src/main.o
 .debug_macro   0x0001f8c3      0x40f ./Core/Src/main.o
 .debug_macro   0x0001fcd2      0x132 ./Core/Src/main.o
 .debug_macro   0x0001fe04      0x29c ./Core/Src/main.o
 .debug_macro   0x000200a0       0x2e ./Core/Src/main.o
 .debug_macro   0x000200ce      0x127 ./Core/Src/main.o
 .debug_macro   0x000201f5       0xe8 ./Core/Src/main.o
 .debug_macro   0x000202dd       0x89 ./Core/Src/main.o
 .debug_macro   0x00020366      0x225 ./Core/Src/main.o
 .debug_macro   0x0002058b      0x8ed ./Core/Src/main.o
 .debug_macro   0x00020e78       0x53 ./Core/Src/main.o
 .debug_macro   0x00020ecb      0x126 ./Core/Src/main.o
 .debug_macro   0x00020ff1       0x7c ./Core/Src/main.o
 .debug_macro   0x0002106d      0x1e4 ./Core/Src/main.o
 .debug_macro   0x00021251       0x28 ./Core/Src/main.o
 .debug_macro   0x00021279      0x20a ./Core/Src/stm32f4xx_hal_msp.o
 .debug_macro   0x00021483      0x214 ./Core/Src/stm32f4xx_it.o
 .debug_macro   0x00021697      0x200 ./Core/Src/system_stm32f4xx.o
 .debug_macro   0x00021897      0x2f6 ./Core/Src/torch_balance.o
 .debug_macro   0x00021b8d       0x1c ./Core/Src/torch_balance.o
 .debug_macro   0x00021ba9       0x22 ./Core/Src/torch_balance.o
 .debug_macro   0x00021bcb       0x61 ./Core/Src/torch_balance.o
 .debug_macro   0x00021c2c      0x19b ./Core/Src/torch_balance.o
 .debug_macro   0x00021dc7      0x22f ./Core/Src/torch_can.o
 .debug_macro   0x00021ff6      0x2ed ./Core/Src/torch_diagnostic.o
 .debug_macro   0x000222e3       0x52 ./Core/Src/torch_diagnostic.o
 .debug_macro   0x00022335      0x22f ./Core/Src/torch_ltc6813.o
 .debug_macro   0x00022564      0x24a ./Core/Src/torch_main.o
 .debug_macro   0x000227ae      0x214 ./Core/Src/torch_stm32.o
 .debug_macro   0x000229c2      0x2d2 ./Core/Src/torch_temperature.o
 .debug_macro   0x00022c94      0x230 ./Core/Src/torch_voltage.o
 .debug_macro   0x00022ec4      0x260 ./Drivers/STM32F4xx_HAL_Driver/Src/stm32f4xx_hal.o
 .debug_macro   0x00023124      0x201 ./Drivers/STM32F4xx_HAL_Driver/Src/stm32f4xx_hal_adc.o
 .debug_macro   0x00023325      0x20f ./Drivers/STM32F4xx_HAL_Driver/Src/stm32f4xx_hal_can.o
 .debug_macro   0x00023534      0x200 ./Drivers/STM32F4xx_HAL_Driver/Src/stm32f4xx_hal_cortex.o
 .debug_macro   0x00023734      0x206 ./Drivers/STM32F4xx_HAL_Driver/Src/stm32f4xx_hal_gpio.o
 .debug_macro   0x0002393a      0x224 ./Drivers/STM32F4xx_HAL_Driver/Src/stm32f4xx_hal_rcc.o
 .debug_macro   0x00023b5e      0x200 ./Drivers/STM32F4xx_HAL_Driver/Src/stm32f4xx_hal_rcc_ex.o
 .debug_macro   0x00023d5e      0x20f ./Drivers/STM32F4xx_HAL_Driver/Src/stm32f4xx_hal_spi.o
 .debug_macro   0x00023f6d      0x201 ./Drivers/STM32F4xx_HAL_Driver/Src/stm32f4xx_hal_tim.o
 .debug_macro   0x0002416e      0x200 ./Drivers/STM32F4xx_HAL_Driver/Src/stm32f4xx_hal_tim_ex.o

.debug_line     0x00000000    0x18d43
 .debug_line    0x00000000      0xaf2 ./Core/Src/main.o
 .debug_line    0x00000af2      0x8f4 ./Core/Src/stm32f4xx_hal_msp.o
 .debug_line    0x000013e6      0x882 ./Core/Src/stm32f4xx_it.o
 .debug_line    0x00001c68      0x828 ./Core/Src/system_stm32f4xx.o
 .debug_line    0x00002490     0x2057 ./Core/Src/torch_balance.o
 .debug_line    0x000044e7      0xd65 ./Core/Src/torch_can.o
 .debug_line    0x0000524c     0x1e88 ./Core/Src/torch_diagnostic.o
 .debug_line    0x000070d4     0x10d3 ./Core/Src/torch_ltc6813.o
 .debug_line    0x000081a7      0xb44 ./Core/Src/torch_main.o
 .debug_line    0x00008ceb      0xa30 ./Core/Src/torch_stm32.o
 .debug_line    0x0000971b      0xeec ./Core/Src/torch_temperature.o
 .debug_line    0x0000a607      0xaa1 ./Core/Src/torch_voltage.o
 .debug_line    0x0000b0a8       0x7a ./Core/Startup/startup_stm32f446rctx.o
 .debug_line    0x0000b122      0xa95 ./Drivers/STM32F4xx_HAL_Driver/Src/stm32f4xx_hal.o
 .debug_line    0x0000bbb7     0x12b5 ./Drivers/STM32F4xx_HAL_Driver/Src/stm32f4xx_hal_adc.o
 .debug_line    0x0000ce6c     0x1257 ./Drivers/STM32F4xx_HAL_Driver/Src/stm32f4xx_hal_can.o
 .debug_line    0x0000e0c3      0xd65 ./Drivers/STM32F4xx_HAL_Driver/Src/stm32f4xx_hal_cortex.o
 .debug_line    0x0000ee28      0xbd9 ./Drivers/STM32F4xx_HAL_Driver/Src/stm32f4xx_hal_gpio.o
 .debug_line    0x0000fa01      0xeb0 ./Drivers/STM32F4xx_HAL_Driver/Src/stm32f4xx_hal_rcc.o
 .debug_line    0x000108b1     0x1561 ./Drivers/STM32F4xx_HAL_Driver/Src/stm32f4xx_hal_rcc_ex.o
 .debug_line    0x00011e12     0x1d2a ./Drivers/STM32F4xx_HAL_Driver/Src/stm32f4xx_hal_spi.o
 .debug_line    0x00013b3c     0x3812 ./Drivers/STM32F4xx_HAL_Driver/Src/stm32f4xx_hal_tim.o
 .debug_line    0x0001734e     0x19f5 ./Drivers/STM32F4xx_HAL_Driver/Src/stm32f4xx_hal_tim_ex.o

.debug_str      0x00000000    0xe17cb
 .debug_str     0x00000000    0xe17cb ./Core/Src/main.o
                              0xd9322 (size before relaxing)
 .debug_str     0x000e17cb    0xd8728 ./Core/Src/stm32f4xx_hal_msp.o
 .debug_str     0x000e17cb    0xd7817 ./Core/Src/stm32f4xx_it.o
 .debug_str     0x000e17cb    0xd768b ./Core/Src/system_stm32f4xx.o
 .debug_str     0x000e17cb    0xdc525 ./Core/Src/torch_balance.o
 .debug_str     0x000e17cb    0xd8209 ./Core/Src/torch_can.o
 .debug_str     0x000e17cb    0xdbf1e ./Core/Src/torch_diagnostic.o
 .debug_str     0x000e17cb    0xd8753 ./Core/Src/torch_ltc6813.o
 .debug_str     0x000e17cb    0xd899a ./Core/Src/torch_main.o
 .debug_str     0x000e17cb    0xd7e30 ./Core/Src/torch_stm32.o
 .debug_str     0x000e17cb    0xdb5ef ./Core/Src/torch_temperature.o
 .debug_str     0x000e17cb    0xd7dee ./Core/Src/torch_voltage.o
 .debug_str     0x000e17cb       0x8b ./Core/Startup/startup_stm32f446rctx.o
 .debug_str     0x000e17cb    0xd8250 ./Drivers/STM32F4xx_HAL_Driver/Src/stm32f4xx_hal.o
 .debug_str     0x000e17cb    0xd7c53 ./Drivers/STM32F4xx_HAL_Driver/Src/stm32f4xx_hal_adc.o
 .debug_str     0x000e17cb    0xd7d60 ./Drivers/STM32F4xx_HAL_Driver/Src/stm32f4xx_hal_can.o
 .debug_str     0x000e17cb    0xd7fa7 ./Drivers/STM32F4xx_HAL_Driver/Src/stm32f4xx_hal_cortex.o
 .debug_str     0x000e17cb    0xd7806 ./Drivers/STM32F4xx_HAL_Driver/Src/stm32f4xx_hal_gpio.o
 .debug_str     0x000e17cb    0xd7ac4 ./Drivers/STM32F4xx_HAL_Driver/Src/stm32f4xx_hal_rcc.o
 .debug_str     0x000e17cb    0xd7af7 ./Drivers/STM32F4xx_HAL_Driver/Src/stm32f4xx_hal_rcc_ex.o
 .debug_str     0x000e17cb    0xd7f24 ./Drivers/STM32F4xx_HAL_Driver/Src/stm32f4xx_hal_spi.o
 .debug_str     0x000e17cb    0xd89f0 ./Drivers/STM32F4xx_HAL_Driver/Src/stm32f4xx_hal_tim.o
 .debug_str     0x000e17cb    0xd81fc ./Drivers/STM32F4xx_HAL_Driver/Src/stm32f4xx_hal_tim_ex.o

.comment        0x00000000       0x43
 .comment       0x00000000       0x43 ./Core/Src/main.o
                                 0x44 (size before relaxing)
 .comment       0x00000043       0x44 ./Core/Src/stm32f4xx_hal_msp.o
 .comment       0x00000043       0x44 ./Core/Src/stm32f4xx_it.o
 .comment       0x00000043       0x44 ./Core/Src/system_stm32f4xx.o
 .comment       0x00000043       0x44 ./Core/Src/torch_balance.o
 .comment       0x00000043       0x44 ./Core/Src/torch_can.o
 .comment       0x00000043       0x44 ./Core/Src/torch_diagnostic.o
 .comment       0x00000043       0x44 ./Core/Src/torch_ltc6813.o
 .comment       0x00000043       0x44 ./Core/Src/torch_main.o
 .comment       0x00000043       0x44 ./Core/Src/torch_stm32.o
 .comment       0x00000043       0x44 ./Core/Src/torch_temperature.o
 .comment       0x00000043       0x44 ./Core/Src/torch_voltage.o
 .comment       0x00000043       0x44 ./Drivers/STM32F4xx_HAL_Driver/Src/stm32f4xx_hal.o
 .comment       0x00000043       0x44 ./Drivers/STM32F4xx_HAL_Driver/Src/stm32f4xx_hal_adc.o
 .comment       0x00000043       0x44 ./Drivers/STM32F4xx_HAL_Driver/Src/stm32f4xx_hal_can.o
 .comment       0x00000043       0x44 ./Drivers/STM32F4xx_HAL_Driver/Src/stm32f4xx_hal_cortex.o
 .comment       0x00000043       0x44 ./Drivers/STM32F4xx_HAL_Driver/Src/stm32f4xx_hal_gpio.o
 .comment       0x00000043       0x44 ./Drivers/STM32F4xx_HAL_Driver/Src/stm32f4xx_hal_rcc.o
 .comment       0x00000043       0x44 ./Drivers/STM32F4xx_HAL_Driver/Src/stm32f4xx_hal_rcc_ex.o
 .comment       0x00000043       0x44 ./Drivers/STM32F4xx_HAL_Driver/Src/stm32f4xx_hal_spi.o
 .comment       0x00000043       0x44 ./Drivers/STM32F4xx_HAL_Driver/Src/stm32f4xx_hal_tim.o
 .comment       0x00000043       0x44 ./Drivers/STM32F4xx_HAL_Driver/Src/stm32f4xx_hal_tim_ex.o

.debug_frame    0x00000000     0x5058
 .debug_frame   0x00000000      0x174 ./Core/Src/main.o
 .debug_frame   0x00000174      0x160 ./Core/Src/stm32f4xx_hal_msp.o
 .debug_frame   0x000002d4      0x13c ./Core/Src/stm32f4xx_it.o
 .debug_frame   0x00000410       0x58 ./Core/Src/system_stm32f4xx.o
 .debug_frame   0x00000468      0x138 ./Core/Src/torch_balance.o
 .debug_frame   0x000005a0      0x154 ./Core/Src/torch_can.o
 .debug_frame   0x000006f4      0x1cc ./Core/Src/torch_diagnostic.o
 .debug_frame   0x000008c0      0x704 ./Core/Src/torch_ltc6813.o
 .debug_frame   0x00000fc4       0x38 ./Core/Src/torch_main.o
 .debug_frame   0x00000ffc      0x240 ./Core/Src/torch_stm32.o
 .debug_frame   0x0000123c       0xf4 ./Core/Src/torch_temperature.o
 .debug_frame   0x00001330       0x38 ./Core/Src/torch_voltage.o
 .debug_frame   0x00001368      0x374 ./Drivers/STM32F4xx_HAL_Driver/Src/stm32f4xx_hal.o
 .debug_frame   0x000016dc      0x3fc ./Drivers/STM32F4xx_HAL_Driver/Src/stm32f4xx_hal_adc.o
 .debug_frame   0x00001ad8      0x5a0 ./Drivers/STM32F4xx_HAL_Driver/Src/stm32f4xx_hal_can.o
 .debug_frame   0x00002078      0x508 ./Drivers/STM32F4xx_HAL_Driver/Src/stm32f4xx_hal_cortex.o
 .debug_frame   0x00002580      0x14c ./Drivers/STM32F4xx_HAL_Driver/Src/stm32f4xx_hal_gpio.o
 .debug_frame   0x000026cc      0x1f4 ./Drivers/STM32F4xx_HAL_Driver/Src/stm32f4xx_hal_rcc.o
 .debug_frame   0x000028c0      0x1e8 ./Drivers/STM32F4xx_HAL_Driver/Src/stm32f4xx_hal_rcc_ex.o
 .debug_frame   0x00002aa8      0x828 ./Drivers/STM32F4xx_HAL_Driver/Src/stm32f4xx_hal_spi.o
 .debug_frame   0x000032d0     0x11c0 ./Drivers/STM32F4xx_HAL_Driver/Src/stm32f4xx_hal_tim.o
 .debug_frame   0x00004490      0x638 ./Drivers/STM32F4xx_HAL_Driver/Src/stm32f4xx_hal_tim_ex.o
 .debug_frame   0x00004ac8      0x144 C:/ST/STM32CubeIDE_1.15.1/STM32CubeIDE/plugins/com.st.stm32cube.ide.mcu.externaltools.gnu-tools-for-stm32.13.3.rel1.win32_1.0.0.202411081344/tools/bin/../lib/gcc/arm-none-eabi/13.3.1/../../../../arm-none-eabi/lib/thumb/v7e-m+fp/hard\libc_nano.a(libc_a-findfp.o)
 .debug_frame   0x00004c0c       0x20 C:/ST/STM32CubeIDE_1.15.1/STM32CubeIDE/plugins/com.st.stm32cube.ide.mcu.externaltools.gnu-tools-for-stm32.13.3.rel1.win32_1.0.0.202411081344/tools/bin/../lib/gcc/arm-none-eabi/13.3.1/../../../../arm-none-eabi/lib/thumb/v7e-m+fp/hard\libc_nano.a(libc_a-memset.o)
 .debug_frame   0x00004c2c       0x20 C:/ST/STM32CubeIDE_1.15.1/STM32CubeIDE/plugins/com.st.stm32cube.ide.mcu.externaltools.gnu-tools-for-stm32.13.3.rel1.win32_1.0.0.202411081344/tools/bin/../lib/gcc/arm-none-eabi/13.3.1/../../../../arm-none-eabi/lib/thumb/v7e-m+fp/hard\libc_nano.a(libc_a-errno.o)
 .debug_frame   0x00004c4c       0x2c C:/ST/STM32CubeIDE_1.15.1/STM32CubeIDE/plugins/com.st.stm32cube.ide.mcu.externaltools.gnu-tools-for-stm32.13.3.rel1.win32_1.0.0.202411081344/tools/bin/../lib/gcc/arm-none-eabi/13.3.1/../../../../arm-none-eabi/lib/thumb/v7e-m+fp/hard\libc_nano.a(libc_a-init.o)
 .debug_frame   0x00004c78       0x48 C:/ST/STM32CubeIDE_1.15.1/STM32CubeIDE/plugins/com.st.stm32cube.ide.mcu.externaltools.gnu-tools-for-stm32.13.3.rel1.win32_1.0.0.202411081344/tools/bin/../lib/gcc/arm-none-eabi/13.3.1/../../../../arm-none-eabi/lib/thumb/v7e-m+fp/hard\libm.a(libm_a-wf_log.o)
 .debug_frame   0x00004cc0       0x48 C:/ST/STM32CubeIDE_1.15.1/STM32CubeIDE/plugins/com.st.stm32cube.ide.mcu.externaltools.gnu-tools-for-stm32.13.3.rel1.win32_1.0.0.202411081344/tools/bin/../lib/gcc/arm-none-eabi/13.3.1/../../../../arm-none-eabi/lib/thumb/v7e-m+fp/hard\libm.a(libm_a-wf_pow.o)
 .debug_frame   0x00004d08       0x20 C:/ST/STM32CubeIDE_1.15.1/STM32CubeIDE/plugins/com.st.stm32cube.ide.mcu.externaltools.gnu-tools-for-stm32.13.3.rel1.win32_1.0.0.202411081344/tools/bin/../lib/gcc/arm-none-eabi/13.3.1/../../../../arm-none-eabi/lib/thumb/v7e-m+fp/hard\libm.a(libm_a-sf_finite.o)
 .debug_frame   0x00004d28       0x20 C:/ST/STM32CubeIDE_1.15.1/STM32CubeIDE/plugins/com.st.stm32cube.ide.mcu.externaltools.gnu-tools-for-stm32.13.3.rel1.win32_1.0.0.202411081344/tools/bin/../lib/gcc/arm-none-eabi/13.3.1/../../../../arm-none-eabi/lib/thumb/v7e-m+fp/hard\libm.a(libm_a-sf_nan.o)
 .debug_frame   0x00004d48       0x20 C:/ST/STM32CubeIDE_1.15.1/STM32CubeIDE/plugins/com.st.stm32cube.ide.mcu.externaltools.gnu-tools-for-stm32.13.3.rel1.win32_1.0.0.202411081344/tools/bin/../lib/gcc/arm-none-eabi/13.3.1/../../../../arm-none-eabi/lib/thumb/v7e-m+fp/hard\libm.a(libm_a-ef_log.o)
 .debug_frame   0x00004d68       0x88 C:/ST/STM32CubeIDE_1.15.1/STM32CubeIDE/plugins/com.st.stm32cube.ide.mcu.externaltools.gnu-tools-for-stm32.13.3.rel1.win32_1.0.0.202411081344/tools/bin/../lib/gcc/arm-none-eabi/13.3.1/../../../../arm-none-eabi/lib/thumb/v7e-m+fp/hard\libm.a(libm_a-ef_pow.o)