Archive member included to satisfy reference by file (symbol)

C:/ST/STM32CubeIDE_1.15.1/STM32CubeIDE/plugins/com.st.stm32cube.ide.mcu.externaltools.gnu-tools-for-stm32.13.3.rel1.win32_1.0.0.202411081344/tools/bin/../lib/gcc/arm-none-eabi/13.3.1/../../../../arm-none-eabi/lib/thumb/v7e-m+fp/hard\libc_nano.a(libc_a-exit.o)
                              C:/ST/STM32CubeIDE_1.15.1/STM32CubeIDE/plugins/com.st.stm32cube.ide.mcu.externaltools.gnu-tools-for-stm32.13.3.rel1.win32_1.0.0.202411081344/tools/bin/../lib/gcc/arm-none-eabi/13.3.1/../../../../arm-none-eabi/lib/thumb/v7e-m+fp/hard/crt0.o (exit)
C:/ST/STM32CubeIDE_1.15.1/STM32CubeIDE/plugins/com.st.stm32cube.ide.mcu.externaltools.gnu-tools-for-stm32.13.3.rel1.win32_1.0.0.202411081344/tools/bin/../lib/gcc/arm-none-eabi/13.3.1/../../../../arm-none-eabi/lib/thumb/v7e-m+fp/hard\libc_nano.a(libc_a-findfp.o)
                              C:/ST/STM32CubeIDE_1.15.1/STM32CubeIDE/plugins/com.st.stm32cube.ide.mcu.externaltools.gnu-tools-for-stm32.13.3.rel1.win32_1.0.0.202411081344/tools/bin/../lib/gcc/arm-none-eabi/13.3.1/../../../../arm-none-eabi/lib/thumb/v7e-m+fp/hard\libc_nano.a(libc_a-exit.o) (__stdio_exit_handler)
C:/ST/STM32CubeIDE_1.15.1/STM32CubeIDE/plugins/com.st.stm32cube.ide.mcu.externaltools.gnu-tools-for-stm32.13.3.rel1.win32_1.0.0.202411081344/tools/bin/../lib/gcc/arm-none-eabi/13.3.1/../../../../arm-none-eabi/lib/thumb/v7e-m+fp/hard\libc_nano.a(libc_a-fwalk.o)
                              C:/ST/STM32CubeIDE_1.15.1/STM32CubeIDE/plugins/com.st.stm32cube.ide.mcu.externaltools.gnu-tools-for-stm32.13.3.rel1.win32_1.0.0.202411081344/tools/bin/../lib/gcc/arm-none-eabi/13.3.1/../../../../arm-none-eabi/lib/thumb/v7e-m+fp/hard\libc_nano.a(libc_a-findfp.o) (_fwalk_sglue)
C:/ST/STM32CubeIDE_1.15.1/STM32CubeIDE/plugins/com.st.stm32cube.ide.mcu.externaltools.gnu-tools-for-stm32.13.3.rel1.win32_1.0.0.202411081344/tools/bin/../lib/gcc/arm-none-eabi/13.3.1/../../../../arm-none-eabi/lib/thumb/v7e-m+fp/hard\libc_nano.a(libc_a-stdio.o)
                              C:/ST/STM32CubeIDE_1.15.1/STM32CubeIDE/plugins/com.st.stm32cube.ide.mcu.externaltools.gnu-tools-for-stm32.13.3.rel1.win32_1.0.0.202411081344/tools/bin/../lib/gcc/arm-none-eabi/13.3.1/../../../../arm-none-eabi/lib/thumb/v7e-m+fp/hard\libc_nano.a(libc_a-findfp.o) (__sread)
C:/ST/STM32CubeIDE_1.15.1/STM32CubeIDE/plugins/com.st.stm32cube.ide.mcu.externaltools.gnu-tools-for-stm32.13.3.rel1.win32_1.0.0.202411081344/tools/bin/../lib/gcc/arm-none-eabi/13.3.1/../../../../arm-none-eabi/lib/thumb/v7e-m+fp/hard\libc_nano.a(libc_a-memset.o)
                              C:/ST/STM32CubeIDE_1.15.1/STM32CubeIDE/plugins/com.st.stm32cube.ide.mcu.externaltools.gnu-tools-for-stm32.13.3.rel1.win32_1.0.0.202411081344/tools/bin/../lib/gcc/arm-none-eabi/13.3.1/../../../../arm-none-eabi/lib/thumb/v7e-m+fp/hard/crt0.o (memset)
C:/ST/STM32CubeIDE_1.15.1/STM32CubeIDE/plugins/com.st.stm32cube.ide.mcu.externaltools.gnu-tools-for-stm32.13.3.rel1.win32_1.0.0.202411081344/tools/bin/../lib/gcc/arm-none-eabi/13.3.1/../../../../arm-none-eabi/lib/thumb/v7e-m+fp/hard\libc_nano.a(libc_a-closer.o)
                              C:/ST/STM32CubeIDE_1.15.1/STM32CubeIDE/plugins/com.st.stm32cube.ide.mcu.externaltools.gnu-tools-for-stm32.13.3.rel1.win32_1.0.0.202411081344/tools/bin/../lib/gcc/arm-none-eabi/13.3.1/../../../../arm-none-eabi/lib/thumb/v7e-m+fp/hard\libc_nano.a(libc_a-stdio.o) (_close_r)
C:/ST/STM32CubeIDE_1.15.1/STM32CubeIDE/plugins/com.st.stm32cube.ide.mcu.externaltools.gnu-tools-for-stm32.13.3.rel1.win32_1.0.0.202411081344/tools/bin/../lib/gcc/arm-none-eabi/13.3.1/../../../../arm-none-eabi/lib/thumb/v7e-m+fp/hard\libc_nano.a(libc_a-reent.o)
                              C:/ST/STM32CubeIDE_1.15.1/STM32CubeIDE/plugins/com.st.stm32cube.ide.mcu.externaltools.gnu-tools-for-stm32.13.3.rel1.win32_1.0.0.202411081344/tools/bin/../lib/gcc/arm-none-eabi/13.3.1/../../../../arm-none-eabi/lib/thumb/v7e-m+fp/hard\libc_nano.a(libc_a-closer.o) (errno)
C:/ST/STM32CubeIDE_1.15.1/STM32CubeIDE/plugins/com.st.stm32cube.ide.mcu.externaltools.gnu-tools-for-stm32.13.3.rel1.win32_1.0.0.202411081344/tools/bin/../lib/gcc/arm-none-eabi/13.3.1/../../../../arm-none-eabi/lib/thumb/v7e-m+fp/hard\libc_nano.a(libc_a-impure.o)
                              C:/ST/STM32CubeIDE_1.15.1/STM32CubeIDE/plugins/com.st.stm32cube.ide.mcu.externaltools.gnu-tools-for-stm32.13.3.rel1.win32_1.0.0.202411081344/tools/bin/../lib/gcc/arm-none-eabi/13.3.1/../../../../arm-none-eabi/lib/thumb/v7e-m+fp/hard\libc_nano.a(libc_a-reent.o) (_impure_ptr)
C:/ST/STM32CubeIDE_1.15.1/STM32CubeIDE/plugins/com.st.stm32cube.ide.mcu.externaltools.gnu-tools-for-stm32.13.3.rel1.win32_1.0.0.202411081344/tools/bin/../lib/gcc/arm-none-eabi/13.3.1/../../../../arm-none-eabi/lib/thumb/v7e-m+fp/hard\libc_nano.a(libc_a-lseekr.o)
[...]
Memory Configuration

Name             Origin             Length             Attributes
RAM              0x20000000         0x00020000         xrw
FLASH            0x08000000         0x00040000         xr
*default*        0x00000000         0xffffffff

Linker script and memory map

LOAD C:/ST/STM32CubeIDE_1.15.1/STM32CubeIDE/plugins/com.st.stm32cube.ide.mcu.externaltools.gnu-tools-for-stm32.13.3.rel1.win32_1.0.0.202411081344/tools/bin/../lib/gcc/arm-none-eabi/13.3.1/thumb/v7e-m+fp/hard/crti.o
LOAD C:/ST/STM32CubeIDE_1.15.1/STM32CubeIDE/plugins/com.st.stm32cube.ide.mcu.externaltools.gnu-tools-for-stm32.13.3.rel1.win32_1.0.0.202411081344/tools/bin/../lib/gcc/arm-none-eabi/13.3.1/thumb/v7e-m+fp/hard/crtbegin.o
LOAD C:/ST/STM32CubeIDE_1.15.1/STM32CubeIDE/plugins/com.st.stm32cube.ide.mcu.externaltools.gnu-tools-for-stm32.13.3.rel1.win32_1.0.0.202411081344/tools/bin/../lib/gcc/arm-none-eabi/13.3.1/../../../../arm-none-eabi/lib/thumb/v7e-m+fp/hard/crt0.o
LOAD ./Core/Src/main.o
LOAD ./Core/Src/stm32f4xx_hal_msp.o
LOAD ./Core/Src/stm32f4xx_it.o
LOAD ./Core/Src/syscalls.o
LOAD ./Core/Src/sysmem.o
LOAD ./Core/Src/system_stm32f4xx.o
LOAD ./Core/Src/torch_balance.o
LOAD ./Core/Src/torch_can.o
LOAD ./Core/Src/torch_diagnostic.o
LOAD ./Core/Src/torch_ltc6813.o
LOAD ./Core/Src/torch_main.o
LOAD ./Core/Src/torch_stm32.o
LOAD ./Core/Src/torch_temperature.o
LOAD ./Core/Src/torch_voltage.o
LOAD ./Core/Startup/startup_stm32f446rctx.o
LOAD ./Drivers/STM32F4xx_HAL_Driver/Src/stm32f4xx_hal.o
LOAD ./Drivers/STM32F4xx_HAL_Driver/Src/stm32f4xx_hal_adc.o
LOAD ./Drivers/STM32F4xx_HAL_Driver/Src/stm32f4xx_hal_adc_ex.o
LOAD ./Drivers/STM32F4xx_HAL_Driver/Src/stm32f4xx_hal_can.o
LOAD ./Drivers/STM32F4xx_HAL_Driver/Src/stm32f4xx_hal_cortex.o
LOAD ./Drivers/STM32F4xx_HAL_Driver/Src/stm32f4xx_hal_dma.o
LOAD ./Drivers/STM32F4xx_HAL_Driver/Src/stm32f4xx_hal_dma_ex.o
LOAD ./Drivers/STM32F4xx_HAL_Driver/Src/stm32f4xx_hal_exti.o
LOAD ./Drivers/STM32F4xx_HAL_Driver/Src/stm32f4xx_hal_flash.o
LOAD ./Drivers/STM32F4xx_HAL_Driver/Src/stm32f4xx_hal_flash_ex.o
LOAD ./Drivers/STM32F4xx_HAL_Driver/Src/stm32f4xx_hal_flash_ramfunc.o
LOAD ./Drivers/STM32F4xx_HAL_Driver/Src/stm32f4xx_hal_gpio.o
LOAD ./Drivers/STM32F4xx_HAL_Driver/Src/stm32f4xx_hal_pwr.o
LOAD ./Drivers/STM32F4xx_HAL_Driver/Src/stm32f4xx_hal_pwr_ex.o
LOAD ./Drivers/STM32F4xx_HAL_Driver/Src/stm32f4xx_hal_rcc.o
LOAD ./Drivers/STM32F4xx_HAL_Driver/Src/stm32f4xx_hal_rcc_ex.o
LOAD ./Drivers/STM32F4xx_HAL_Driver/Src/stm32f4xx_hal_spi.o
LOAD ./Drivers/STM32F4xx_HAL_Driver/Src/stm32f4xx_hal_tim.o
LOAD ./Drivers/STM32F4xx_HAL_Driver/Src/stm32f4xx_hal_tim_ex.o
LOAD ./Drivers/STM32F4xx_HAL_Driver/Src/stm32f4xx_ll_adc.o
START GROUP
LOAD C:/ST/STM32CubeIDE_1.15.1/STM32CubeIDE/plugins/com.st.stm32cube.ide.mcu.externaltools.gnu-tools-for-stm32.13.3.rel1.win32_1.0.0.202411081344/tools/bin/../lib/gcc/arm-none-eabi/13.3.1/../../../../arm-none-eabi/lib/thumb/v7e-m+fp/hard\libc_nano.a
LOAD C:/ST/STM32CubeIDE_1.15.1/STM32CubeIDE/plugins/com.st.stm32cube.ide.mcu.externaltools.gnu-tools-for-stm32.13.3.rel1.win32_1.0.0.202411081344/tools/bin/../lib/gcc/arm-none-eabi/13.3.1/../../../../arm-none-eabi/lib/thumb/v7e-m+fp/hard\libm.a
END GROUP
START GROUP
LOAD C:/ST/STM32CubeIDE_1.15.1/STM32CubeIDE/plugins/com.st.stm32cube.ide.mcu.externaltools.gnu-tools-for-stm32.13.3.rel1.win32_1.0.0.202411081344/tools/bin/../lib/gcc/arm-none-eabi/13.3.1/thumb/v7e-m+fp/hard\libgcc.a
LOAD C:/ST/STM32CubeIDE_1.15.1/STM32CubeIDE/plugins/com.st.stm32cube.ide.mcu.externaltools.gnu-tools-for-stm32.13.3.rel1.win32_1.0.0.202411081344/tools/bin/../lib/gcc/arm-none-eabi/13.3.1/../../../../arm-none-eabi/lib/thumb/v7e-m+fp/hard\libc_nano.a
END GROUP
START GROUP
LOAD C:/ST/STM32CubeIDE_1.15.1/STM32CubeIDE/plugins/com.st.stm32cube.ide.mcu.externaltools.gnu-tools-for-stm32.13.3.rel1.win32_1.0.0.202411081344/tools/bin/../lib/gcc/arm-none-eabi/13.3.1/thumb/v7e-m+fp/hard\libgcc.a
LOAD C:/ST/STM32CubeIDE_1.15.1/STM32CubeIDE/plugins/com.st.stm32cube.ide.mcu.externaltools.gnu-tools-for-stm32.13.3.rel1.win32_1.0.0.202411081344/tools/bin/../lib/gcc/arm-none-eabi/13.3.1/../../../../arm-none-eabi/lib/thumb/v7e-m+fp/hard\libc_nano.a
LOAD C:/ST/STM32CubeIDE_1.15.1/STM32CubeIDE/plugins/com.st.stm32cube.ide.mcu.externaltools.gnu-tools-for-stm32.13.3.rel1.win32_1.0.0.202411081344/tools/bin/../lib/gcc/arm-none-eabi/13.3.1/../../../../arm-none-eabi/lib/thumb/v7e-m+fp/hard\libnosys.a
END GROUP
START GROUP
LOAD C:/ST/STM32CubeIDE_1.15.1/STM32CubeIDE/plugins/com.st.stm32cube.ide.mcu.externaltools.gnu-tools-for-stm32.13.3.rel1.win32_1.0.0.202411081344/tools/bin/../lib/gcc/arm-none-eabi/13.3.1/thumb/v7e-m+fp/hard\libgcc.a
LOAD C:/ST/STM32CubeIDE_1.15.1/STM32CubeIDE/plugins/com.st.stm32cube.ide.mcu.externaltools.gnu-tools-for-stm32.13.3.rel1.win32_1.0.0.202411081344/tools/bin/../lib/gcc/arm-none-eabi/13.3.1/../../../../arm-none-eabi/lib/thumb/v7e-m+fp/hard\libc_nano.a
LOAD C:/ST/STM32CubeIDE_1.15.1/STM32CubeIDE/plugins/com.st.stm32cube.ide.mcu.externaltools.gnu-tools-for-stm32.13.3.rel1.win32_1.0.0.202411081344/tools/bin/../lib/gcc/arm-none-eabi/13.3.1/../../../../arm-none-eabi/lib/thumb/v7e-m+fp/hard\libnosys.a
END GROUP
LOAD C:/ST/STM32CubeIDE_1.15.1/STM32CubeIDE/plugins/com.st.stm32cube.ide.mcu.externaltools.gnu-tools-for-stm32.13.3.rel1.win32_1.0.0.202411081344/tools/bin/../lib/gcc/arm-none-eabi/13.3.1/thumb/v7e-m+fp/hard/crtend.o
LOAD C:/ST/STM32CubeIDE_1.15.1/STM32CubeIDE/plugins/com.st.stm32cube.ide.mcu.externaltools.gnu-tools-for-stm32.13.3.rel1.win32_1.0.0.202411081344/tools/bin/../lib/gcc/arm-none-eabi/13.3.1/thumb/v7e-m+fp/hard/crtn.o
                0x20020000                        _estack = (ORIGIN (RAM) + LENGTH (RAM))
                0x00000200                        _Min_Heap_Size = 0x200
                0x00000400                        _Min_Stack_Size = 0x400

.isr_vector     0x08000000      0x1c4
                0x08000000                        . = ALIGN (0x4)
 *(.isr_vector)
 .isr_vector    0x08000000      0x1c4 ./Core/Startup/startup_stm32f446rctx.o
                0x08000000                g_pfnVectors
                0x080001c4                        . = ALIGN (0x4)

.text           0x080001c8     0xff60
                0x080001c8                        . = ALIGN (0x4)
 *(.text)
 .text          0x080001c8       0x40 C:/ST/STM32CubeIDE_1.15.1/STM32CubeIDE/plugins/com.st.stm32cube.ide.mcu.externaltools.gnu-tools-for-stm32.13.3.rel1.win32_1.0.0.202411081344/tools/bin/../lib/gcc/arm-none-eabi/13.3.1/thumb/v7e-m+fp/hard/crtbegin.o
 .text          0x08000208      0x378 C:/ST/STM32CubeIDE_1.15.1/STM32CubeIDE/plugins/com.st.stm32cube.ide.mcu.externaltools.gnu-tools-for-stm32.13.3.rel1.win32_1.0.0.202411081344/tools/bin/../lib/gcc/arm-none-eabi/13.3.1/thumb/v7e-m+fp/hard\libgcc.a(_arm_addsubdf3.o)
                0x08000208                __aeabi_drsub
                0x08000210                __aeabi_dsub
                0x08000210                __subdf3
                0x08000214                __aeabi_dadd
                0x08000214                __adddf3
                0x0800048c                __floatunsidf
                0x0800048c                __aeabi_ui2d
                0x080004ac                __floatsidf
                0x080004ac                __aeabi_i2d
                0x080004d0                __aeabi_f2d
                0x080004d0                __extendsfdf2
                0x08000514                __floatundidf
                0x08000514                __aeabi_ul2d
                0x08000524                __floatdidf
                0x08000524                __aeabi_l2d
 .text          0x08000580      0x424 C:/ST/STM32CubeIDE_1.15.1/STM32CubeIDE/plugins/com.st.stm32cube.ide.mcu.externaltools.gnu-tools-for-stm32.13.3.rel1.win32_1.0.0.202411081344/tools/bin/../lib/gcc/arm-none-eabi/13.3.1/thumb/v7e-m+fp/hard\libgcc.a(_arm_muldivdf3.o)
                0x08000580                __aeabi_dmul
                0x08000580                __muldf3
                0x080007d4                __divdf3
                0x080007d4                __aeabi_ddiv
 .text          0x080009a4       0xa0 C:/ST/STM32CubeIDE_1.15.1/STM32CubeIDE/plugins/com.st.stm32cube.ide.mcu.externaltools.gnu-tools-for-stm32.13.3.rel1.win32_1.0.0.202411081344/tools/bin/../lib/gcc/arm-none-eabi/13.3.1/thumb/v7e-m+fp/hard\libgcc.a(_arm_truncdfsf2.o)
                0x080009a4                __truncdfsf2
                0x080009a4                __aeabi_d2f
 .text          0x08000a44       0x30 C:/ST/STM32CubeIDE_1.15.1/STM32CubeIDE/plugins/com.st.stm32cube.ide.mcu.externaltools.gnu-tools-for-stm32.13.3.rel1.win32_1.0.0.202411081344/tools/bin/../lib/gcc/arm-none-eabi/13.3.1/thumb/v7e-m+fp/hard\libgcc.a(_aeabi_uldivmod.o)
                0x08000a44                __aeabi_uldivmod
 .text          0x08000a74      0x2f8 C:/ST/STM32CubeIDE_1.15.1/STM32CubeIDE/plugins/com.st.stm32cube.ide.mcu.externaltools.gnu-tools-for-stm32.13.3.rel1.win32_1.0.0.202411081344/tools/bin/../lib/gcc/arm-none-eabi/13.3.1/thumb/v7e-m+fp/hard\libgcc.a(_udivmoddi4.o)
                0x08000a74                __udivmoddi4
 .text          0x08000d6c        0x4 C:/ST/STM32CubeIDE_1.15.1/STM32CubeIDE/plugins/com.st.stm32cube.ide.mcu.externaltools.gnu-tools-for-stm32.13.3.rel1.win32_1.0.0.202411081344/tools/bin/../lib/gcc/arm-none-eabi/13.3.1/thumb/v7e-m+fp/hard\libgcc.a(_dvmd_tls.o)
                0x08000d6c                __aeabi_idiv0
                0x08000d6c                __aeabi_ldiv0
 *(.text*)
 .text.main     0x08000d70       0x2c ./Core/Src/main.o
                0x08000d70                main
 .text.SystemClock_Config
                0x08000d9c       0xdc ./Core/Src/main.o
                0x08000d9c                SystemClock_Config
 .text.MX_ADC1_Init
                0x08000e78       0xa4 ./Core/Src/main.o
 .text.MX_CAN1_Init
                0x08000f1c      0x174 ./Core/Src/main.o
 .text.MX_SPI1_Init
                0x08001090       0x6c ./Core/Src/main.o
 .text.MX_SPI3_Init
                0x080010fc       0x6c ./Core/Src/main.o
 .text.MX_TIM2_Init
                0x08001168       0xa8 ./Core/Src/main.o
 .text.MX_GPIO_Init
                0x08001210      0x164 ./Core/Src/main.o
 .text.TIM2_IRQHandler
                0x08001374       0x14 ./Core/Src/main.o
                0x08001374                TIM2_IRQHandler
 .text.HAL_TIM_PeriodElapsedCallback
                0x08001388       0x58 ./Core/Src/main.o
                0x08001388                HAL_TIM_PeriodElapsedCallback
 .text.Error_Handler
                0x080013e0        0xc ./Core/Src/main.o
                0x080013e0                Error_Handler
 .text.HAL_MspInit
                0x080013ec       0x50 ./Core/Src/stm32f4xx_hal_msp.o
                0x080013ec                HAL_MspInit
 .text.HAL_ADC_MspInit
                0x0800143c       0x88 ./Core/Src/stm32f4xx_hal_msp.o
                0x0800143c                HAL_ADC_MspInit
 .text.HAL_CAN_MspInit
                0x080014c4       0xb0 ./Core/Src/stm32f4xx_hal_msp.o
                0x080014c4                HAL_CAN_MspInit
 .text.HAL_SPI_MspInit
                0x08001574       0xfc ./Core/Src/stm32f4xx_hal_msp.o
                0x08001574                HAL_SPI_MspInit
 .text.HAL_TIM_Base_MspInit
                0x08001670       0x40 ./Core/Src/stm32f4xx_hal_msp.o
                0x08001670                HAL_TIM_Base_MspInit
 .text.NMI_Handler
                0x080016b0        0x8 ./Core/Src/stm32f4xx_it.o
                0x080016b0                NMI_Handler
 .text.HardFault_Handler
                0x080016b8        0x8 ./Core/Src/stm32f4xx_it.o
                0x080016b8                HardFault_Handler
 .text.MemManage_Handler
                0x080016c0        0x8 ./Core/Src/stm32f4xx_it.o
                0x080016c0                MemManage_Handler
 .text.BusFault_Handler
                0x080016c8        0x8 ./Core/Src/stm32f4xx_it.o
                0x080016c8                BusFault_Handler
 .text.UsageFault_Handler
                0x080016d0        0x8 ./Core/Src/stm32f4xx_it.o
                0x080016d0                UsageFault_Handler
 .text.SVC_Handler
                0x080016d8        0xe ./Core/Src/stm32f4xx_it.o
                0x080016d8                SVC_Handler
 .text.DebugMon_Handler
                0x080016e6        0xe ./Core/Src/stm32f4xx_it.o
                0x080016e6                DebugMon_Handler
 .text.PendSV_Handler
                0x080016f4        0xe ./Core/Src/stm32f4xx_it.o
                0x080016f4                PendSV_Handler
 .text.SysTick_Handler
                0x08001702        0xc ./Core/Src/stm32f4xx_it.o
                0x08001702                SysTick_Handler
 *fill*         0x0800170e        0x2 
 .text.CAN1_RX0_IRQHandler
                0x08001710       0x14 ./Core/Src/stm32f4xx_it.o
                0x08001710                CAN1_RX0_IRQHandler
 .text.CAN1_RX1_IRQHandler
                0x08001724       0x14 ./Core/Src/stm32f4xx_it.o
                0x08001724                CAN1_RX1_IRQHandler
 .text.SystemInit
                0x08001738       0x24 ./Core/Src/system_stm32f4xx.o
                0x08001738                SystemInit
 .text.resistor_temperature_sense
                0x0800175c      0x598 ./Core/Src/torch_balance.o
                0x0800175c                resistor_temperature_sense
 .text.balance_check
                0x08001cf4       0xc8 ./Core/Src/torch_balance.o
                0x08001cf4                balance_check
 .text.extract_min_cell_voltage
                0x08001dbc      0x288 ./Core/Src/torch_balance.o
                0x08001dbc                extract_min_cell_voltage
 .text.balance_cycle
                0x08002044     0x1bb4 ./Core/Src/torch_balance.o
                0x08002044                balance_cycle
 .text.config_balance_flags
                0x08003bf8      0x26c ./Core/Src/torch_balance.o
                0x08003bf8                config_balance_flags
 .text.config_DCC_bits
                0x08003e64      0x17c ./Core/Src/torch_balance.o
                0x08003e64                config_DCC_bits
 .text.config_PWM_bits
                0x08003fe0      0xd40 ./Core/Src/torch_balance.o
                0x08003fe0                config_PWM_bits
 .text.can_transmit
                0x08004d20       0x48 ./Core/Src/torch_can.o
                0x08004d20                can_transmit
 .text.silent_error_loop
                0x08004d68       0x90 ./Core/Src/torch_can.o
                0x08004d68                silent_error_loop
 .text.error_loop
                0x08004df8      0x5f4 ./Core/Src/torch_can.o
                0x08004df8                error_loop
 .text.transmit_balance
                0x080053ec       0xb8 ./Core/Src/torch_can.o
                0x080053ec                transmit_balance
 .text.transmit_balance_initiation
                0x080054a4       0x3a ./Core/Src/torch_can.o
                0x080054a4                transmit_balance_initiation
 *fill*         0x080054de        0x2 
 .text.transmit_vmin
                0x080054e0       0x90 ./Core/Src/torch_can.o
                0x080054e0                transmit_vmin
 .text.transmit_extract_vmin
                0x08005570       0x22 ./Core/Src/torch_can.o
                0x08005570                transmit_extract_vmin
 *fill*         0x08005592        0x2 
 .text.transmit_voltages
                0x08005594      0x3a0 ./Core/Src/torch_can.o
                0x08005594                transmit_voltages
 .text.transmit_temperatures
                0x08005934      0x374 ./Core/Src/torch_can.o
                0x08005934                transmit_temperatures
 .text.full_diagnosis
                0x08005ca8       0x8c ./Core/Src/torch_diagnostic.o
                0x08005ca8                full_diagnosis
 .text.quick_diagnosis
                0x08005d34       0x7e ./Core/Src/torch_diagnostic.o
                0x08005d34                quick_diagnosis
 .text.ltc6813_analog_supply_check
                0x08005db2      0x184 ./Core/Src/torch_diagnostic.o
                0x08005db2                ltc6813_analog_supply_check
 .text.ltc6813_digital_supply_check
                0x08005f36      0x184 ./Core/Src/torch_diagnostic.o
                0x08005f36                ltc6813_digital_supply_check
 .text.ltc6813_reference_check
                0x080060ba      0x184 ./Core/Src/torch_diagnostic.o
                0x080060ba                ltc6813_reference_check
 *fill*         0x0800623e        0x2 
 .text.ltc6813_temperature_check
                0x08006240      0x204 ./Core/Src/torch_diagnostic.o
                0x08006240                ltc6813_temperature_check
 .text.open_cell_check
                0x08006444      0xcc6 ./Core/Src/torch_diagnostic.o
                0x08006444                open_cell_check
 *fill*         0x0800710a        0x2 
 .text.open_thermistor_check
                0x0800710c       0xcc ./Core/Src/torch_diagnostic.o
                0x0800710c                open_thermistor_check
 .text.mux_test
                0x080071d8      0x164 ./Core/Src/torch_diagnostic.o
                0x080071d8                mux_test
 .text.stat_register_test
                0x0800733c      0x5b0 ./Core/Src/torch_diagnostic.o
                0x0800733c                stat_register_test
 .text.cell_register_test
                0x080078ec      0xa32 ./Core/Src/torch_diagnostic.o
                0x080078ec                cell_register_test
 .text.aux_register_test
                0x0800831e      0x972 ./Core/Src/torch_diagnostic.o
                0x0800831e                aux_register_test
 .text.overlap_cell_measurement_test
                0x08008c90      0x35c ./Core/Src/torch_diagnostic.o
                0x08008c90                overlap_cell_measurement_test
 .text.setup_PEC15
                0x08008fec       0x78 ./Core/Src/torch_ltc6813.o
                0x08008fec                setup_PEC15
 .text.compute_PEC15
                0x08009064       0x6c ./Core/Src/torch_ltc6813.o
                0x08009064                compute_PEC15
 .text.append_PEC
                0x080090d0       0x3a ./Core/Src/torch_ltc6813.o
                0x080090d0                append_PEC
 .text.verify_PEC15
                0x0800910a       0x44 ./Core/Src/torch_ltc6813.o
                0x0800910a                verify_PEC15
 *fill*         0x0800914e        0x2 
 .text.action_cmd
                0x08009150       0x70 ./Core/Src/torch_ltc6813.o
                0x08009150                action_cmd
 .text.write_cmd
                0x080091c0       0x90 ./Core/Src/torch_ltc6813.o
                0x080091c0                write_cmd
 .text.read_cmd
                0x08009250       0xac ./Core/Src/torch_ltc6813.o
                0x08009250                read_cmd
 .text.WRCFGA   0x080092fc       0x8c ./Core/Src/torch_ltc6813.o
                0x080092fc                WRCFGA
 .text.WRPWM    0x08009388       0x8c ./Core/Src/torch_ltc6813.o
                0x08009388                WRPWM
 .text.RDCFGA   0x08009414       0x48 ./Core/Src/torch_ltc6813.o
                0x08009414                RDCFGA
 .text.RDCFGB   0x0800945c       0x48 ./Core/Src/torch_ltc6813.o
                0x0800945c                RDCFGB
 .text.RDCVA    0x080094a4       0x48 ./Core/Src/torch_ltc6813.o
                0x080094a4                RDCVA
 .text.RDCVB    0x080094ec       0x48 ./Core/Src/torch_ltc6813.o
                0x080094ec                RDCVB
 .text.RDCVC    0x08009534       0x48 ./Core/Src/torch_ltc6813.o
                0x08009534                RDCVC
 .text.RDCVD    0x0800957c       0x48 ./Core/Src/torch_ltc6813.o
                0x0800957c                RDCVD
 .text.RDCVE    0x080095c4       0x48 ./Core/Src/torch_ltc6813.o
                0x080095c4                RDCVE
 .text.RDSTATA  0x0800960c       0x48 ./Core/Src/torch_ltc6813.o
                0x0800960c                RDSTATA
 .text.RDSTATB  0x08009654       0x48 ./Core/Src/torch_ltc6813.o
                0x08009654                RDSTATB
 .text.RDAUXA   0x0800969c       0x48 ./Core/Src/torch_ltc6813.o
                0x0800969c                RDAUXA
 .text.RDAUXB   0x080096e4       0x48 ./Core/Src/torch_ltc6813.o
                0x080096e4                RDAUXB
 .text.RDAUXC   0x0800972c       0x48 ./Core/Src/torch_ltc6813.o
                0x0800972c                RDAUXC
 .text.RDAUXD   0x08009774       0x48 ./Core/Src/torch_ltc6813.o
                0x08009774                RDAUXD
 .text.RDPWM    0x080097bc       0x48 ./Core/Src/torch_ltc6813.o
                0x080097bc                RDPWM
 .text.ADOW     0x08009804       0x5c ./Core/Src/torch_ltc6813.o
                0x08009804                ADOW
 .text.ADOL     0x08009860       0x46 ./Core/Src/torch_ltc6813.o
                0x08009860                ADOL
 .text.CVST     0x080098a6       0x5c ./Core/Src/torch_ltc6813.o
                0x080098a6                CVST
 .text.AXST     0x08009902       0x5c ./Core/Src/torch_ltc6813.o
                0x08009902                AXST
 .text.STATST   0x0800995e       0x5c ./Core/Src/torch_ltc6813.o
                0x0800995e                STATST
 .text.ADSTATD  0x080099ba       0x46 ./Core/Src/torch_ltc6813.o
                0x080099ba                ADSTATD
 .text.ADAXD    0x08009a00       0x46 ./Core/Src/torch_ltc6813.o
                0x08009a00                ADAXD
 .text.ADCV     0x08009a46       0x46 ./Core/Src/torch_ltc6813.o
                0x08009a46                ADCV
 .text.CLRCELL  0x08009a8c       0x46 ./Core/Src/torch_ltc6813.o
                0x08009a8c                CLRCELL
 .text.CLRAUX   0x08009ad2       0x46 ./Core/Src/torch_ltc6813.o
                0x08009ad2                CLRAUX
 .text.CLRSTAT  0x08009b18       0x46 ./Core/Src/torch_ltc6813.o
                0x08009b18                CLRSTAT
 .text.DIAGN    0x08009b5e       0x46 ./Core/Src/torch_ltc6813.o
                0x08009b5e                DIAGN
 .text.MUTE     0x08009ba4       0x46 ./Core/Src/torch_ltc6813.o
                0x08009ba4                MUTE
 .text.UNMUTE   0x08009bea       0x46 ./Core/Src/torch_ltc6813.o
                0x08009bea                UNMUTE
 .text.force_refup
                0x08009c30       0x6a ./Core/Src/torch_ltc6813.o
                0x08009c30                force_refup
 .text.refup_check
                0x08009c9a       0x9a ./Core/Src/torch_ltc6813.o
                0x08009c9a                refup_check
 .text.force_mute
                0x08009d34       0xce ./Core/Src/torch_ltc6813.o
                0x08009d34                force_mute
 .text.force_unmute
                0x08009e02       0xce ./Core/Src/torch_ltc6813.o
                0x08009e02                force_unmute
 .text.torch_main
                0x08009ed0      0x828 ./Core/Src/torch_main.o
                0x08009ed0                torch_main
 .text.ltc6820_awaken
                0x0800a6f8       0x38 ./Core/Src/torch_stm32.o
                0x0800a6f8                ltc6820_awaken
 .text.low_power_state
                0x0800a730       0x5c ./Core/Src/torch_stm32.o
                0x0800a730                low_power_state
 .text.blink    0x0800a78c       0x38 ./Core/Src/torch_stm32.o
                0x0800a78c                blink
 .text.pull_low
                0x0800a7c4       0x20 ./Core/Src/torch_stm32.o
                0x0800a7c4                pull_low
 .text.pull_high
                0x0800a7e4       0x20 ./Core/Src/torch_stm32.o
                0x0800a7e4                pull_high
 .text.wait     0x0800a804       0x16 ./Core/Src/torch_stm32.o
                0x0800a804                wait
 *fill*         0x0800a81a        0x2 
 .text.start_timer
                0x0800a81c       0xa8 ./Core/Src/torch_stm32.o
                0x0800a81c                start_timer
 .text.stop_timer
                0x0800a8c4       0xb0 ./Core/Src/torch_stm32.o
                0x0800a8c4                stop_timer
 .text.active_led_on
                0x0800a974       0x18 ./Core/Src/torch_stm32.o
                0x0800a974                active_led_on
 .text.active_led_off
                0x0800a98c       0x18 ./Core/Src/torch_stm32.o
                0x0800a98c                active_led_off
 .text.charge_led_on
                0x0800a9a4       0x18 ./Core/Src/torch_stm32.o
                0x0800a9a4                charge_led_on
 .text.charge_led_off
                0x0800a9bc       0x18 ./Core/Src/torch_stm32.o
                0x0800a9bc                charge_led_off
 .text.balance_led_on
                0x0800a9d4       0x18 ./Core/Src/torch_stm32.o
                0x0800a9d4                balance_led_on
 .text.balance_led_off
                0x0800a9ec       0x18 ./Core/Src/torch_stm32.o
                0x0800a9ec                balance_led_off
 .text.hot_led_on
                0x0800aa04       0x14 ./Core/Src/torch_stm32.o
                0x0800aa04                hot_led_on
 .text.hot_led_off
                0x0800aa18       0x14 ./Core/Src/torch_stm32.o
                0x0800aa18                hot_led_off
 *fill*         0x0800aa2c        0x4 
 .text.compute_resistance
                0x0800aa30      0x114 ./Core/Src/torch_temperature.o
                0x0800aa30                compute_resistance
 *fill*         0x0800ab44        0x4 
 .text.compute_temperature
                0x0800ab48      0x198 ./Core/Src/torch_temperature.o
                0x0800ab48                compute_temperature
 .text.temperature_sense
                0x0800ace0       0x64 ./Core/Src/torch_temperature.o
                0x0800ace0                temperature_sense
 *fill*         0x0800ad44        0x4 
 .text.board_temperature_sense
                0x0800ad48      0x1d0 ./Core/Src/torch_temperature.o
                0x0800ad48                board_temperature_sense
 .text.read_thermistors
                0x0800af18      0x978 ./Core/Src/torch_temperature.o
                0x0800af18                read_thermistors
 .text.voltage_sense
                0x0800b890      0x456 ./Core/Src/torch_voltage.o
                0x0800b890                voltage_sense
 *fill*         0x0800bce6        0x2 
 .text.Reset_Handler
                0x0800bce8       0x50 ./Core/Startup/startup_stm32f446rctx.o
                0x0800bce8                Reset_Handler
 .text.Default_Handler
                0x0800bd38        0x2 ./Core/Startup/startup_stm32f446rctx.o
                0x0800bd38                RTC_Alarm_IRQHandler
                0x0800bd38                EXTI2_IRQHandler
                0x0800bd38                TIM8_CC_IRQHandler
                0x0800bd38                FMPI2C1_EV_IRQHandler
                0x0800bd38                SPI4_IRQHandler
                0x0800bd38                TIM1_CC_IRQHandler
                0x0800bd38                DMA2_Stream5_IRQHandler
                0x0800bd38                DMA1_Stream5_IRQHandler
                0x0800bd38                PVD_IRQHandler
                0x0800bd38                SDIO_IRQHandler
                0x0800bd38                TAMP_STAMP_IRQHandler
                0x0800bd38                CAN2_RX1_IRQHandler
                0x0800bd38                EXTI3_IRQHandler
                0x0800bd38                TIM8_TRG_COM_TIM14_IRQHandler
                0x0800bd38                TIM1_UP_TIM10_IRQHandler
                0x0800bd38                TIM8_UP_TIM13_IRQHandler
                0x0800bd38                I2C3_ER_IRQHandler
                0x0800bd38                EXTI0_IRQHandler
                0x0800bd38                I2C2_EV_IRQHandler
                0x0800bd38                DMA1_Stream2_IRQHandler
                0x0800bd38                FPU_IRQHandler
                0x0800bd38                OTG_HS_WKUP_IRQHandler
                0x0800bd38                CAN2_SCE_IRQHandler
                0x0800bd38                DMA2_Stream2_IRQHandler
                0x0800bd38                SPI1_IRQHandler
                0x0800bd38                TIM6_DAC_IRQHandler
                0x0800bd38                TIM1_BRK_TIM9_IRQHandler
                0x0800bd38                DCMI_IRQHandler
                0x0800bd38                CAN2_RX0_IRQHandler
                0x0800bd38                DMA2_Stream3_IRQHandler
                0x0800bd38                SAI2_IRQHandler
                0x0800bd38                USART6_IRQHandler
                0x0800bd38                USART3_IRQHandler
                0x0800bd38                UART5_IRQHandler
                0x0800bd38                DMA2_Stream0_IRQHandler
                0x0800bd38                TIM4_IRQHandler
                0x0800bd38                QUADSPI_IRQHandler
                0x0800bd38                I2C1_EV_IRQHandler
                0x0800bd38                DMA1_Stream6_IRQHandler
                0x0800bd38                DMA1_Stream1_IRQHandler
                0x0800bd38                UART4_IRQHandler
                0x0800bd38                TIM3_IRQHandler
                0x0800bd38                RCC_IRQHandler
                0x0800bd38                TIM8_BRK_TIM12_IRQHandler
                0x0800bd38                Default_Handler
                0x0800bd38                CEC_IRQHandler
                0x0800bd38                EXTI15_10_IRQHandler
                0x0800bd38                ADC_IRQHandler
                0x0800bd38                DMA1_Stream7_IRQHandler
                0x0800bd38                TIM7_IRQHandler
                0x0800bd38                CAN2_TX_IRQHandler
                0x0800bd38                TIM5_IRQHandler
                0x0800bd38                DMA2_Stream7_IRQHandler
                0x0800bd38                I2C3_EV_IRQHandler
                0x0800bd38                EXTI9_5_IRQHandler
                0x0800bd38                RTC_WKUP_IRQHandler
                0x0800bd38                SPDIF_RX_IRQHandler
                0x0800bd38                SPI2_IRQHandler
                0x0800bd38                OTG_HS_EP1_IN_IRQHandler
                0x0800bd38                DMA1_Stream0_IRQHandler
                0x0800bd38                CAN1_TX_IRQHandler
                0x0800bd38                FMPI2C1_ER_IRQHandler
                0x0800bd38                EXTI4_IRQHandler
                0x0800bd38                OTG_HS_EP1_OUT_IRQHandler
                0x0800bd38                WWDG_IRQHandler
                0x0800bd38                OTG_FS_WKUP_IRQHandler
                0x0800bd38                TIM1_TRG_COM_TIM11_IRQHandler
                0x0800bd38                OTG_HS_IRQHandler
                0x0800bd38                EXTI1_IRQHandler
                0x0800bd38                USART2_IRQHandler
                0x0800bd38                I2C2_ER_IRQHandler
                0x0800bd38                DMA2_Stream1_IRQHandler
                0x0800bd38                CAN1_SCE_IRQHandler
                0x0800bd38                FLASH_IRQHandler
                0x0800bd38                DMA2_Stream4_IRQHandler
                0x0800bd38                USART1_IRQHandler
                0x0800bd38                OTG_FS_IRQHandler
                0x0800bd38                SPI3_IRQHandler
                0x0800bd38                DMA1_Stream4_IRQHandler
                0x0800bd38                I2C1_ER_IRQHandler
                0x0800bd38                FMC_IRQHandler
                0x0800bd38                DMA2_Stream6_IRQHandler
                0x0800bd38                SAI1_IRQHandler
                0x0800bd38                DMA1_Stream3_IRQHandler
 *fill*         0x0800bd3a        0x2 
 .text.HAL_Init
                0x0800bd3c       0x44 ./Drivers/STM32F4xx_HAL_Driver/Src/stm32f4xx_hal.o
                0x0800bd3c                HAL_Init
 .text.HAL_InitTick
                0x0800bd80       0x60 ./Drivers/STM32F4xx_HAL_Driver/Src/stm32f4xx_hal.o
                0x0800bd80                HAL_InitTick
 .text.HAL_IncTick
                0x0800bde0       0x28 ./Drivers/STM32F4xx_HAL_Driver/Src/stm32f4xx_hal.o
                0x0800bde0                HAL_IncTick
 .text.HAL_GetTick
                0x0800be08       0x18 ./Drivers/STM32F4xx_HAL_Driver/Src/stm32f4xx_hal.o
                0x0800be08                HAL_GetTick
 .text.HAL_Delay
                0x0800be20       0x48 ./Drivers/STM32F4xx_HAL_Driver/Src/stm32f4xx_hal.o
                0x0800be20                HAL_Delay
 .text.HAL_ADC_Init
                0x0800be68       0x86 ./Drivers/STM32F4xx_HAL_Driver/Src/stm32f4xx_hal_adc.o
                0x0800be68                HAL_ADC_Init
 *fill*         0x0800beee        0x2 
 .text.HAL_ADC_Start
                0x0800bef0      0x1a4 ./Drivers/STM32F4xx_HAL_Driver/Src/stm32f4xx_hal_adc.o
                0x0800bef0                HAL_ADC_Start
 .text.HAL_ADC_Stop
                0x0800c094       0x66 ./Drivers/STM32F4xx_HAL_Driver/Src/stm32f4xx_hal_adc.o
                0x0800c094                HAL_ADC_Stop
 .text.HAL_ADC_PollForConversion
                0x0800c0fa      0x116 ./Drivers/STM32F4xx_HAL_Driver/Src/stm32f4xx_hal_adc.o
                0x0800c0fa                HAL_ADC_PollForConversion
 .text.HAL_ADC_GetValue
                0x0800c210       0x1a ./Drivers/STM32F4xx_HAL_Driver/Src/stm32f4xx_hal_adc.o
                0x0800c210                HAL_ADC_GetValue
 *fill*         0x0800c22a        0x2 
 .text.HAL_ADC_ConfigChannel
                0x0800c22c      0x264 ./Drivers/STM32F4xx_HAL_Driver/Src/stm32f4xx_hal_adc.o
                0x0800c22c                HAL_ADC_ConfigChannel
 .text.ADC_Init
                0x0800c490      0x1f8 ./Drivers/STM32F4xx_HAL_Driver/Src/stm32f4xx_hal_adc.o
 .text.HAL_CAN_Init
                0x0800c688      0x1f6 ./Drivers/STM32F4xx_HAL_Driver/Src/stm32f4xx_hal_can.o
                0x0800c688                HAL_CAN_Init
 *fill*         0x0800c87e        0x2 
 .text.HAL_CAN_ConfigFilter
                0x0800c880      0x1c0 ./Drivers/STM32F4xx_HAL_Driver/Src/stm32f4xx_hal_can.o
                0x0800c880                HAL_CAN_ConfigFilter
 .text.HAL_CAN_Start
                0x0800ca40       0x88 ./Drivers/STM32F4xx_HAL_Driver/Src/stm32f4xx_hal_can.o
                0x0800ca40                HAL_CAN_Start
 .text.HAL_CAN_Stop
                0x0800cac8       0x92 ./Drivers/STM32F4xx_HAL_Driver/Src/stm32f4xx_hal_can.o
                0x0800cac8                HAL_CAN_Stop
 .text.HAL_CAN_AddTxMessage
                0x0800cb5a      0x1a0 ./Drivers/STM32F4xx_HAL_Driver/Src/stm32f4xx_hal_can.o
                0x0800cb5a                HAL_CAN_AddTxMessage
 .text.HAL_CAN_GetRxMessage
                0x0800ccfa      0x244 ./Drivers/STM32F4xx_HAL_Driver/Src/stm32f4xx_hal_can.o
                0x0800ccfa                HAL_CAN_GetRxMessage
 .text.HAL_CAN_GetRxFifoFillLevel
                0x0800cf3e       0x50 ./Drivers/STM32F4xx_HAL_Driver/Src/stm32f4xx_hal_can.o
                0x0800cf3e                HAL_CAN_GetRxFifoFillLevel
 .text.HAL_CAN_IRQHandler
                0x0800cf8e      0x36e ./Drivers/STM32F4xx_HAL_Driver/Src/stm32f4xx_hal_can.o
                0x0800cf8e                HAL_CAN_IRQHandler
 .text.HAL_CAN_TxMailbox0CompleteCallback
                0x0800d2fc       0x14 ./Drivers/STM32F4xx_HAL_Driver/Src/stm32f4xx_hal_can.o
                0x0800d2fc                HAL_CAN_TxMailbox0CompleteCallback
 .text.HAL_CAN_TxMailbox1CompleteCallback
                0x0800d310       0x14 ./Drivers/STM32F4xx_HAL_Driver/Src/stm32f4xx_hal_can.o
                0x0800d310                HAL_CAN_TxMailbox1CompleteCallback
 .text.HAL_CAN_TxMailbox2CompleteCallback
                0x0800d324       0x14 ./Drivers/STM32F4xx_HAL_Driver/Src/stm32f4xx_hal_can.o
                0x0800d324                HAL_CAN_TxMailbox2CompleteCallback
 .text.HAL_CAN_TxMailbox0AbortCallback
                0x0800d338       0x14 ./Drivers/STM32F4xx_HAL_Driver/Src/stm32f4xx_hal_can.o
                0x0800d338                HAL_CAN_TxMailbox0AbortCallback
 .text.HAL_CAN_TxMailbox1AbortCallback
                0x0800d34c       0x14 ./Drivers/STM32F4xx_HAL_Driver/Src/stm32f4xx_hal_can.o
                0x0800d34c                HAL_CAN_TxMailbox1AbortCallback
 .text.HAL_CAN_TxMailbox2AbortCallback
                0x0800d360       0x14 ./Drivers/STM32F4xx_HAL_Driver/Src/stm32f4xx_hal_can.o
                0x0800d360                HAL_CAN_TxMailbox2AbortCallback
 .text.HAL_CAN_RxFifo0MsgPendingCallback
                0x0800d374       0x14 ./Drivers/STM32F4xx_HAL_Driver/Src/stm32f4xx_hal_can.o
                0x0800d374                HAL_CAN_RxFifo0MsgPendingCallback
 .text.HAL_CAN_RxFifo0FullCallback
                0x0800d388       0x14 ./Drivers/STM32F4xx_HAL_Driver/Src/stm32f4xx_hal_can.o
                0x0800d388                HAL_CAN_RxFifo0FullCallback
 .text.HAL_CAN_RxFifo1MsgPendingCallback
                0x0800d39c       0x14 ./Drivers/STM32F4xx_HAL_Driver/Src/stm32f4xx_hal_can.o
                0x0800d39c                HAL_CAN_RxFifo1MsgPendingCallback
 .text.HAL_CAN_RxFifo1FullCallback
                0x0800d3b0       0x14 ./Drivers/STM32F4xx_HAL_Driver/Src/stm32f4xx_hal_can.o
                0x0800d3b0                HAL_CAN_RxFifo1FullCallback
 .text.HAL_CAN_SleepCallback
                0x0800d3c4       0x14 ./Drivers/STM32F4xx_HAL_Driver/Src/stm32f4xx_hal_can.o
                0x0800d3c4                HAL_CAN_SleepCallback
 .text.HAL_CAN_WakeUpFromRxMsgCallback
                0x0800d3d8       0x14 ./Drivers/STM32F4xx_HAL_Driver/Src/stm32f4xx_hal_can.o
                0x0800d3d8                HAL_CAN_WakeUpFromRxMsgCallback
 .text.HAL_CAN_ErrorCallback
                0x0800d3ec       0x14 ./Drivers/STM32F4xx_HAL_Driver/Src/stm32f4xx_hal_can.o
                0x0800d3ec                HAL_CAN_ErrorCallback
 .text.__NVIC_SetPriorityGrouping
                0x0800d400       0x48 ./Drivers/STM32F4xx_HAL_Driver/Src/stm32f4xx_hal_cortex.o
 .text.__NVIC_GetPriorityGrouping
                0x0800d448       0x1c ./Drivers/STM32F4xx_HAL_Driver/Src/stm32f4xx_hal_cortex.o
 .text.__NVIC_EnableIRQ
                0x0800d464       0x3c ./Drivers/STM32F4xx_HAL_Driver/Src/stm32f4xx_hal_cortex.o
 .text.__NVIC_SetPriority
                0x0800d4a0       0x54 ./Drivers/STM32F4xx_HAL_Driver/Src/stm32f4xx_hal_cortex.o
 .text.NVIC_EncodePriority
                0x0800d4f4       0x66 ./Drivers/STM32F4xx_HAL_Driver/Src/stm32f4xx_hal_cortex.o
 *fill*         0x0800d55a        0x2 
 .text.SysTick_Config
                0x0800d55c       0x44 ./Drivers/STM32F4xx_HAL_Driver/Src/stm32f4xx_hal_cortex.o
 .text.HAL_NVIC_SetPriorityGrouping
                0x0800d5a0       0x16 ./Drivers/STM32F4xx_HAL_Driver/Src/stm32f4xx_hal_cortex.o
                0x0800d5a0                HAL_NVIC_SetPriorityGrouping
 .text.HAL_NVIC_SetPriority
                0x0800d5b6       0x38 ./Drivers/STM32F4xx_HAL_Driver/Src/stm32f4xx_hal_cortex.o
                0x0800d5b6                HAL_NVIC_SetPriority
 .text.HAL_NVIC_EnableIRQ
                0x0800d5ee       0x1c ./Drivers/STM32F4xx_HAL_Driver/Src/stm32f4xx_hal_cortex.o
                0x0800d5ee                HAL_NVIC_EnableIRQ
 .text.HAL_SYSTICK_Config
                0x0800d60a       0x18 ./Drivers/STM32F4xx_HAL_Driver/Src/stm32f4xx_hal_cortex.o
                0x0800d60a                HAL_SYSTICK_Config
 *fill*         0x0800d622        0x2 
 .text.HAL_GPIO_Init
                0x0800d624      0x328 ./Drivers/STM32F4xx_HAL_Driver/Src/stm32f4xx_hal_gpio.o
                0x0800d624                HAL_GPIO_Init
 .text.HAL_GPIO_WritePin
                0x0800d94c       0x32 ./Drivers/STM32F4xx_HAL_Driver/Src/stm32f4xx_hal_gpio.o
                0x0800d94c                HAL_GPIO_WritePin
 *fill*         0x0800d97e        0x2 
 .text.HAL_RCC_ClockConfig
                0x0800d980      0x1cc ./Drivers/STM32F4xx_HAL_Driver/Src/stm32f4xx_hal_rcc.o
                0x0800d980                HAL_RCC_ClockConfig
 .text.HAL_RCC_GetSysClockFreq
                0x0800db4c      0x45c ./Drivers/STM32F4xx_HAL_Driver/Src/stm32f4xx_hal_rcc_ex.o
                0x0800db4c                HAL_RCC_GetSysClockFreq
 .text.HAL_RCC_OscConfig
                0x0800dfa8      0x53c ./Drivers/STM32F4xx_HAL_Driver/Src/stm32f4xx_hal_rcc_ex.o
                0x0800dfa8                HAL_RCC_OscConfig
 .text.HAL_SPI_Init
                0x0800e4e4      0x112 ./Drivers/STM32F4xx_HAL_Driver/Src/stm32f4xx_hal_spi.o
                0x0800e4e4                HAL_SPI_Init
 .text.HAL_SPI_Transmit
                0x0800e5f6      0x288 ./Drivers/STM32F4xx_HAL_Driver/Src/stm32f4xx_hal_spi.o
                0x0800e5f6                HAL_SPI_Transmit
 .text.HAL_SPI_TransmitReceive
                0x0800e87e      0x352 ./Drivers/STM32F4xx_HAL_Driver/Src/stm32f4xx_hal_spi.o
                0x0800e87e                HAL_SPI_TransmitReceive
 .text.SPI_WaitFlagStateUntilTimeout
                0x0800ebd0      0x110 ./Drivers/STM32F4xx_HAL_Driver/Src/stm32f4xx_hal_spi.o
 .text.SPI_EndRxTxTransaction
                0x0800ece0       0xa8 ./Drivers/STM32F4xx_HAL_Driver/Src/stm32f4xx_hal_spi.o
 .text.HAL_TIM_Base_Init
                0x0800ed88       0x9e ./Drivers/STM32F4xx_HAL_Driver/Src/stm32f4xx_hal_tim.o
                0x0800ed88                HAL_TIM_Base_Init
 *fill*         0x0800ee26        0x2 
 .text.HAL_TIM_Base_Start_IT
                0x0800ee28       0xe0 ./Drivers/STM32F4xx_HAL_Driver/Src/stm32f4xx_hal_tim.o
                0x0800ee28                HAL_TIM_Base_Start_IT
 .text.HAL_TIM_Base_Stop_IT
                0x0800ef08       0x5e ./Drivers/STM32F4xx_HAL_Driver/Src/stm32f4xx_hal_tim.o
                0x0800ef08                HAL_TIM_Base_Stop_IT
 .text.HAL_TIM_IRQHandler
                0x0800ef66      0x1e0 ./Drivers/STM32F4xx_HAL_Driver/Src/stm32f4xx_hal_tim.o
                0x0800ef66                HAL_TIM_IRQHandler
 .text.HAL_TIM_ConfigClockSource
                0x0800f146      0x18e ./Drivers/STM32F4xx_HAL_Driver/Src/stm32f4xx_hal_tim.o
                0x0800f146                HAL_TIM_ConfigClockSource
 .text.HAL_TIM_OC_DelayElapsedCallback
                0x0800f2d4       0x14 ./Drivers/STM32F4xx_HAL_Driver/Src/stm32f4xx_hal_tim.o
                0x0800f2d4                HAL_TIM_OC_DelayElapsedCallback
 .text.HAL_TIM_IC_CaptureCallback
                0x0800f2e8       0x14 ./Drivers/STM32F4xx_HAL_Driver/Src/stm32f4xx_hal_tim.o
                0x0800f2e8                HAL_TIM_IC_CaptureCallback
 .text.HAL_TIM_PWM_PulseFinishedCallback
                0x0800f2fc       0x14 ./Drivers/STM32F4xx_HAL_Driver/Src/stm32f4xx_hal_tim.o
                0x0800f2fc                HAL_TIM_PWM_PulseFinishedCallback
 .text.HAL_TIM_TriggerCallback
                0x0800f310       0x14 ./Drivers/STM32F4xx_HAL_Driver/Src/stm32f4xx_hal_tim.o
                0x0800f310                HAL_TIM_TriggerCallback
 .text.TIM_Base_SetConfig
                0x0800f324      0x158 ./Drivers/STM32F4xx_HAL_Driver/Src/stm32f4xx_hal_tim.o
                0x0800f324                TIM_Base_SetConfig
 .text.TIM_TI1_ConfigInputStage
                0x0800f47c       0x5e ./Drivers/STM32F4xx_HAL_Driver/Src/stm32f4xx_hal_tim.o
 .text.TIM_TI2_ConfigInputStage
                0x0800f4da       0x60 ./Drivers/STM32F4xx_HAL_Driver/Src/stm32f4xx_hal_tim.o
 .text.TIM_ITRx_SetConfig
                0x0800f53a       0x36 ./Drivers/STM32F4xx_HAL_Driver/Src/stm32f4xx_hal_tim.o
 .text.TIM_ETR_SetConfig
                0x0800f570       0x40 ./Drivers/STM32F4xx_HAL_Driver/Src/stm32f4xx_hal_tim.o
                0x0800f570                TIM_ETR_SetConfig
 .text.HAL_TIMEx_MasterConfigSynchronization
                0x0800f5b0       0xf8 ./Drivers/STM32F4xx_HAL_Driver/Src/stm32f4xx_hal_tim_ex.o
                0x0800f5b0                HAL_TIMEx_MasterConfigSynchronization
 .text.HAL_TIMEx_CommutCallback
                0x0800f6a8       0x14 ./Drivers/STM32F4xx_HAL_Driver/Src/stm32f4xx_hal_tim_ex.o
                0x0800f6a8                HAL_TIMEx_CommutCallback
 .text.HAL_TIMEx_BreakCallback
                0x0800f6bc       0x14 ./Drivers/STM32F4xx_HAL_Driver/Src/stm32f4xx_hal_tim_ex.o
                0x0800f6bc                HAL_TIMEx_BreakCallback
 .text.memset   0x0800f6d0       0x10 C:/ST/STM32CubeIDE_1.15.1/STM32CubeIDE/plugins/com.st.stm32cube.ide.mcu.externaltools.gnu-tools-for-stm32.13.3.rel1.win32_1.0.0.202411081344/tools/bin/../lib/gcc/arm-none-eabi/13.3.1/../../../../arm-none-eabi/lib/thumb/v7e-m+fp/hard\libc_nano.a(libc_a-memset.o)
                0x0800f6d0                memset
 .text.__errno  0x0800f6e0        0xc C:/ST/STM32CubeIDE_1.15.1/STM32CubeIDE/plugins/com.st.stm32cube.ide.mcu.externaltools.gnu-tools-for-stm32.13.3.rel1.win32_1.0.0.202411081344/tools/bin/../lib/gcc/arm-none-eabi/13.3.1/../../../../arm-none-eabi/lib/thumb/v7e-m+fp/hard\libc_nano.a(libc_a-errno.o)
                0x0800f6e0                __errno
 .text.__libc_init_array
                0x0800f6ec       0x48 C:/ST/STM32CubeIDE_1.15.1/STM32CubeIDE/plugins/com.st.stm32cube.ide.mcu.externaltools.gnu-tools-for-stm32.13.3.rel1.win32_1.0.0.202411081344/tools/bin/../lib/gcc/arm-none-eabi/13.3.1/../../../../arm-none-eabi/lib/thumb/v7e-m+fp/hard\libc_nano.a(libc_a-init.o)
                0x0800f6ec                __libc_init_array
 .text.logf     0x0800f734       0x5c C:/ST/STM32CubeIDE_1.15.1/STM32CubeIDE/plugins/com.st.stm32cube.ide.mcu.externaltools.gnu-tools-for-stm32.13.3.rel1.win32_1.0.0.202411081344/tools/bin/../lib/gcc/arm-none-eabi/13.3.1/../../../../arm-none-eabi/lib/thumb/v7e-m+fp/hard\libm.a(libm_a-wf_log.o)
                0x0800f734                logf
 .text.powf     0x0800f790       0xae C:/ST/STM32CubeIDE_1.15.1/STM32CubeIDE/plugins/com.st.stm32cube.ide.mcu.externaltools.gnu-tools-for-stm32.13.3.rel1.win32_1.0.0.202411081344/tools/bin/../lib/gcc/arm-none-eabi/13.3.1/../../../../arm-none-eabi/lib/thumb/v7e-m+fp/hard\libm.a(libm_a-wf_pow.o)
                0x0800f790                powf
 .text.finitef  0x0800f83e       0x14 C:/ST/STM32CubeIDE_1.15.1/STM32CubeIDE/plugins/com.st.stm32cube.ide.mcu.externaltools.gnu-tools-for-stm32.13.3.rel1.win32_1.0.0.202411081344/tools/bin/../lib/gcc/arm-none-eabi/13.3.1/../../../../arm-none-eabi/lib/thumb/v7e-m+fp/hard\libm.a(libm_a-sf_finite.o)
                0x0800f83e                finitef
 *fill*         0x0800f852        0x2 
 .text.nanf     0x0800f854        0xc C:/ST/STM32CubeIDE_1.15.1/STM32CubeIDE/plugins/com.st.stm32cube.ide.mcu.externaltools.gnu-tools-for-stm32.13.3.rel1.win32_1.0.0.202411081344/tools/bin/../lib/gcc/arm-none-eabi/13.3.1/../../../../arm-none-eabi/lib/thumb/v7e-m+fp/hard\libm.a(libm_a-sf_nan.o)
                0x0800f854                nanf
 .text.__ieee754_logf
                0x0800f860      0x1e4 C:/ST/STM32CubeIDE_1.15.1/STM32CubeIDE/plugins/com.st.stm32cube.ide.mcu.externaltools.gnu-tools-for-stm32.13.3.rel1.win32_1.0.0.202411081344/tools/bin/../lib/gcc/arm-none-eabi/13.3.1/../../../../arm-none-eabi/lib/thumb/v7e-m+fp/hard\libm.a(libm_a-ef_log.o)
                0x0800f860                __ieee754_logf
 .text.__ieee754_powf
                0x0800fa44      0x59c C:/ST/STM32CubeIDE_1.15.1/STM32CubeIDE/plugins/com.st.stm32cube.ide.mcu.externaltools.gnu-tools-for-stm32.13.3.rel1.win32_1.0.0.202411081344/tools/bin/../lib/gcc/arm-none-eabi/13.3.1/../../../../arm-none-eabi/lib/thumb/v7e-m+fp/hard\libm.a(libm_a-ef_pow.o)
                0x0800fa44                __ieee754_powf
 .text.fabsf    0x0800ffe0        0xe C:/ST/STM32CubeIDE_1.15.1/STM32CubeIDE/plugins/com.st.stm32cube.ide.mcu.externaltools.gnu-tools-for-stm32.13.3.rel1.win32_1.0.0.202411081344/tools/bin/../lib/gcc/arm-none-eabi/13.3.1/../../../../arm-none-eabi/lib/thumb/v7e-m+fp/hard\libm.a(libm_a-sf_fabs.o)
                0x0800ffe0                fabsf
 *fill*         0x0800ffee        0x2 
 .text.scalbnf  0x0800fff0       0xcc C:/ST/STM32CubeIDE_1.15.1/STM32CubeIDE/plugins/com.st.stm32cube.ide.mcu.externaltools.gnu-tools-for-stm32.13.3.rel1.win32_1.0.0.202411081344/tools/bin/../lib/gcc/arm-none-eabi/13.3.1/../../../../arm-none-eabi/lib/thumb/v7e-m+fp/hard\libm.a(libm_a-sf_scalbn.o)
                0x0800fff0                scalbnf
 .text.with_errnof
                0x080100bc       0x1c C:/ST/STM32CubeIDE_1.15.1/STM32CubeIDE/plugins/com.st.stm32cube.ide.mcu.externaltools.gnu-tools-for-stm32.13.3.rel1.win32_1.0.0.202411081344/tools/bin/../lib/gcc/arm-none-eabi/13.3.1/../../../../arm-none-eabi/lib/thumb/v7e-m+fp/hard\libm.a(libm_a-math_errf.o)
 .text.xflowf   0x080100d8       0x16 C:/ST/STM32CubeIDE_1.15.1/STM32CubeIDE/plugins/com.st.stm32cube.ide.mcu.externaltools.gnu-tools-for-stm32.13.3.rel1.win32_1.0.0.202411081344/tools/bin/../lib/gcc/arm-none-eabi/13.3.1/../../../../arm-none-eabi/lib/thumb/v7e-m+fp/hard\libm.a(libm_a-math_errf.o)
 *fill*         0x080100ee        0x2 
 .text.__math_uflowf
                0x080100f0        0xc C:/ST/STM32CubeIDE_1.15.1/STM32CubeIDE/plugins/com.st.stm32cube.ide.mcu.externaltools.gnu-tools-for-stm32.13.3.rel1.win32_1.0.0.202411081344/tools/bin/../lib/gcc/arm-none-eabi/13.3.1/../../../../arm-none-eabi/lib/thumb/v7e-m+fp/hard\libm.a(libm_a-math_errf.o)
                0x080100f0                __math_uflowf
 .text.__math_oflowf
                0x080100fc        0xc C:/ST/STM32CubeIDE_1.15.1/STM32CubeIDE/plugins/com.st.stm32cube.ide.mcu.externaltools.gnu-tools-for-stm32.13.3.rel1.win32_1.0.0.202411081344/tools/bin/../lib/gcc/arm-none-eabi/13.3.1/../../../../arm-none-eabi/lib/thumb/v7e-m+fp/hard\libm.a(libm_a-math_errf.o)
                0x080100fc                __math_oflowf
 .text.__ieee754_sqrtf
                0x08010108        0x6 C:/ST/STM32CubeIDE_1.15.1/STM32CubeIDE/plugins/com.st.stm32cube.ide.mcu.externaltools.gnu-tools-for-stm32.13.3.rel1.win32_1.0.0.202411081344/tools/bin/../lib/gcc/arm-none-eabi/13.3.1/../../../../arm-none-eabi/lib/thumb/v7e-m+fp/hard\libm.a(libm_a-ef_sqrt.o)
                0x08010108                __ieee754_sqrtf
 *(.glue_7)
 .glue_7        0x0801010e        0x0 linker stubs
 *(.glue_7t)
 .glue_7t       0x0801010e        0x0 linker stubs
 *(.eh_frame)
 *fill*         0x0801010e        0x2 
 .eh_frame      0x08010110        0x0 C:/ST/STM32CubeIDE_1.15.1/STM32CubeIDE/plugins/com.st.stm32cube.ide.mcu.externaltools.gnu-tools-for-stm32.13.3.rel1.win32_1.0.0.202411081344/tools/bin/../lib/gcc/arm-none-eabi/13.3.1/thumb/v7e-m+fp/hard/crtbegin.o
 *(.init)
 .init          0x08010110        0x4 C:/ST/STM32CubeIDE_1.15.1/STM32CubeIDE/plugins/com.st.stm32cube.ide.mcu.externaltools.gnu-tools-for-stm32.13.3.rel1.win32_1.0.0.202411081344/tools/bin/../lib/gcc/arm-none-eabi/13.3.1/thumb/v7e-m+fp/hard/crti.o
                0x08010110                _init
 .init          0x08010114        0x8 C:/ST/STM32CubeIDE_1.15.1/STM32CubeIDE/plugins/com.st.stm32cube.ide.mcu.externaltools.gnu-tools-for-stm32.13.3.rel1.win32_1.0.0.202411081344/tools/bin/../lib/gcc/arm-none-eabi/13.3.1/thumb/v7e-m+fp/hard/crtn.o
 *(.fini)
 .fini          0x0801011c        0x4 C:/ST/STM32CubeIDE_1.15.1/STM32CubeIDE/plugins/com.st.stm32cube.ide.mcu.externaltools.gnu-tools-for-stm32.13.3.rel1.win32_1.0.0.202411081344/tools/bin/../lib/gcc/arm-none-eabi/13.3.1/thumb/v7e-m+fp/hard/crti.o
                0x0801011c                _fini
 .fini          0x08010120        0x8 C:/ST/STM32CubeIDE_1.15.1/STM32CubeIDE/plugins/com.st.stm32cube.ide.mcu.externaltools.gnu-tools-for-stm32.13.3.rel1.win32_1.0.0.202411081344/tools/bin/../lib/gcc/arm-none-eabi/13.3.1/thumb/v7e-m+fp/hard/crtn.o
                0x08010128                        . = ALIGN (0x4)
                0x08010128                        _etext = .

.vfp11_veneer   0x08010128        0x0
 .vfp11_veneer  0x08010128        0x0 linker stubs

.v4_bx          0x08010128        0x0
 .v4_bx         0x08010128        0x0 linker stubs

.iplt           0x08010128        0x0
 .iplt          0x08010128        0x0 C:/ST/STM32CubeIDE_1.15.1/STM32CubeIDE/plugins/com.st.stm32cube.ide.mcu.externaltools.gnu-tools-for-stm32.13.3.rel1.win32_1.0.0.202411081344/tools/bin/../lib/gcc/arm-none-eabi/13.3.1/thumb/v7e-m+fp/hard/crtbegin.o

.rodata         0x08010128       0x34
                0x08010128                        . = ALIGN (0x4)
 *(.rodata)
 .rodata        0x08010128        0x8 ./Core/Src/torch_ltc6813.o
 *(.rodata*)
 .rodata.AHBPrescTable
                0x08010130       0x10 ./Core/Src/system_stm32f4xx.o
                0x08010130                AHBPrescTable
 .rodata.moduleID
                0x08010140        0x1 ./Core/Src/torch_main.o
                0x08010140                moduleID
 .rodata.bmsMode
                0x08010141        0x1 ./Core/Src/torch_main.o
                0x08010141                bmsMode
 .rodata.logf.str1.1
                0x08010142        0x1 C:/ST/STM32CubeIDE_1.15.1/STM32CubeIDE/plugins/com.st.stm32cube.ide.mcu.externaltools.gnu-tools-for-stm32.13.3.rel1.win32_1.0.0.202411081344/tools/bin/../lib/gcc/arm-none-eabi/13.3.1/../../../../arm-none-eabi/lib/thumb/v7e-m+fp/hard\libm.a(libm_a-wf_log.o)
 *fill*         0x08010143        0x1 
 .rodata.dp_l   0x08010144        0x8 C:/ST/STM32CubeIDE_1.15.1/STM32CubeIDE/plugins/com.st.stm32cube.ide.mcu.externaltools.gnu-tools-for-stm32.13.3.rel1.win32_1.0.0.202411081344/tools/bin/../lib/gcc/arm-none-eabi/13.3.1/../../../../arm-none-eabi/lib/thumb/v7e-m+fp/hard\libm.a(libm_a-ef_pow.o)
 .rodata.dp_h   0x0801014c        0x8 C:/ST/STM32CubeIDE_1.15.1/STM32CubeIDE/plugins/com.st.stm32cube.ide.mcu.externaltools.gnu-tools-for-stm32.13.3.rel1.win32_1.0.0.202411081344/tools/bin/../lib/gcc/arm-none-eabi/13.3.1/../../../../arm-none-eabi/lib/thumb/v7e-m+fp/hard\libm.a(libm_a-ef_pow.o)
 .rodata.bp     0x08010154        0x8 C:/ST/STM32CubeIDE_1.15.1/STM32CubeIDE/plugins/com.st.stm32cube.ide.mcu.externaltools.gnu-tools-for-stm32.13.3.rel1.win32_1.0.0.202411081344/tools/bin/../lib/gcc/arm-none-eabi/13.3.1/../../../../arm-none-eabi/lib/thumb/v7e-m+fp/hard\libm.a(libm_a-ef_pow.o)
                0x0801015c                        . = ALIGN (0x4)

.ARM.extab      0x0801015c        0x0
                0x0801015c                        . = ALIGN (0x4)
 *(.ARM.extab* .gnu.linkonce.armextab.*)
                0x0801015c                        . = ALIGN (0x4)

.ARM            0x0801015c        0x8
                0x0801015c                        . = ALIGN (0x4)
                0x0801015c                        __exidx_start = .
 *(.ARM.exidx*)
 .ARM.exidx     0x0801015c        0x8 C:/ST/STM32CubeIDE_1.15.1/STM32CubeIDE/plugins/com.st.stm32cube.ide.mcu.externaltools.gnu-tools-for-stm32.13.3.rel1.win32_1.0.0.202411081344/tools/bin/../lib/gcc/arm-none-eabi/13.3.1/thumb/v7e-m+fp/hard\libgcc.a(_udivmoddi4.o)
                0x08010164                        __exidx_end = .
                0x08010164                        . = ALIGN (0x4)

.preinit_array  0x08010164        0x0
                0x08010164                        . = ALIGN (0x4)
                0x08010164                        PROVIDE (__preinit_array_start = .)
 *(.preinit_array*)
                0x08010164                        PROVIDE (__preinit_array_end = .)
                0x08010164                        . = ALIGN (0x4)

.init_array     0x08010164        0x4
                0x08010164                        . = ALIGN (0x4)
                0x08010164                        PROVIDE (__init_array_start = .)
 *(SORT_BY_NAME(.init_array.*))
 *(.init_array*)
 .init_array    0x08010164        0x4 C:/ST/STM32CubeIDE_1.15.1/STM32CubeIDE/plugins/com.st.stm32cube.ide.mcu.externaltools.gnu-tools-for-stm32.13.3.rel1.win32_1.0.0.202411081344/tools/bin/../lib/gcc/arm-none-eabi/13.3.1/thumb/v7e-m+fp/hard/crtbegin.o
                0x08010168                        PROVIDE (__init_array_end = .)
                0x08010168                        . = ALIGN (0x4)

.fini_array     0x08010168        0x4
                0x08010168                        . = ALIGN (0x4)
                [!provide]                        PROVIDE (__fini_array_start = .)
 *(SORT_BY_NAME(.fini_array.*))
 *(.fini_array*)
 .fini_array    0x08010168        0x4 C:/ST/STM32CubeIDE_1.15.1/STM32CubeIDE/plugins/com.st.stm32cube.ide.mcu.externaltools.gnu-tools-for-stm32.13.3.rel1.win32_1.0.0.202411081344/tools/bin/../lib/gcc/arm-none-eabi/13.3.1/thumb/v7e-m+fp/hard/crtbegin.o
                [!provide]                        PROVIDE (__fini_array_end = .)
                0x0801016c                        . = ALIGN (0x4)
                0x0801016c                        _sidata = LOADADDR (.data)

.rel.dyn        0x0801016c        0x0
 .rel.iplt      0x0801016c        0x0 C:/ST/STM32CubeIDE_1.15.1/STM32CubeIDE/plugins/com.st.stm32cube.ide.mcu.externaltools.gnu-tools-for-stm32.13.3.rel1.win32_1.0.0.202411081344/tools/bin/../lib/gcc/arm-none-eabi/13.3.1/thumb/v7e-m+fp/hard/crtbegin.o

.data           0x20000000       0x60 load address 0x0801016c
                0x20000000                        . = ALIGN (0x4)
                0x20000000                        _sdata = .
 *(.data)
 *(.data*)
 .data.SystemCoreClock
                0x20000000        0x4 ./Core/Src/system_stm32f4xx.o
                0x20000000                SystemCoreClock
 .data.CRC15_Poly
                0x20000004        0x2 ./Core/Src/torch_ltc6813.o
                0x20000004                CRC15_Poly
 *fill*         0x20000006        0x2 
 .data.uwTickPrio
                0x20000008        0x4 ./Drivers/STM32F4xx_HAL_Driver/Src/stm32f4xx_hal.o
                0x20000008                uwTickPrio
 .data.uwTickFreq
                0x2000000c        0x1 ./Drivers/STM32F4xx_HAL_Driver/Src/stm32f4xx_hal.o
                0x2000000c                uwTickFreq
 *fill*         0x2000000d        0x3 
 .data._impure_ptr
                0x20000010        0x4 C:/ST/STM32CubeIDE_1.15.1/STM32CubeIDE/plugins/com.st.stm32cube.ide.mcu.externaltools.gnu-tools-for-stm32.13.3.rel1.win32_1.0.0.202411081344/tools/bin/../lib/gcc/arm-none-eabi/13.3.1/../../../../arm-none-eabi/lib/thumb/v7e-m+fp/hard\libc_nano.a(libc_a-impure.o)
                0x20000010                _impure_ptr
 .data._impure_data
                0x20000014       0x4c C:/ST/STM32CubeIDE_1.15.1/STM32CubeIDE/plugins/com.st.stm32cube.ide.mcu.externaltools.gnu-tools-for-stm32.13.3.rel1.win32_1.0.0.202411081344/tools/bin/../lib/gcc/arm-none-eabi/13.3.1/../../../../arm-none-eabi/lib/thumb/v7e-m+fp/hard\libc_nano.a(libc_a-impure.o)
                0x20000014                _impure_data
 *(.RamFunc)
 *(.RamFunc*)
                0x20000060                        . = ALIGN (0x4)
                0x20000060                        _edata = .

.igot.plt       0x20000060        0x0 load address 0x080101cc
 .igot.plt      0x20000060        0x0 C:/ST/STM32CubeIDE_1.15.1/STM32CubeIDE/plugins/com.st.stm32cube.ide.mcu.externaltools.gnu-tools-for-stm32.13.3.rel1.win32_1.0.0.202411081344/tools/bin/../lib/gcc/arm-none-eabi/13.3.1/thumb/v7e-m+fp/hard/crtbegin.o
                0x20000060                        . = ALIGN (0x4)

.bss            0x20000060      0x4d4 load address 0x080101cc
                0x20000060                        _sbss = .
                0x20000060                        __bss_start__ = _sbss
 *(.bss)
 .bss           0x20000060       0x1c C:/ST/STM32CubeIDE_1.15.1/STM32CubeIDE/plugins/com.st.stm32cube.ide.mcu.externaltools.gnu-tools-for-stm32.13.3.rel1.win32_1.0.0.202411081344/tools/bin/../lib/gcc/arm-none-eabi/13.3.1/thumb/v7e-m+fp/hard/crtbegin.o
 *(.bss*)
 .bss.hadc1     0x2000007c       0x48 ./Core/Src/main.o
                0x2000007c                hadc1
 .bss.hcan1     0x200000c4       0x28 ./Core/Src/main.o
                0x200000c4                hcan1
 .bss.hspi1     0x200000ec       0x58 ./Core/Src/main.o
                0x200000ec                hspi1
 .bss.hspi3     0x20000144       0x58 ./Core/Src/main.o
                0x20000144                hspi3
 .bss.htim2     0x2000019c       0x48 ./Core/Src/main.o
                0x2000019c                htim2
 .bss.PEC15_table
                0x200001e4      0x200 ./Core/Src/torch_ltc6813.o
                0x200001e4                PEC15_table
 .bss.forceBalance
                0x200003e4        0x1 ./Core/Src/torch_main.o
                0x200003e4                forceBalance
 *fill*         0x200003e5        0x1 
 .bss.transmissionDelay
                0x200003e6        0x2 ./Core/Src/torch_main.o
                0x200003e6                transmissionDelay
 .bss.transmitCounter
                0x200003e8        0x4 ./Core/Src/torch_main.o
                0x200003e8                transmitCounter
 .bss.measureCounter
                0x200003ec        0x4 ./Core/Src/torch_main.o
                0x200003ec                measureCounter
 .bss.balanceCounter
                0x200003f0        0x4 ./Core/Src/torch_main.o
                0x200003f0                balanceCounter
 .bss.diagnosisCounter
                0x200003f4        0x4 ./Core/Src/torch_main.o
                0x200003f4                diagnosisCounter
 .bss.uwTick    0x200003f8        0x4 ./Drivers/STM32F4xx_HAL_Driver/Src/stm32f4xx_hal.o
                0x200003f8                uwTick
 .bss.__sf      0x200003fc      0x138 C:/ST/STM32CubeIDE_1.15.1/STM32CubeIDE/plugins/com.st.stm32cube.ide.mcu.externaltools.gnu-tools-for-stm32.13.3.rel1.win32_1.0.0.202411081344/tools/bin/../lib/gcc/arm-none-eabi/13.3.1/../../../../arm-none-eabi/lib/thumb/v7e-m+fp/hard\libc_nano.a(libc_a-findfp.o)
                0x200003fc                __sf
 *(COMMON)
                0x20000534                        . = ALIGN (0x4)
                0x20000534                        _ebss = .
                0x20000534                        __bss_end__ = _ebss

._user_heap_stack
                0x20000534      0x604 load address 0x080101cc
                0x20000538                        . = ALIGN (0x8)
 *fill*         0x20000534        0x4 
                [!provide]                        PROVIDE (end = .)
                0x20000538                        PROVIDE (_end = .)
                0x20000738                        . = (. + _Min_Heap_Size)
 *fill*         0x20000538      0x200 
                0x20000b38                        . = (. + _Min_Stack_Size)
 *fill*         0x20000738      0x400 
                0x20000b38                        . = ALIGN (0x8)

/DISCARD/
 libc.a(*)
 libm.a(*)
 libgcc.a(*)

.ARM.attributes
                0x00000000       0x30
 *(.ARM.attributes)
 .ARM.attributes
                0x00000000       0x22 C:/ST/STM32CubeIDE_1.15.1/STM32CubeIDE/plugins/com.st.stm32cube.ide.mcu.externaltools.gnu-tools-for-stm32.13.3.rel1.win32_1.0.0.202411081344/tools/bin/../lib/gcc/arm-none-eabi/13.3.1/thumb/v7e-m+fp/hard/crti.o
 .ARM.attributes
                0x00000022       0x34 C:/ST/STM32CubeIDE_1.15.1/STM32CubeIDE/plugins/com.st.stm32cube.ide.mcu.externaltools.gnu-tools-for-stm32.13.3.rel1.win32_1.0.0.202411081344/tools/bin/../lib/gcc/arm-none-eabi/13.3.1/thumb/v7e-m+fp/hard/crtbegin.o
 .ARM.attributes
                0x00000056       0x34 ./Core/Src/main.o
 .ARM.attributes
                0x0000008a       0x34 ./Core/Src/stm32f4xx_hal_msp.o
 .ARM.attributes
                0x000000be       0x34 ./Core/Src/stm32f4xx_it.o
 .ARM.attributes
                0x000000f2       0x34 ./Core/Src/system_stm32f4xx.o
 .ARM.attributes
                0x00000126       0x34 ./Core/Src/torch_balance.o
 .ARM.attributes
                0x0000015a       0x34 ./Core/Src/torch_can.o
 .ARM.attributes
                0x0000018e       0x34 ./Core/Src/torch_diagnostic.o
 .ARM.attributes
                0x000001c2       0x34 ./Core/Src/torch_ltc6813.o
 .ARM.attributes
                0x000001f6       0x34 ./Core/Src/torch_main.o
 .ARM.attributes
                0x0000022a       0x34 ./Core/Src/torch_stm32.o
 .ARM.attributes
                0x0000025e       0x34 ./Core/Src/torch_temperature.o
 .ARM.attributes
                0x00000292       0x34 ./Core/Src/torch_voltage.o
 .ARM.attributes
                0x000002c6       0x21 ./Core/Startup/startup_stm32f446rctx.o
 .ARM.attributes
                0x000002e7       0x34 ./Drivers/STM32F4xx_HAL_Driver/Src/stm32f4xx_hal.o
 .ARM.attributes
                0x0000031b       0x34 ./Drivers/STM32F4xx_HAL_Driver/Src/stm32f4xx_hal_adc.o
 .ARM.attributes
                0x0000034f       0x34 ./Drivers/STM32F4xx_HAL_Driver/Src/stm32f4xx_hal_can.o
 .ARM.attributes
                0x00000383       0x34 ./Drivers/STM32F4xx_HAL_Driver/Src/stm32f4xx_hal_cortex.o
 .ARM.attributes
                0x000003b7       0x34 ./Drivers/STM32F4xx_HAL_Driver/Src/stm32f4xx_hal_gpio.o
 .ARM.attributes
                0x000003eb       0x34 ./Drivers/STM32F4xx_HAL_Driver/Src/stm32f4xx_hal_rcc.o
 .ARM.attributes
                0x0000041f       0x34 ./Drivers/STM32F4xx_HAL_Driver/Src/stm32f4xx_hal_rcc_ex.o
 .ARM.attributes
                0x00000453       0x34 ./Drivers/STM32F4xx_HAL_Driver/Src/stm32f4xx_hal_spi.o
 .ARM.attributes
                0x00000487       0x34 ./Drivers/STM32F4xx_HAL_Driver/Src/stm32f4xx_hal_tim.o
 .ARM.attributes
                0x000004bb       0x34 ./Drivers/STM32F4xx_HAL_Driver/Src/stm32f4xx_hal_tim_ex.o
 .ARM.attributes
                0x000004ef       0x34 C:/ST/STM32CubeIDE_1.15.1/STM32CubeIDE/plugins/com.st.stm32cube.ide.mcu.externaltools.gnu-tools-for-stm32.13.3.rel1.win32_1.0.0.202411081344/tools/bin/../lib/gcc/arm-none-eabi/13.3.1/../../../../arm-none-eabi/lib/thumb/v7e-m+fp/hard\libc_nano.a(libc_a-findfp.o)
 .ARM.attributes
                0x00000523       0x34 C:/ST/STM32CubeIDE_1.15.1/STM32CubeIDE/plugins/com.st.stm32cube.ide.mcu.externaltools.gnu-tools-for-stm32.13.3.rel1.win32_1.0.0.202411081344/tools/bin/../lib/gcc/arm-none-eabi/13.3.1/../../../../arm-none-eabi/lib/thumb/v7e-m+fp/hard\libc_nano.a(libc_a-memset.o)
 .ARM.attributes
                0x00000557       0x34 C:/ST/STM32CubeIDE_1.15.1/STM32CubeIDE/plugins/com.st.stm32cube.ide.mcu.externaltools.gnu-tools-for-stm32.13.3.rel1.win32_1.0.0.202411081344/tools/bin/../lib/gcc/arm-none-eabi/13.3.1/../../../../arm-none-eabi/lib/thumb/v7e-m+fp/hard\libc_nano.a(libc_a-impure.o)
 .ARM.attributes
                0x0000058b       0x34 C:/ST/STM32CubeIDE_1.15.1/STM32CubeIDE/plugins/com.st.stm32cube.ide.mcu.externaltools.gnu-tools-for-stm32.13.3.rel1.win32_1.0.0.202411081344/tools/bin/../lib/gcc/arm-none-eabi/13.3.1/../../../../arm-none-eabi/lib/thumb/v7e-m+fp/hard\libc_nano.a(libc_a-errno.o)
 .ARM.attributes
                0x000005bf       0x34 C:/ST/STM32CubeIDE_1.15.1/STM32CubeIDE/plugins/com.st.stm32cube.ide.mcu.externaltools.gnu-tools-for-stm32.13.3.rel1.win32_1.0.0.202411081344/tools/bin/../lib/gcc/arm-none-eabi/13.3.1/../../../../arm-none-eabi/lib/thumb/v7e-m+fp/hard\libc_nano.a(libc_a-init.o)
 .ARM.attributes
                0x000005f3       0x34 C:/ST/STM32CubeIDE_1.15.1/STM32CubeIDE/plugins/com.st.stm32cube.ide.mcu.externaltools.gnu-tools-for-stm32.13.3.rel1.win32_1.0.0.202411081344/tools/bin/../lib/gcc/arm-none-eabi/13.3.1/../../../../arm-none-eabi/lib/thumb/v7e-m+fp/hard\libm.a(libm_a-wf_log.o)
 .ARM.attributes
                0x00000627       0x34 C:/ST/STM32CubeIDE_1.15.1/STM32CubeIDE/plugins/com.st.stm32cube.ide.mcu.externaltools.gnu-tools-for-stm32.13.3.rel1.win32_1.0.0.202411081344/tools/bin/../lib/gcc/arm-none-eabi/13.3.1/../../../../arm-none-eabi/lib/thumb/v7e-m+fp/hard\libm.a(libm_a-wf_pow.o)
 .ARM.attributes
                0x0000065b       0x34 C:/ST/STM32CubeIDE_1.15.1/STM32CubeIDE/plugins/com.st.stm32cube.ide.mcu.externaltools.gnu-tools-for-stm32.13.3.rel1.win32_1.0.0.202411081344/tools/bin/../lib/gcc/arm-none-eabi/13.3.1/../../../../arm-none-eabi/lib/thumb/v7e-m+fp/hard\libm.a(libm_a-sf_finite.o)
 .ARM.attributes
                0x0000068f       0x34 C:/ST/STM32CubeIDE_1.15.1/STM32CubeIDE/plugins/com.st.stm32cube.ide.mcu.externaltools.gnu-tools-for-stm32.13.3.rel1.win32_1.0.0.202411081344/tools/bin/../lib/gcc/arm-none-eabi/13.3.1/../../../../arm-none-eabi/lib/thumb/v7e-m+fp/hard\libm.a(libm_a-sf_nan.o)
 .ARM.attributes
                0x000006c3       0x34 C:/ST/STM32CubeIDE_1.15.1/STM32CubeIDE/plugins/com.st.stm32cube.ide.mcu.externaltools.gnu-tools-for-stm32.13.3.rel1.win32_1.0.0.202411081344/tools/bin/../lib/gcc/arm-none-eabi/13.3.1/../../../../arm-none-eabi/lib/thumb/v7e-m+fp/hard\libm.a(libm_a-ef_log.o)
 .ARM.attributes
                0x000006f7       0x34 C:/ST/STM32CubeIDE_1.15.1/STM32CubeIDE/plugins/com.st.stm32cube.ide.mcu.externaltools.gnu-tools-for-stm32.13.3.rel1.win32_1.0.0.202411081344/tools/bin/../lib/gcc/arm-none-eabi/13.3.1/../../../../arm-none-eabi/lib/thumb/v7e-m+fp/hard\libm.a(libm_a-ef_pow.o)
 .ARM.attributes
                0x0000072b       0x34 C:/ST/STM32CubeIDE_1.15.1/STM32CubeIDE/plugins/com.st.stm32cube.ide.mcu.externaltools.gnu-tools-for-stm32.13.3.rel1.win32_1.0.0.202411081344/tools/bin/../lib/gcc/arm-none-eabi/13.3.1/../../../../arm-none-eabi/lib/thumb/v7e-m+fp/hard\libm.a(libm_a-sf_fabs.o)
 .ARM.attributes
                0x0000075f       0x34 C:/ST/STM32CubeIDE_1.15.1/STM32CubeIDE/plugins/com.st.stm32cube.ide.mcu.externaltools.gnu-tools-for-stm32.13.3.rel1.win32_1.0.0.202411081344/tools/bin/../lib/gcc/arm-none-eabi/13.3.1/../../../../arm-none-eabi/lib/thumb/v7e-m+fp/hard\libm.a(libm_a-sf_scalbn.o)
 .ARM.attributes
                0x00000793       0x34 C:/ST/STM32CubeIDE_1.15.1/STM32CubeIDE/plugins/com.st.stm32cube.ide.mcu.externaltools.gnu-tools-for-stm32.13.3.rel1.win32_1.0.0.202411081344/tools/bin/../lib/gcc/arm-none-eabi/13.3.1/../../../../arm-none-eabi/lib/thumb/v7e-m+fp/hard\libm.a(libm_a-math_errf.o)
 .ARM.attributes
                0x000007c7       0x34 C:/ST/STM32CubeIDE_1.15.1/STM32CubeIDE/plugins/com.st.stm32cube.ide.mcu.externaltools.gnu-tools-for-stm32.13.3.rel1.win32_1.0.0.202411081344/tools/bin/../lib/gcc/arm-none-eabi/13.3.1/../../../../arm-none-eabi/lib/thumb/v7e-m+fp/hard\libm.a(libm_a-ef_sqrt.o)
 .ARM.attributes
                0x000007fb       0x22 C:/ST/STM32CubeIDE_1.15.1/STM32CubeIDE/plugins/com.st.stm32cube.ide.mcu.externaltools.gnu-tools-for-stm32.13.3.rel1.win32_1.0.0.202411081344/tools/bin/../lib/gcc/arm-none-eabi/13.3.1/thumb/v7e-m+fp/hard\libgcc.a(_arm_addsubdf3.o)
 .ARM.attributes
                0x0000081d       0x22 C:/ST/STM32CubeIDE_1.15.1/STM32CubeIDE/plugins/com.st.stm32cube.ide.mcu.externaltools.gnu-tools-for-stm32.13.3.rel1.win32_1.0.0.202411081344/tools/bin/../lib/gcc/arm-none-eabi/13.3.1/thumb/v7e-m+fp/hard\libgcc.a(_arm_muldivdf3.o)
 .ARM.attributes
                0x0000083f       0x22 C:/ST/STM32CubeIDE_1.15.1/STM32CubeIDE/plugins/com.st.stm32cube.ide.mcu.externaltools.gnu-tools-for-stm32.13.3.rel1.win32_1.0.0.202411081344/tools/bin/../lib/gcc/arm-none-eabi/13.3.1/thumb/v7e-m+fp/hard\libgcc.a(_arm_truncdfsf2.o)
 .ARM.attributes
                0x00000861       0x22 C:/ST/STM32CubeIDE_1.15.1/STM32CubeIDE/plugins/com.st.stm32cube.ide.mcu.externaltools.gnu-tools-for-stm32.13.3.rel1.win32_1.0.0.202411081344/tools/bin/../lib/gcc/arm-none-eabi/13.3.1/thumb/v7e-m+fp/hard\libgcc.a(_aeabi_uldivmod.o)
 .ARM.attributes
                0x00000883       0x34 C:/ST/STM32CubeIDE_1.15.1/STM32CubeIDE/plugins/com.st.stm32cube.ide.mcu.externaltools.gnu-tools-for-stm32.13.3.rel1.win32_1.0.0.202411081344/tools/bin/../lib/gcc/arm-none-eabi/13.3.1/thumb/v7e-m+fp/hard\libgcc.a(_udivmoddi4.o)
 .ARM.attributes
                0x000008b7       0x22 C:/ST/STM32CubeIDE_1.15.1/STM32CubeIDE/plugins/com.st.stm32cube.ide.mcu.externaltools.gnu-tools-for-stm32.13.3.rel1.win32_1.0.0.202411081344/tools/bin/../lib/gcc/arm-none-eabi/13.3.1/thumb/v7e-m+fp/hard\libgcc.a(_dvmd_tls.o)
 .ARM.attributes
                0x000008d9       0x22 C:/ST/STM32CubeIDE_1.15.1/STM32CubeIDE/plugins/com.st.stm32cube.ide.mcu.externaltools.gnu-tools-for-stm32.13.3.rel1.win32_1.0.0.202411081344/tools/bin/../lib/gcc/arm-none-eabi/13.3.1/thumb/v7e-m+fp/hard/crtn.o
OUTPUT(wfr25_torch_bms.elf elf32-littlearm)
LOAD linker stubs
LOAD C:/ST/STM32CubeIDE_1.15.1/STM32CubeIDE/plugins/com.st.stm32cube.ide.mcu.externaltools.gnu-tools-for-stm32.13.3.rel1.win32_1.0.0.202411081344/tools/bin/../lib/gcc/arm-none-eabi/13.3.1/../../../../arm-none-eabi/lib/thumb/v7e-m+fp/hard\libc.a
LOAD C:/ST/STM32CubeIDE_1.15.1/STM32CubeIDE/plugins/com.st.stm32cube.ide.mcu.externaltools.gnu-tools-for-stm32.13.3.rel1.win32_1.0.0.202411081344/tools/bin/../lib/gcc/arm-none-eabi/13.3.1/../../../../arm-none-eabi/lib/thumb/v7e-m+fp/hard\libm.a
LOAD C:/ST/STM32CubeIDE_1.15.1/STM32CubeIDE/plugins/com.st.stm32cube.ide.mcu.externaltools.gnu-tools-for-stm32.13.3.rel1.win32_1.0.0.202411081344/tools/bin/../lib/gcc/arm-none-eabi/13.3.1/thumb/v7e-m+fp/hard\libgcc.a

.debug_info     0x00000000    0x15d67
 .debug_info    0x00000000     0x1bda ./Core/Src/main.o
 .debug_info    0x00001bda     0x1717 ./Core/Src/stm32f4xx_hal_msp.o
 .debug_info    0x000032f1      0x514 ./Core/Src/stm32f4xx_it.o
 .debug_info    0x00003805      0x54a ./Core/Src/system_stm32f4xx.o
 .debug_info    0x00003d4f     0x1a3d ./Core/Src/torch_balance.o
 .debug_info    0x0000578c      0xc43 ./Core/Src/torch_can.o
 .debug_info    0x000063cf     0x114d ./Core/Src/torch_diagnostic.o
 .debug_info    0x0000751c     0x179e ./Core/Src/torch_ltc6813.o
 .debug_info    0x00008cba     0x109f ./Core/Src/torch_main.o
 .debug_info    0x00009d59     0x111a ./Core/Src/torch_stm32.o
 .debug_info    0x0000ae73      0xc01 ./Core/Src/torch_temperature.o
 .debug_info    0x0000ba74      0x27e ./Core/Src/torch_voltage.o
 .debug_info    0x0000bcf2       0x30 ./Core/Startup/startup_stm32f446rctx.o
 .debug_info    0x0000bd22      0x99a ./Drivers/STM32F4xx_HAL_Driver/Src/stm32f4xx_hal.o
 .debug_info    0x0000c6bc      0xcd4 ./Drivers/STM32F4xx_HAL_Driver/Src/stm32f4xx_hal_adc.o
 .debug_info    0x0000d390      0xf44 ./Drivers/STM32F4xx_HAL_Driver/Src/stm32f4xx_hal_can.o
 .debug_info    0x0000e2d4      0xdaa ./Drivers/STM32F4xx_HAL_Driver/Src/stm32f4xx_hal_cortex.o
 .debug_info    0x0000f07e      0x70b ./Drivers/STM32F4xx_HAL_Driver/Src/stm32f4xx_hal_gpio.o
 .debug_info    0x0000f789      0x8eb ./Drivers/STM32F4xx_HAL_Driver/Src/stm32f4xx_hal_rcc.o
 .debug_info    0x00010074      0x956 ./Drivers/STM32F4xx_HAL_Driver/Src/stm32f4xx_hal_rcc_ex.o
 .debug_info    0x000109ca     0x1525 ./Drivers/STM32F4xx_HAL_Driver/Src/stm32f4xx_hal_spi.o
 .debug_info    0x00011eef     0x299d ./Drivers/STM32F4xx_HAL_Driver/Src/stm32f4xx_hal_tim.o
 .debug_info    0x0001488c     0x14db ./Drivers/STM32F4xx_HAL_Driver/Src/stm32f4xx_hal_tim_ex.o

.debug_abbrev   0x00000000     0x3173
 .debug_abbrev  0x00000000      0x32a ./Core/Src/main.o
 .debug_abbrev  0x0000032a      0x26d ./Core/Src/stm32f4xx_hal_msp.o
 .debug_abbrev  0x00000597      0x190 ./Core/Src/stm32f4xx_it.o
 .debug_abbrev  0x00000727      0x11a ./Core/Src/system_stm32f4xx.o
 .debug_abbrev  0x00000841      0x2d5 ./Core/Src/torch_balance.o
 .debug_abbrev  0x00000b16      0x27e ./Core/Src/torch_can.o
 .debug_abbrev  0x00000d94      0x14e ./Core/Src/torch_diagnostic.o
 .debug_abbrev  0x00000ee2      0x2d2 ./Core/Src/torch_ltc6813.o
 .debug_abbrev  0x000011b4      0x2be ./Core/Src/torch_main.o
 .debug_abbrev  0x00001472      0x23a ./Core/Src/torch_stm32.o
 .debug_abbrev  0x000016ac      0x1f4 ./Core/Src/torch_temperature.o
 .debug_abbrev  0x000018a0       0xc8 ./Core/Src/torch_voltage.o
 .debug_abbrev  0x00001968       0x24 ./Core/Startup/startup_stm32f446rctx.o
 .debug_abbrev  0x0000198c      0x214 ./Drivers/STM32F4xx_HAL_Driver/Src/stm32f4xx_hal.o
 .debug_abbrev  0x00001ba0      0x252 ./Drivers/STM32F4xx_HAL_Driver/Src/stm32f4xx_hal_adc.o
 .debug_abbrev  0x00001df2      0x25a ./Drivers/STM32F4xx_HAL_Driver/Src/stm32f4xx_hal_can.o
 .debug_abbrev  0x0000204c      0x31d ./Drivers/STM32F4xx_HAL_Driver/Src/stm32f4xx_hal_cortex.o
 .debug_abbrev  0x00002369      0x1d4 ./Drivers/STM32F4xx_HAL_Driver/Src/stm32f4xx_hal_gpio.o
 .debug_abbrev  0x0000253d      0x2b7 ./Drivers/STM32F4xx_HAL_Driver/Src/stm32f4xx_hal_rcc.o
 .debug_abbrev  0x000027f4      0x20a ./Drivers/STM32F4xx_HAL_Driver/Src/stm32f4xx_hal_rcc_ex.o
 .debug_abbrev  0x000029fe      0x27a ./Drivers/STM32F4xx_HAL_Driver/Src/stm32f4xx_hal_spi.o
 .debug_abbrev  0x00002c78      0x278 ./Drivers/STM32F4xx_HAL_Driver/Src/stm32f4xx_hal_tim.o
 .debug_abbrev  0x00002ef0      0x283 ./Drivers/STM32F4xx_HAL_Driver/Src/stm32f4xx_hal_tim_ex.o

.debug_aranges  0x00000000     0x1230
 .debug_aranges
                0x00000000       0x70 ./Core/Src/main.o
 .debug_aranges
                0x00000070       0x60 ./Core/Src/stm32f4xx_hal_msp.o
 .debug_aranges
                0x000000d0       0x70 ./Core/Src/stm32f4xx_it.o
 .debug_aranges
                0x00000140       0x28 ./Core/Src/system_stm32f4xx.o
 .debug_aranges
                0x00000168       0x50 ./Core/Src/torch_balance.o
 .debug_aranges
                0x000001b8       0x60 ./Core/Src/torch_can.o
 .debug_aranges
                0x00000218       0x80 ./Core/Src/torch_diagnostic.o
 .debug_aranges
                0x00000298      0x1a0 ./Core/Src/torch_ltc6813.o
 .debug_aranges
                0x00000438       0x20 ./Core/Src/torch_main.o
 .debug_aranges
                0x00000458       0xb0 ./Core/Src/torch_stm32.o
 .debug_aranges
                0x00000508       0x40 ./Core/Src/torch_temperature.o
 .debug_aranges
                0x00000548       0x20 ./Core/Src/torch_voltage.o
 .debug_aranges
                0x00000568       0x28 ./Core/Startup/startup_stm32f446rctx.o
 .debug_aranges
                0x00000590       0xf0 ./Drivers/STM32F4xx_HAL_Driver/Src/stm32f4xx_hal.o
 .debug_aranges
                0x00000680       0xe8 ./Drivers/STM32F4xx_HAL_Driver/Src/stm32f4xx_hal_adc.o
 .debug_aranges
                0x00000768      0x138 ./Drivers/STM32F4xx_HAL_Driver/Src/stm32f4xx_hal_can.o
 .debug_aranges
                0x000008a0      0x130 ./Drivers/STM32F4xx_HAL_Driver/Src/stm32f4xx_hal_cortex.o
 .debug_aranges
                0x000009d0       0x58 ./Drivers/STM32F4xx_HAL_Driver/Src/stm32f4xx_hal_gpio.o
 .debug_aranges
                0x00000a28       0x88 ./Drivers/STM32F4xx_HAL_Driver/Src/stm32f4xx_hal_rcc.o
 .debug_aranges
                0x00000ab0       0x78 ./Drivers/STM32F4xx_HAL_Driver/Src/stm32f4xx_hal_rcc_ex.o
 .debug_aranges
                0x00000b28      0x1d0 ./Drivers/STM32F4xx_HAL_Driver/Src/stm32f4xx_hal_spi.o
 .debug_aranges
                0x00000cf8      0x3d0 ./Drivers/STM32F4xx_HAL_Driver/Src/stm32f4xx_hal_tim.o
 .debug_aranges
                0x000010c8      0x168 ./Drivers/STM32F4xx_HAL_Driver/Src/stm32f4xx_hal_tim_ex.o

.debug_rnglists
                0x00000000      0xe02
 .debug_rnglists
                0x00000000       0x54 ./Core/Src/main.o
 .debug_rnglists
                0x00000054       0x46 ./Core/Src/stm32f4xx_hal_msp.o
 .debug_rnglists
                0x0000009a       0x4f ./Core/Src/stm32f4xx_it.o
 .debug_rnglists
                0x000000e9       0x1a ./Core/Src/system_stm32f4xx.o
 .debug_rnglists
                0x00000103       0x3e ./Core/Src/torch_balance.o
 .debug_rnglists
                0x00000141       0x49 ./Core/Src/torch_can.o
 .debug_rnglists
                0x0000018a       0x67 ./Core/Src/torch_diagnostic.o
 .debug_rnglists
                0x000001f1      0x13d ./Core/Src/torch_ltc6813.o
 .debug_rnglists
                0x0000032e       0x14 ./Core/Src/torch_main.o
 .debug_rnglists
                0x00000342       0x81 ./Core/Src/torch_stm32.o
 .debug_rnglists
                0x000003c3       0x2f ./Core/Src/torch_temperature.o
 .debug_rnglists
                0x000003f2       0x14 ./Core/Src/torch_voltage.o
 .debug_rnglists
                0x00000406       0x19 ./Core/Startup/startup_stm32f446rctx.o
 .debug_rnglists
                0x0000041f       0xaf ./Drivers/STM32F4xx_HAL_Driver/Src/stm32f4xx_hal.o
 .debug_rnglists
                0x000004ce       0xb5 ./Drivers/STM32F4xx_HAL_Driver/Src/stm32f4xx_hal_adc.o
 .debug_rnglists
                0x00000583       0xee ./Drivers/STM32F4xx_HAL_Driver/Src/stm32f4xx_hal_can.o
 .debug_rnglists
                0x00000671       0xe0 ./Drivers/STM32F4xx_HAL_Driver/Src/stm32f4xx_hal_cortex.o
 .debug_rnglists
                0x00000751       0x3f ./Drivers/STM32F4xx_HAL_Driver/Src/stm32f4xx_hal_gpio.o
 .debug_rnglists
                0x00000790       0x66 ./Drivers/STM32F4xx_HAL_Driver/Src/stm32f4xx_hal_rcc.o
 .debug_rnglists
                0x000007f6       0x5e ./Drivers/STM32F4xx_HAL_Driver/Src/stm32f4xx_hal_rcc_ex.o
 .debug_rnglists
                0x00000854      0x16f ./Drivers/STM32F4xx_HAL_Driver/Src/stm32f4xx_hal_spi.o
 .debug_rnglists
                0x000009c3      0x31a ./Drivers/STM32F4xx_HAL_Driver/Src/stm32f4xx_hal_tim.o
 .debug_rnglists
                0x00000cdd      0x125 ./Drivers/STM32F4xx_HAL_Driver/Src/stm32f4xx_hal_tim_ex.o

.debug_macro    0x00000000    0x243c0
 .debug_macro   0x00000000      0x22f ./Core/Src/main.o
 .debug_macro   0x0000022f      0xad8 ./Core/Src/main.o
 .debug_macro   0x00000d07      0x2a7 ./Core/Src/main.o
 .debug_macro   0x00000fae       0x2e ./Core/Src/main.o
 .debug_macro   0x00000fdc       0x28 ./Core/Src/main.o
 .debug_macro   0x00001004       0x22 ./Core/Src/main.o
 .debug_macro   0x00001026       0x8e ./Core/Src/main.o
 .debug_macro   0x000010b4       0x51 ./Core/Src/main.o
 .debug_macro   0x00001105      0x103 ./Core/Src/main.o
 .debug_macro   0x00001208       0x6a ./Core/Src/main.o
 .debug_macro   0x00001272      0x1df ./Core/Src/main.o
 .debug_macro   0x00001451       0x1c ./Core/Src/main.o
 .debug_macro   0x0000146d       0x22 ./Core/Src/main.o
 .debug_macro   0x0000148f       0xfb ./Core/Src/main.o
 .debug_macro   0x0000158a     0x1011 ./Core/Src/main.o
 .debug_macro   0x0000259b      0x11f ./Core/Src/main.o
 .debug_macro   0x000026ba    0x16749 ./Core/Src/main.o
 .debug_macro   0x00018e03       0x6d ./Core/Src/main.o
 .debug_macro   0x00018e70     0x369a ./Core/Src/main.o
 .debug_macro   0x0001c50a      0x190 ./Core/Src/main.o
 .debug_macro   0x0001c69a       0x5c ./Core/Src/main.o
 .debug_macro   0x0001c6f6      0xca5 ./Core/Src/main.o
 .debug_macro   0x0001d39b      0x9e9 ./Core/Src/main.o
 .debug_macro   0x0001dd84      0x115 ./Core/Src/main.o
 .debug_macro   0x0001de99      0x1a0 ./Core/Src/main.o
 .debug_macro   0x0001e039       0xa5 ./Core/Src/main.o
 .debug_macro   0x0001e0de      0x16d ./Core/Src/main.o
 .debug_macro   0x0001e24b      0x287 ./Core/Src/main.o
 .debug_macro   0x0001e4d2       0x5f ./Core/Src/main.o
 .debug_macro   0x0001e531      0x236 ./Core/Src/main.o
 .debug_macro   0x0001e767      0xb5b ./Core/Src/main.o
 .debug_macro   0x0001f2c2      0x38b ./Core/Src/main.o
 .debug_macro   0x0001f64d      0x17d ./Core/Src/main.o
 .debug_macro   0x0001f7ca       0xf9 ./Core/Src/main.o
 .debug_macro   0x0001f8c3      0x40f ./Core/Src/main.o
 .debug_macro   0x0001fcd2      0x132 ./Core/Src/main.o
 .debug_macro   0x0001fe04      0x29c ./Core/Src/main.o
 .debug_macro   0x000200a0       0x2e ./Core/Src/main.o
 .debug_macro   0x000200ce      0x127 ./Core/Src/main.o
 .debug_macro   0x000201f5       0xe8 ./Core/Src/main.o
 .debug_macro   0x000202dd       0x89 ./Core/Src/main.o
 .debug_macro   0x00020366      0x225 ./Core/Src/main.o
 .debug_macro   0x0002058b      0x8ed ./Core/Src/main.o
 .debug_macro   0x00020e78       0x53 ./Core/Src/main.o
 .debug_macro   0x00020ecb      0x126 ./Core/Src/main.o
 .debug_macro   0x00020ff1       0x52 ./Core/Src/main.o
 .debug_macro   0x00021043      0x1fc ./Core/Src/main.o
 .debug_macro   0x0002123f       0x4c ./Core/Src/main.o
 .debug_macro   0x0002128b      0x20a ./Core/Src/stm32f4xx_hal_msp.o
 .debug_macro   0x00021495      0x214 ./Core/Src/stm32f4xx_it.o
 .debug_macro   0x000216a9      0x200 ./Core/Src/system_stm32f4xx.o
 .debug_macro   0x000218a9      0x2fe ./Core/Src/torch_balance.o
 .debug_macro   0x00021ba7       0x58 ./Core/Src/torch_balance.o
 .debug_macro   0x00021bff       0x22 ./Core/Src/torch_balance.o
 .debug_macro   0x00021c21       0x10 ./Core/Src/torch_balance.o
 .debug_macro   0x00021c31       0x1c ./Core/Src/torch_balance.o
 .debug_macro   0x00021c4d       0x61 ./Core/Src/torch_balance.o
 .debug_macro   0x00021cae      0x19b ./Core/Src/torch_balance.o
 .debug_macro   0x00021e49      0x238 ./Core/Src/torch_can.o
 .debug_macro   0x00022081      0x2f5 ./Core/Src/torch_diagnostic.o
 .debug_macro   0x00022376      0x22f ./Core/Src/torch_ltc6813.o
 .debug_macro   0x000225a5      0x24a ./Core/Src/torch_main.o
 .debug_macro   0x000227ef      0x21d ./Core/Src/torch_stm32.o
 .debug_macro   0x00022a0c      0x2d1 ./Core/Src/torch_temperature.o
 .debug_macro   0x00022cdd      0x239 ./Core/Src/torch_voltage.o
 .debug_macro   0x00022f16      0x260 ./Drivers/STM32F4xx_HAL_Driver/Src/stm32f4xx_hal.o
 .debug_macro   0x00023176      0x201 ./Drivers/STM32F4xx_HAL_Driver/Src/stm32f4xx_hal_adc.o
 .debug_macro   0x00023377      0x20f ./Drivers/STM32F4xx_HAL_Driver/Src/stm32f4xx_hal_can.o
 .debug_macro   0x00023586      0x200 ./Drivers/STM32F4xx_HAL_Driver/Src/stm32f4xx_hal_cortex.o
 .debug_macro   0x00023786      0x206 ./Drivers/STM32F4xx_HAL_Driver/Src/stm32f4xx_hal_gpio.o
 .debug_macro   0x0002398c      0x224 ./Drivers/STM32F4xx_HAL_Driver/Src/stm32f4xx_hal_rcc.o
 .debug_macro   0x00023bb0      0x200 ./Drivers/STM32F4xx_HAL_Driver/Src/stm32f4xx_hal_rcc_ex.o
 .debug_macro   0x00023db0      0x20f ./Drivers/STM32F4xx_HAL_Driver/Src/stm32f4xx_hal_spi.o
 .debug_macro   0x00023fbf      0x201 ./Drivers/STM32F4xx_HAL_Driver/Src/stm32f4xx_hal_tim.o
 .debug_macro   0x000241c0      0x200 ./Drivers/STM32F4xx_HAL_Driver/Src/stm32f4xx_hal_tim_ex.o

.debug_line     0x00000000    0x19887
 .debug_line    0x00000000      0xb07 ./Core/Src/main.o
 .debug_line    0x00000b07      0x8f4 ./Core/Src/stm32f4xx_hal_msp.o
 .debug_line    0x000013fb      0x882 ./Core/Src/stm32f4xx_it.o
 .debug_line    0x00001c7d      0x828 ./Core/Src/system_stm32f4xx.o
 .debug_line    0x000024a5     0x2479 ./Core/Src/torch_balance.o
 .debug_line    0x0000491e      0xf42 ./Core/Src/torch_can.o
 .debug_line    0x00005860     0x2329 ./Core/Src/torch_diagnostic.o
 .debug_line    0x00007b89     0x109b ./Core/Src/torch_ltc6813.o
 .debug_line    0x00008c24      0xc10 ./Core/Src/torch_main.o
 .debug_line    0x00009834      0xa64 ./Core/Src/torch_stm32.o
 .debug_line    0x0000a298      0xeee ./Core/Src/torch_temperature.o
 .debug_line    0x0000b186      0xa66 ./Core/Src/torch_voltage.o
 .debug_line    0x0000bbec       0x7a ./Core/Startup/startup_stm32f446rctx.o
 .debug_line    0x0000bc66      0xa95 ./Drivers/STM32F4xx_HAL_Driver/Src/stm32f4xx_hal.o
 .debug_line    0x0000c6fb     0x12b5 ./Drivers/STM32F4xx_HAL_Driver/Src/stm32f4xx_hal_adc.o
 .debug_line    0x0000d9b0     0x1257 ./Drivers/STM32F4xx_HAL_Driver/Src/stm32f4xx_hal_can.o
 .debug_line    0x0000ec07      0xd65 ./Drivers/STM32F4xx_HAL_Driver/Src/stm32f4xx_hal_cortex.o
 .debug_line    0x0000f96c      0xbd9 ./Drivers/STM32F4xx_HAL_Driver/Src/stm32f4xx_hal_gpio.o
 .debug_line    0x00010545      0xeb0 ./Drivers/STM32F4xx_HAL_Driver/Src/stm32f4xx_hal_rcc.o
 .debug_line    0x000113f5     0x1561 ./Drivers/STM32F4xx_HAL_Driver/Src/stm32f4xx_hal_rcc_ex.o
 .debug_line    0x00012956     0x1d2a ./Drivers/STM32F4xx_HAL_Driver/Src/stm32f4xx_hal_spi.o
 .debug_line    0x00014680     0x3812 ./Drivers/STM32F4xx_HAL_Driver/Src/stm32f4xx_hal_tim.o
 .debug_line    0x00017e92     0x19f5 ./Drivers/STM32F4xx_HAL_Driver/Src/stm32f4xx_hal_tim_ex.o

.debug_str      0x00000000    0xe1ba9
 .debug_str     0x00000000    0xe1ba9 ./Core/Src/main.o
                              0xd93e1 (size before relaxing)
 .debug_str     0x000e1ba9    0xd8728 ./Core/Src/stm32f4xx_hal_msp.o
 .debug_str     0x000e1ba9    0xd7817 ./Core/Src/stm32f4xx_it.o
 .debug_str     0x000e1ba9    0xd768b ./Core/Src/system_stm32f4xx.o
 .debug_str     0x000e1ba9    0xdc747 ./Core/Src/torch_balance.o
 .debug_str     0x000e1ba9    0xd861e ./Core/Src/torch_can.o
 .debug_str     0x000e1ba9    0xdc162 ./Core/Src/torch_diagnostic.o
 .debug_str     0x000e1ba9    0xd8773 ./Core/Src/torch_ltc6813.o
 .debug_str     0x000e1ba9    0xd8a64 ./Core/Src/torch_main.o
 .debug_str     0x000e1ba9    0xd81cf ./Core/Src/torch_stm32.o
 .debug_str     0x000e1ba9    0xdb59f ./Core/Src/torch_temperature.o
 .debug_str     0x000e1ba9    0xd7e3a ./Core/Src/torch_voltage.o
 .debug_str     0x000e1ba9       0x8b ./Core/Startup/startup_stm32f446rctx.o
 .debug_str     0x000e1ba9    0xd8250 ./Drivers/STM32F4xx_HAL_Driver/Src/stm32f4xx_hal.o
 .debug_str     0x000e1ba9    0xd7c53 ./Drivers/STM32F4xx_HAL_Driver/Src/stm32f4xx_hal_adc.o
 .debug_str     0x000e1ba9    0xd7d60 ./Drivers/STM32F4xx_HAL_Driver/Src/stm32f4xx_hal_can.o
 .debug_str     0x000e1ba9    0xd7fa7 ./Drivers/STM32F4xx_HAL_Driver/Src/stm32f4xx_hal_cortex.o
 .debug_str     0x000e1ba9    0xd7806 ./Drivers/STM32F4xx_HAL_Driver/Src/stm32f4xx_hal_gpio.o
 .debug_str     0x000e1ba9    0xd7ac4 ./Drivers/STM32F4xx_HAL_Driver/Src/stm32f4xx_hal_rcc.o
 .debug_str     0x000e1ba9    0xd7af7 ./Drivers/STM32F4xx_HAL_Driver/Src/stm32f4xx_hal_rcc_ex.o
 .debug_str     0x000e1ba9    0xd7f24 ./Drivers/STM32F4xx_HAL_Driver/Src/stm32f4xx_hal_spi.o
 .debug_str     0x000e1ba9    0xd89f0 ./Drivers/STM32F4xx_HAL_Driver/Src/stm32f4xx_hal_tim.o
 .debug_str     0x000e1ba9    0xd81fc ./Drivers/STM32F4xx_HAL_Driver/Src/stm32f4xx_hal_tim_ex.o

.comment        0x00000000       0x43
 .comment       0x00000000       0x43 ./Core/Src/main.o
                                 0x44 (size before relaxing)
 .comment       0x00000043       0x44 ./Core/Src/stm32f4xx_hal_msp.o
 .comment       0x00000043       0x44 ./Core/Src/stm32f4xx_it.o
 .comment       0x00000043       0x44 ./Core/Src/system_stm32f4xx.o
 .comment       0x00000043       0x44 ./Core/Src/torch_balance.o
 .comment       0x00000043       0x44 ./Core/Src/torch_can.o
 .comment       0x00000043       0x44 ./Core/Src/torch_diagnostic.o
 .comment       0x00000043       0x44 ./Core/Src/torch_ltc6813.o
 .comment       0x00000043       0x44 ./Core/Src/torch_main.o
 .comment       0x00000043       0x44 ./Core/Src/torch_stm32.o
 .comment       0x00000043       0x44 ./Core/Src/torch_temperature.o
 .comment       0x00000043       0x44 ./Core/Src/torch_voltage.o
 .comment       0x00000043       0x44 ./Drivers/STM32F4xx_HAL_Driver/Src/stm32f4xx_hal.o
 .comment       0x00000043       0x44 ./Drivers/STM32F4xx_HAL_Driver/Src/stm32f4xx_hal_adc.o
 .comment       0x00000043       0x44 ./Drivers/STM32F4xx_HAL_Driver/Src/stm32f4xx_hal_can.o
 .comment       0x00000043       0x44 ./Drivers/STM32F4xx_HAL_Driver/Src/stm32f4xx_hal_cortex.o
 .comment       0x00000043       0x44 ./Drivers/STM32F4xx_HAL_Driver/Src/stm32f4xx_hal_gpio.o
 .comment       0x00000043       0x44 ./Drivers/STM32F4xx_HAL_Driver/Src/stm32f4xx_hal_rcc.o
 .comment       0x00000043       0x44 ./Drivers/STM32F4xx_HAL_Driver/Src/stm32f4xx_hal_rcc_ex.o
 .comment       0x00000043       0x44 ./Drivers/STM32F4xx_HAL_Driver/Src/stm32f4xx_hal_spi.o
 .comment       0x00000043       0x44 ./Drivers/STM32F4xx_HAL_Driver/Src/stm32f4xx_hal_tim.o
 .comment       0x00000043       0x44 ./Drivers/STM32F4xx_HAL_Driver/Src/stm32f4xx_hal_tim_ex.o

.debug_frame    0x00000000     0x5098
 .debug_frame   0x00000000      0x174 ./Core/Src/main.o
 .debug_frame   0x00000174      0x160 ./Core/Src/stm32f4xx_hal_msp.o
 .debug_frame   0x000002d4      0x13c ./Core/Src/stm32f4xx_it.o
 .debug_frame   0x00000410       0x58 ./Core/Src/system_stm32f4xx.o
 .debug_frame   0x00000468      0x138 ./Core/Src/torch_balance.o
 .debug_frame   0x000005a0      0x154 ./Core/Src/torch_can.o
 .debug_frame   0x000006f4      0x1f0 ./Core/Src/torch_diagnostic.o
 .debug_frame   0x000008e4      0x704 ./Core/Src/torch_ltc6813.o
 .debug_frame   0x00000fe8       0x38 ./Core/Src/torch_main.o
 .debug_frame   0x00001020      0x25c ./Core/Src/torch_stm32.o
 .debug_frame   0x0000127c       0xf4 ./Core/Src/torch_temperature.o
 .debug_frame   0x00001370       0x38 ./Core/Src/torch_voltage.o
 .debug_frame   0x000013a8      0x374 ./Drivers/STM32F4xx_HAL_Driver/Src/stm32f4xx_hal.o
 .debug_frame   0x0000171c      0x3fc ./Drivers/STM32F4xx_HAL_Driver/Src/stm32f4xx_hal_adc.o
 .debug_frame   0x00001b18      0x5a0 ./Drivers/STM32F4xx_HAL_Driver/Src/stm32f4xx_hal_can.o
 .debug_frame   0x000020b8      0x508 ./Drivers/STM32F4xx_HAL_Driver/Src/stm32f4xx_hal_cortex.o
 .debug_frame   0x000025c0      0x14c ./Drivers/STM32F4xx_HAL_Driver/Src/stm32f4xx_hal_gpio.o
 .debug_frame   0x0000270c      0x1f4 ./Drivers/STM32F4xx_HAL_Driver/Src/stm32f4xx_hal_rcc.o
 .debug_frame   0x00002900      0x1e8 ./Drivers/STM32F4xx_HAL_Driver/Src/stm32f4xx_hal_rcc_ex.o
 .debug_frame   0x00002ae8      0x828 ./Drivers/STM32F4xx_HAL_Driver/Src/stm32f4xx_hal_spi.o
 .debug_frame   0x00003310     0x11c0 ./Drivers/STM32F4xx_HAL_Driver/Src/stm32f4xx_hal_tim.o
 .debug_frame   0x000044d0      0x638 ./Drivers/STM32F4xx_HAL_Driver/Src/stm32f4xx_hal_tim_ex.o
 .debug_frame   0x00004b08      0x144 C:/ST/STM32CubeIDE_1.15.1/STM32CubeIDE/plugins/com.st.stm32cube.ide.mcu.externaltools.gnu-tools-for-stm32.13.3.rel1.win32_1.0.0.202411081344/tools/bin/../lib/gcc/arm-none-eabi/13.3.1/../../../../arm-none-eabi/lib/thumb/v7e-m+fp/hard\libc_nano.a(libc_a-findfp.o)
 .debug_frame   0x00004c4c       0x20 C:/ST/STM32CubeIDE_1.15.1/STM32CubeIDE/plugins/com.st.stm32cube.ide.mcu.externaltools.gnu-tools-for-stm32.13.3.rel1.win32_1.0.0.202411081344/tools/bin/../lib/gcc/arm-none-eabi/13.3.1/../../../../arm-none-eabi/lib/thumb/v7e-m+fp/hard\libc_nano.a(libc_a-memset.o)
 .debug_frame   0x00004c6c       0x20 C:/ST/STM32CubeIDE_1.15.1/STM32CubeIDE/plugins/com.st.stm32cube.ide.mcu.externaltools.gnu-tools-for-stm32.13.3.rel1.win32_1.0.0.202411081344/tools/bin/../lib/gcc/arm-none-eabi/13.3.1/../../../../arm-none-eabi/lib/thumb/v7e-m+fp/hard\libc_nano.a(libc_a-errno.o)
 .debug_frame   0x00004c8c       0x2c C:/ST/STM32CubeIDE_1.15.1/STM32CubeIDE/plugins/com.st.stm32cube.ide.mcu.externaltools.gnu-tools-for-stm32.13.3.rel1.win32_1.0.0.202411081344/tools/bin/../lib/gcc/arm-none-eabi/13.3.1/../../../../arm-none-eabi/lib/thumb/v7e-m+fp/hard\libc_nano.a(libc_a-init.o)
 .debug_frame   0x00004cb8       0x48 C:/ST/STM32CubeIDE_1.15.1/STM32CubeIDE/plugins/com.st.stm32cube.ide.mcu.externaltools.gnu-tools-for-stm32.13.3.rel1.win32_1.0.0.202411081344/tools/bin/../lib/gcc/arm-none-eabi/13.3.1/../../../../arm-none-eabi/lib/thumb/v7e-m+fp/hard\libm.a(libm_a-wf_log.o)
 .debug_frame   0x00004d00       0x48 C:/ST/STM32CubeIDE_1.15.1/STM32CubeIDE/plugins/com.st.stm32cube.ide.mcu.externaltools.gnu-tools-for-stm32.13.3.rel1.win32_1.0.0.202411081344/tools/bin/../lib/gcc/arm-none-eabi/13.3.1/../../../../arm-none-eabi/lib/thumb/v7e-m+fp/hard\libm.a(libm_a-wf_pow.o)
 .debug_frame   0x00004d48       0x20 C:/ST/STM32CubeIDE_1.15.1/STM32CubeIDE/plugins/com.st.stm32cube.ide.mcu.externaltools.gnu-tools-for-stm32.13.3.rel1.win32_1.0.0.202411081344/tools/bin/../lib/gcc/arm-none-eabi/13.3.1/../../../../arm-none-eabi/lib/thumb/v7e-m+fp/hard\libm.a(libm_a-sf_finite.o)